Component: ARM Compiler 5.06 update 7 (build 960) Tool: armlink [4d3601]

==============================================================================

Section Cross References

    startup.o(STACK) refers (Special) to heapauxi.o(.text) for __use_two_region_memory
    startup.o(HEAP) refers (Special) to heapauxi.o(.text) for __use_two_region_memory
    startup.o(RESET) refers (Special) to heapauxi.o(.text) for __use_two_region_memory
    startup.o(RESET) refers to startup.o(STACK) for StackMem
    startup.o(RESET) refers to controls.o(i.Timer0A_Handler) for Timer0A_Handler
    startup.o(RESET) refers to game.o(i.Timer1A_Handler) for Timer1A_Handler
    startup.o(RESET) refers to game.o(i.Timer2A_Handler) for Timer2A_Handler
    startup.o(RESET) refers to uart.o(i.UART7_Handler) for UART7_Handler
    startup.o(RESET) refers to __main.o(!!!main) for __main
    startup.o(.text) refers (Special) to heapauxi.o(.text) for __use_two_region_memory
    startup.o(.text) refers to startup.o(HEAP) for HeapMem
    startup.o(.text) refers to startup.o(STACK) for StackMem
    adctestmain.o(i.OutCRLF) refers to uart.o(i.UART_OutChar) for UART_OutChar
    adctestmain.o(i.Output_Clear) refers to adctestmain.o(i.ST7735_FillScreen) for ST7735_FillScreen
    adctestmain.o(i.Output_Color) refers to adctestmain.o(i.ST7735_SetTextColor) for ST7735_SetTextColor
    adctestmain.o(i.Output_Init) refers to adctestmain.o(i.ST7735_InitR) for ST7735_InitR
    adctestmain.o(i.Output_Init) refers to adctestmain.o(i.ST7735_FillScreen) for ST7735_FillScreen
    adctestmain.o(i.Output_Off) refers to adctestmain.o(i.Output_Clear) for Output_Clear
    adctestmain.o(i.Output_On) refers to adctestmain.o(i.Output_Init) for Output_Init
    adctestmain.o(i.ST7735_DrawBitmap) refers to adctestmain.o(i.setAddrWindow) for setAddrWindow
    adctestmain.o(i.ST7735_DrawBitmap) refers to adctestmain.o(i.writedata) for writedata
    adctestmain.o(i.ST7735_DrawBitmap) refers to adctestmain.o(i.deselect) for deselect
    adctestmain.o(i.ST7735_DrawBitmap) refers to adctestmain.o(.data) for _width
    adctestmain.o(i.ST7735_DrawChar) refers to adctestmain.o(i.setAddrWindow) for setAddrWindow
    adctestmain.o(i.ST7735_DrawChar) refers to adctestmain.o(i.pushColor) for pushColor
    adctestmain.o(i.ST7735_DrawChar) refers to adctestmain.o(i.deselect) for deselect
    adctestmain.o(i.ST7735_DrawChar) refers to adctestmain.o(.data) for _width
    adctestmain.o(i.ST7735_DrawChar) refers to adctestmain.o(.constdata) for Font
    adctestmain.o(i.ST7735_DrawCharS) refers to adctestmain.o(i.ST7735_DrawPixel) for ST7735_DrawPixel
    adctestmain.o(i.ST7735_DrawCharS) refers to adctestmain.o(i.ST7735_FillRect) for ST7735_FillRect
    adctestmain.o(i.ST7735_DrawCharS) refers to adctestmain.o(.data) for _width
    adctestmain.o(i.ST7735_DrawCharS) refers to adctestmain.o(.constdata) for Font
    adctestmain.o(i.ST7735_DrawCircle) refers to adctestmain.o(i.setAddrWindow) for setAddrWindow
    adctestmain.o(i.ST7735_DrawCircle) refers to adctestmain.o(i.writedata) for writedata
    adctestmain.o(i.ST7735_DrawCircle) refers to adctestmain.o(i.deselect) for deselect
    adctestmain.o(i.ST7735_DrawCircle) refers to adctestmain.o(.data) for _width
    adctestmain.o(i.ST7735_DrawCircle) refers to adctestmain.o(.constdata) for circle
    adctestmain.o(i.ST7735_DrawFastHLine) refers to adctestmain.o(i.setAddrWindow) for setAddrWindow
    adctestmain.o(i.ST7735_DrawFastHLine) refers to adctestmain.o(i.writedata) for writedata
    adctestmain.o(i.ST7735_DrawFastHLine) refers to adctestmain.o(i.deselect) for deselect
    adctestmain.o(i.ST7735_DrawFastHLine) refers to adctestmain.o(.data) for _width
    adctestmain.o(i.ST7735_DrawFastVLine) refers to adctestmain.o(i.setAddrWindow) for setAddrWindow
    adctestmain.o(i.ST7735_DrawFastVLine) refers to adctestmain.o(i.writedata) for writedata
    adctestmain.o(i.ST7735_DrawFastVLine) refers to adctestmain.o(i.deselect) for deselect
    adctestmain.o(i.ST7735_DrawFastVLine) refers to adctestmain.o(.data) for _width
    adctestmain.o(i.ST7735_DrawPixel) refers to adctestmain.o(i.setAddrWindow) for setAddrWindow
    adctestmain.o(i.ST7735_DrawPixel) refers to adctestmain.o(i.pushColor) for pushColor
    adctestmain.o(i.ST7735_DrawPixel) refers to adctestmain.o(i.deselect) for deselect
    adctestmain.o(i.ST7735_DrawPixel) refers to adctestmain.o(.data) for _width
    adctestmain.o(i.ST7735_DrawSmallCircle) refers to adctestmain.o(i.setAddrWindow) for setAddrWindow
    adctestmain.o(i.ST7735_DrawSmallCircle) refers to adctestmain.o(i.writedata) for writedata
    adctestmain.o(i.ST7735_DrawSmallCircle) refers to adctestmain.o(i.deselect) for deselect
    adctestmain.o(i.ST7735_DrawSmallCircle) refers to adctestmain.o(.data) for _width
    adctestmain.o(i.ST7735_DrawSmallCircle) refers to adctestmain.o(.constdata) for smallCircle
[...]
    adctestmain.o(i.ST7735_OutUDec4) refers to adctestmain.o(i.fillmessage4) for fillmessage4
    adctestmain.o(i.ST7735_OutUDec4) refers to adctestmain.o(i.ST7735_DrawString) for ST7735_DrawString
    adctestmain.o(i.ST7735_OutUDec4) refers to adctestmain.o(i.ST7735_DrawCharS) for ST7735_DrawCharS
    adctestmain.o(i.ST7735_OutUDec4) refers to adctestmain.o(.data) for Messageindex
    adctestmain.o(i.ST7735_OutUDec4) refers to adctestmain.o(.bss) for Message
    adctestmain.o(i.ST7735_OutUDec5) refers to adctestmain.o(i.fillmessage5) for fillmessage5
    adctestmain.o(i.ST7735_OutUDec5) refers to adctestmain.o(i.ST7735_DrawString) for ST7735_DrawString
    adctestmain.o(i.ST7735_OutUDec5) refers to adctestmain.o(i.ST7735_DrawCharS) for ST7735_DrawCharS
    adctestmain.o(i.ST7735_OutUDec5) refers to adctestmain.o(.data) for Messageindex
    adctestmain.o(i.ST7735_OutUDec5) refers to adctestmain.o(.bss) for Message
    adctestmain.o(i.ST7735_PlotBar) refers to adctestmain.o(i.ST7735_DrawFastVLine) for ST7735_DrawFastVLine
    adctestmain.o(i.ST7735_PlotBar) refers to adctestmain.o(.data) for Ymin
    adctestmain.o(i.ST7735_PlotClear) refers to adctestmain.o(i.ST7735_Color565) for ST7735_Color565
    adctestmain.o(i.ST7735_PlotClear) refers to adctestmain.o(i.ST7735_FillRect) for ST7735_FillRect
    adctestmain.o(i.ST7735_PlotClear) refers to adctestmain.o(.data) for Ymax
    adctestmain.o(i.ST7735_PlotLine) refers to adctestmain.o(i.ST7735_DrawPixel) for ST7735_DrawPixel
    adctestmain.o(i.ST7735_PlotLine) refers to adctestmain.o(.data) for Ymin
    adctestmain.o(i.ST7735_PlotNext) refers to adctestmain.o(.data) for X
    adctestmain.o(i.ST7735_PlotNextErase) refers to adctestmain.o(i.ST7735_Color565) for ST7735_Color565
    adctestmain.o(i.ST7735_PlotNextErase) refers to adctestmain.o(i.ST7735_DrawFastVLine) for ST7735_DrawFastVLine
    adctestmain.o(i.ST7735_PlotNextErase) refers to adctestmain.o(.data) for X
    adctestmain.o(i.ST7735_PlotPoint) refers to adctestmain.o(i.ST7735_DrawPixel) for ST7735_DrawPixel
    adctestmain.o(i.ST7735_PlotPoint) refers to adctestmain.o(.data) for Ymin
    adctestmain.o(i.ST7735_PlotPoints) refers to adctestmain.o(i.ST7735_DrawPixel) for ST7735_DrawPixel
    adctestmain.o(i.ST7735_PlotPoints) refers to adctestmain.o(.data) for Ymin
    adctestmain.o(i.ST7735_PlotdBfs) refers to adctestmain.o(i.ST7735_DrawFastVLine) for ST7735_DrawFastVLine
    adctestmain.o(i.ST7735_PlotdBfs) refers to adctestmain.o(.constdata) for dBfs
    adctestmain.o(i.ST7735_PlotdBfs) refers to adctestmain.o(.data) for X
    adctestmain.o(i.ST7735_SetCursor) refers to adctestmain.o(.data) for StX
    adctestmain.o(i.ST7735_SetRotation) refers to adctestmain.o(i.writecommand) for writecommand
    adctestmain.o(i.ST7735_SetRotation) refers to adctestmain.o(i.writedata) for writedata
    adctestmain.o(i.ST7735_SetRotation) refers to adctestmain.o(i.deselect) for deselect
    adctestmain.o(i.ST7735_SetRotation) refers to adctestmain.o(.data) for Rotation
    adctestmain.o(i.ST7735_SetTextColor) refers to adctestmain.o(.data) for StTextColor
    adctestmain.o(i.ST7735_SetX) refers to adctestmain.o(.data) for X
    adctestmain.o(i.ST7735_XYplot) refers to adctestmain.o(i.ST7735_DrawPixel) for ST7735_DrawPixel
    adctestmain.o(i.ST7735_XYplot) refers to adctestmain.o(.data) for Xmin
    adctestmain.o(i.ST7735_XYplotInit) refers to adctestmain.o(i.Output_Clear) for Output_Clear
    adctestmain.o(i.ST7735_XYplotInit) refers to adctestmain.o(i.ST7735_DrawString) for ST7735_DrawString
    adctestmain.o(i.ST7735_XYplotInit) refers to adctestmain.o(i.ST7735_PlotClear) for ST7735_PlotClear
    adctestmain.o(i.ST7735_XYplotInit) refers to adctestmain.o(.data) for Xmax
    adctestmain.o(i.ST7735_sDecOut2) refers to adctestmain.o(i.ST7735_OutString) for ST7735_OutString
    adctestmain.o(i.ST7735_sDecOut2) refers to adctestmain.o(i.ST7735_OutUDec) for ST7735_OutUDec
    adctestmain.o(i.ST7735_uBinOut6) refers to adctestmain.o(i.ST7735_OutString) for ST7735_OutString
    adctestmain.o(i.ST7735_uBinOut6) refers to adctestmain.o(i.ST7735_OutUDec) for ST7735_OutUDec
    adctestmain.o(i.commandList) refers to adctestmain.o(i.writecommand) for writecommand
    adctestmain.o(i.commandList) refers to adctestmain.o(i.writedata) for writedata
    adctestmain.o(i.commandList) refers to adctestmain.o(i.Delay1ms) for Delay1ms
    adctestmain.o(i.commonInit) refers to adctestmain.o(i.Delay1ms) for Delay1ms
    adctestmain.o(i.commonInit) refers to adctestmain.o(i.commandList) for commandList
    adctestmain.o(i.commonInit) refers to adctestmain.o(.data) for RowStart
    adctestmain.o(i.fillmessage) refers to adctestmain.o(.bss) for Message
    adctestmain.o(i.fillmessage) refers to adctestmain.o(.data) for Messageindex
    adctestmain.o(i.fillmessage4) refers to adctestmain.o(i.fillmessage) for fillmessage
    adctestmain.o(i.fillmessage4) refers to adctestmain.o(.data) for Messageindex
    adctestmain.o(i.fillmessage4) refers to adctestmain.o(.bss) for Message
    adctestmain.o(i.fillmessage5) refers to adctestmain.o(i.fillmessage) for fillmessage
    adctestmain.o(i.fillmessage5) refers to adctestmain.o(.data) for Messageindex
    adctestmain.o(i.fillmessage5) refers to adctestmain.o(.bss) for Message
    adctestmain.o(i.fputc) refers to adctestmain.o(i.ST7735_OutChar) for ST7735_OutChar
    adctestmain.o(i.main) refers to startup.o(.text) for DisableInterrupts
    adctestmain.o(i.main) refers to pll.o(i.PLL_Init) for PLL_Init
    adctestmain.o(i.main) refers to ports.o(i.Unified_Port_Init) for Unified_Port_Init
    adctestmain.o(i.main) refers to adctestmain.o(i.ST7735_InitR) for ST7735_InitR
    adctestmain.o(i.main) refers to uart.o(i.UART_Init) for UART_Init
    adctestmain.o(i.main) refers to ports.o(i.Timer2A_Init) for Timer2A_Init
    adctestmain.o(i.main) refers to adctestmain.o(i.ST7735_FillScreen) for ST7735_FillScreen
    adctestmain.o(i.plotLineX) refers to adctestmain.o(i.ST7735_DrawPixel) for ST7735_DrawPixel
    adctestmain.o(i.plotLineY) refers to adctestmain.o(i.ST7735_DrawPixel) for ST7735_DrawPixel
    adctestmain.o(i.pushColor) refers to adctestmain.o(i.writedata) for writedata
    adctestmain.o(i.setAddrWindow) refers to adctestmain.o(i.writecommand) for writecommand
    adctestmain.o(i.setAddrWindow) refers to adctestmain.o(i.writedata) for writedata
    adctestmain.o(i.setAddrWindow) refers to adctestmain.o(.data) for ColStart
    adcswtrigger.o(i.ADC0_InSeq2) refers to adcswtrigger.o(.data) for UserTask2
    adcswtrigger.o(i.ADC0_InitSWTriggerSeq2) refers to adcswtrigger.o(.data) for UserTask2
    launchpad.o(i.LaunchPad_WaitForRelease) refers to launchpad.o(i.DelayMs) for DelayMs
    launchpad.o(i.LaunchPad_WaitForTouch) refers to launchpad.o(i.DelayMs) for DelayMs
    controls.o(i.GPIOPortC) refers to ports.o(i.Timer0A_Init) for Timer0A_Init
    controls.o(i.Timer0A_Handler) refers to controls.o(i.rearmButtonsC) for rearmButtonsC
    ports.o(i.Unified_Port_Init) refers to ports.o(i.Port_A_Init) for Port_A_Init
    ports.o(i.Unified_Port_Init) refers to ports.o(i.Port_B_Init) for Port_B_Init
    ports.o(i.Unified_Port_Init) refers to ports.o(i.Port_C_Init) for Port_C_Init
    ports.o(i.Unified_Port_Init) refers to ports.o(i.Port_D_Init) for Port_D_Init
    ports.o(i.Unified_Port_Init) refers to ports.o(i.Port_E_Init) for Port_E_Init
    ports.o(i.Unified_Port_Init) refers to ports.o(i.Port_F_Init) for Port_F_Init
    uart.o(i.RxFifo_Get) refers to uart.o(.data) for RxPutI
    uart.o(i.RxFifo_Get) refers to uart.o(.bss) for RxFifo
    uart.o(i.RxFifo_Init) refers to startup.o(.text) for StartCritical
    uart.o(i.RxFifo_Init) refers to uart.o(.data) for RxGetI
    uart.o(i.RxFifo_Put) refers to uart.o(.data) for RxPutI
    uart.o(i.RxFifo_Put) refers to uart.o(.bss) for RxFifo
    uart.o(i.RxFifo_Size) refers to uart.o(.data) for RxPutI
    uart.o(i.TxFifo_Get) refers to uart.o(.data) for TxPutI
    uart.o(i.TxFifo_Get) refers to uart.o(.bss) for TxFifo
    uart.o(i.TxFifo_Init) refers to startup.o(.text) for StartCritical
    uart.o(i.TxFifo_Init) refers to uart.o(.data) for TxGetI
    uart.o(i.TxFifo_Put) refers to uart.o(.data) for TxPutI
    uart.o(i.TxFifo_Put) refers to uart.o(.bss) for TxFifo
    uart.o(i.TxFifo_Size) refers to uart.o(.data) for TxPutI
    uart.o(i.UART7_Handler) refers to uart.o(i.copySoftwareToHardware) for copySoftwareToHardware
    uart.o(i.UART7_Handler) refers to uart.o(i.TxFifo_Size) for TxFifo_Size
    uart.o(i.UART7_Handler) refers to uart.o(i.copyHardwareToSoftware) for copyHardwareToSoftware
    uart.o(i.UART_InChar) refers to uart.o(i.RxFifo_Get) for RxFifo_Get
    uart.o(i.UART_InCharNonBlock) refers to uart.o(i.RxFifo_Get) for RxFifo_Get
    uart.o(i.UART_InString) refers to uart.o(i.UART_InChar) for UART_InChar
    uart.o(i.UART_InString) refers to uart.o(i.UART_OutChar) for UART_OutChar
    uart.o(i.UART_InUDec) refers to uart.o(i.UART_InChar) for UART_InChar
    uart.o(i.UART_InUDec) refers to uart.o(i.UART_OutChar) for UART_OutChar
    uart.o(i.UART_InUHex) refers to uart.o(i.UART_InChar) for UART_InChar
    uart.o(i.UART_InUHex) refers to uart.o(i.UART_OutChar) for UART_OutChar
    uart.o(i.UART_Init) refers to uart.o(i.RxFifo_Init) for RxFifo_Init
    uart.o(i.UART_Init) refers to uart.o(i.TxFifo_Init) for TxFifo_Init
    uart.o(i.UART_OutChar) refers to uart.o(i.TxFifo_Put) for TxFifo_Put
    uart.o(i.UART_OutChar) refers to uart.o(i.copySoftwareToHardware) for copySoftwareToHardware
    uart.o(i.UART_OutString) refers to uart.o(i.UART_OutChar) for UART_OutChar
    uart.o(i.UART_OutUDec) refers to uart.o(i.UART_OutChar) for UART_OutChar
    uart.o(i.UART_OutUHex) refers to uart.o(i.UART_OutChar) for UART_OutChar
    uart.o(i.copyHardwareToSoftware) refers to uart.o(i.RxFifo_Put) for RxFifo_Put
    uart.o(i.copyHardwareToSoftware) refers to uart.o(i.RxFifo_Size) for RxFifo_Size
    uart.o(i.copySoftwareToHardware) refers to uart.o(i.TxFifo_Get) for TxFifo_Get
    uart.o(i.copySoftwareToHardware) refers to uart.o(i.TxFifo_Size) for TxFifo_Size
    game.o(i.Timer1A_Handler) refers to adctestmain.o(i.ST7735_DrawCircle) for ST7735_DrawCircle
    game.o(i.Timer1A_Handler) refers to game.o(i.transmit_puck_info) for transmit_puck_info
    game.o(i.Timer1A_Handler) refers to game.o(i.current_game_state) for current_game_state
    game.o(i.Timer1A_Handler) refers to game.o(.data) for current_game
    game.o(i.Timer2A_Handler) refers to game.o(i.receive_puck_info) for receive_puck_info
    game.o(i.current_game_state) refers to adctestmain.o(i.ST7735_FillScreen) for ST7735_FillScreen
    game.o(i.receive_puck_info) refers to uart.o(i.UART_InUDec) for UART_InUDec
    game.o(i.receive_puck_info) refers to adctestmain.o(i.ST7735_OutUDec) for ST7735_OutUDec
    game.o(i.receive_puck_info) refers to game.o(.data) for current_game
    game.o(i.transmit_puck_info) refers to uart.o(i.UART_OutUDec) for UART_OutUDec
    game.o(i.transmit_puck_info) refers to game.o(.data) for current_game
    __main.o(!!!main) refers to __rtentry.o(.ARM.Collect$$rtentry$$00000000) for __rt_entry
    __rtentry.o(.ARM.Collect$$rtentry$$00000000) refers (Special) to __rtentry2.o(.ARM.Collect$$rtentry$$0000000A) for __rt_entry_li
    __rtentry.o(.ARM.Collect$$rtentry$$00000000) refers (Special) to __rtentry2.o(.ARM.Collect$$rtentry$$0000000D) for __rt_entry_main
    __rtentry.o(.ARM.Collect$$rtentry$$00000000) refers (Special) to __rtentry2.o(.ARM.Collect$$rtentry$$0000000C) for __rt_entry_postli_1
    __rtentry.o(.ARM.Collect$$rtentry$$00000000) refers (Special) to __rtentry2.o(.ARM.Collect$$rtentry$$00000009) for __rt_entry_postsh_1
    __rtentry.o(.ARM.Collect$$rtentry$$00000000) refers (Special) to __rtentry2.o(.ARM.Collect$$rtentry$$00000002) for __rt_entry_presh_1
    __rtentry.o(.ARM.Collect$$rtentry$$00000000) refers (Special) to __rtentry4.o(.ARM.Collect$$rtentry$$00000004) for __rt_entry_sh
    __rtentry2.o(.ARM.Collect$$rtentry$$00000008) refers to boardinit2.o(.text) for _platform_post_stackheap_init
    __rtentry2.o(.ARM.Collect$$rtentry$$0000000A) refers to libinit.o(.ARM.Collect$$libinit$$00000000) for __rt_lib_init
    __rtentry2.o(.ARM.Collect$$rtentry$$0000000B) refers to boardinit3.o(.text) for _platform_post_lib_init
    __rtentry2.o(.ARM.Collect$$rtentry$$0000000D) refers to adctestmain.o(i.main) for main
    __rtentry2.o(.ARM.Collect$$rtentry$$0000000D) refers to exit.o(.text) for exit
    __rtentry2.o(.ARM.exidx) refers to __rtentry2.o(.ARM.Collect$$rtentry$$00000001) for .ARM.Collect$$rtentry$$00000001
    __rtentry2.o(.ARM.exidx) refers to __rtentry2.o(.ARM.Collect$$rtentry$$00000008) for .ARM.Collect$$rtentry$$00000008
    __rtentry2.o(.ARM.exidx) refers to __rtentry2.o(.ARM.Collect$$rtentry$$0000000A) for .ARM.Collect$$rtentry$$0000000A
    __rtentry2.o(.ARM.exidx) refers to __rtentry2.o(.ARM.Collect$$rtentry$$0000000B) for .ARM.Collect$$rtentry$$0000000B
    __rtentry2.o(.ARM.exidx) refers to __rtentry2.o(.ARM.Collect$$rtentry$$0000000D) for .ARM.Collect$$rtentry$$0000000D
    __rtentry4.o(.ARM.Collect$$rtentry$$00000004) refers to sys_stackheap_outer.o(.text) for __user_setup_stackheap
    __rtentry4.o(.ARM.exidx) refers to __rtentry4.o(.ARM.Collect$$rtentry$$00000004) for .ARM.Collect$$rtentry$$00000004
    sys_stackheap_outer.o(.text) refers to libspace.o(.text) for __user_perproc_libspace
    sys_stackheap_outer.o(.text) refers to startup.o(.text) for __user_initial_stackheap
    exit.o(.text) refers to rtexit.o(.ARM.Collect$$rtexit$$00000000) for __rt_exit
    libinit.o(.ARM.Collect$$libinit$$00000000) refers (Special) to libinit2.o(.ARM.Collect$$libinit$$0000002E) for __rt_lib_init_alloca_1
    libinit.o(.ARM.Collect$$libinit$$00000000) refers (Special) to libinit2.o(.ARM.Collect$$libinit$$0000002C) for __rt_lib_init_argv_1
    libinit.o(.ARM.Collect$$libinit$$00000000) refers (Special) to libinit2.o(.ARM.Collect$$libinit$$0000001B) for __rt_lib_init_atexit_1
    libinit.o(.ARM.Collect$$libinit$$00000000) refers (Special) to libinit2.o(.ARM.Collect$$libinit$$00000021) for __rt_lib_init_clock_1
    libinit.o(.ARM.Collect$$libinit$$00000000) refers (Special) to libinit2.o(.ARM.Collect$$libinit$$00000032) for __rt_lib_init_cpp_1
    libinit.o(.ARM.Collect$$libinit$$00000000) refers (Special) to libinit2.o(.ARM.Collect$$libinit$$00000030) for __rt_lib_init_exceptions_1
    libinit.o(.ARM.Collect$$libinit$$00000000) refers (Special) to libinit2.o(.ARM.Collect$$libinit$$00000002) for __rt_lib_init_fp_1
    libinit.o(.ARM.Collect$$libinit$$00000000) refers (Special) to libinit2.o(.ARM.Collect$$libinit$$0000001F) for __rt_lib_init_fp_trap_1
    libinit.o(.ARM.Collect$$libinit$$00000000) refers (Special) to libinit2.o(.ARM.Collect$$libinit$$00000023) for __rt_lib_init_getenv_1
    libinit.o(.ARM.Collect$$libinit$$00000000) refers (Special) to libinit2.o(.ARM.Collect$$libinit$$0000000A) for __rt_lib_init_heap_1
    libinit.o(.ARM.Collect$$libinit$$00000000) refers (Special) to libinit2.o(.ARM.Collect$$libinit$$00000011) for __rt_lib_init_lc_collate_1
    libinit.o(.ARM.Collect$$libinit$$00000000) refers (Special) to libinit2.o(.ARM.Collect$$libinit$$00000013) for __rt_lib_init_lc_ctype_1
    libinit.o(.ARM.Collect$$libinit$$00000000) refers (Special) to libinit2.o(.ARM.Collect$$libinit$$00000015) for __rt_lib_init_lc_monetary_1
    libinit.o(.ARM.Collect$$libinit$$00000000) refers (Special) to libinit2.o(.ARM.Collect$$libinit$$00000017) for __rt_lib_init_lc_numeric_1
    libinit.o(.ARM.Collect$$libinit$$00000000) refers (Special) to libinit2.o(.ARM.Collect$$libinit$$00000019) for __rt_lib_init_lc_time_1
    libinit.o(.ARM.Collect$$libinit$$00000000) refers (Special) to libinit2.o(.ARM.Collect$$libinit$$00000004) for __rt_lib_init_preinit_1
    libinit.o(.ARM.Collect$$libinit$$00000000) refers (Special) to libinit2.o(.ARM.Collect$$libinit$$0000000E) for __rt_lib_init_rand_1
    libinit.o(.ARM.Collect$$libinit$$00000000) refers (Special) to libinit2.o(.ARM.Collect$$libinit$$00000033) for __rt_lib_init_return
    libinit.o(.ARM.Collect$$libinit$$00000000) refers (Special) to libinit2.o(.ARM.Collect$$libinit$$0000001D) for __rt_lib_init_signal_1
    libinit.o(.ARM.Collect$$libinit$$00000000) refers (Special) to libinit2.o(.ARM.Collect$$libinit$$00000025) for __rt_lib_init_stdio_1
    libinit.o(.ARM.Collect$$libinit$$00000000) refers (Special) to libinit2.o(.ARM.Collect$$libinit$$0000000C) for __rt_lib_init_user_alloc_1
    libspace.o(.text) refers to libspace.o(.bss) for __libspace_start
    rtexit.o(.ARM.Collect$$rtexit$$00000000) refers (Special) to rtexit2.o(.ARM.Collect$$rtexit$$00000004) for __rt_exit_exit
    rtexit.o(.ARM.Collect$$rtexit$$00000000) refers (Special) to rtexit2.o(.ARM.Collect$$rtexit$$00000003) for __rt_exit_ls
    rtexit.o(.ARM.Collect$$rtexit$$00000000) refers (Special) to rtexit2.o(.ARM.Collect$$rtexit$$00000002) for __rt_exit_prels_1
    rtexit.o(.ARM.exidx) refers (Special) to rtexit2.o(.ARM.Collect$$rtexit$$00000004) for __rt_exit_exit
    rtexit.o(.ARM.exidx) refers (Special) to rtexit2.o(.ARM.Collect$$rtexit$$00000003) for __rt_exit_ls
    rtexit.o(.ARM.exidx) refers (Special) to rtexit2.o(.ARM.Collect$$rtexit$$00000002) for __rt_exit_prels_1
    rtexit.o(.ARM.exidx) refers to rtexit.o(.ARM.Collect$$rtexit$$00000000) for .ARM.Collect$$rtexit$$00000000
    libinit2.o(.ARM.Collect$$libinit$$00000010) refers to libinit2.o(.ARM.Collect$$libinit$$0000000F) for .ARM.Collect$$libinit$$0000000F
    libinit2.o(.ARM.Collect$$libinit$$00000012) refers to libinit2.o(.ARM.Collect$$libinit$$0000000F) for .ARM.Collect$$libinit$$0000000F
    libinit2.o(.ARM.Collect$$libinit$$00000014) refers to libinit2.o(.ARM.Collect$$libinit$$0000000F) for .ARM.Collect$$libinit$$0000000F
    libinit2.o(.ARM.Collect$$libinit$$00000016) refers to libinit2.o(.ARM.Collect$$libinit$$0000000F) for .ARM.Collect$$libinit$$0000000F
    libinit2.o(.ARM.Collect$$libinit$$00000018) refers to libinit2.o(.ARM.Collect$$libinit$$0000000F) for .ARM.Collect$$libinit$$0000000F
    libinit2.o(.ARM.Collect$$libinit$$00000026) refers to argv_veneer.o(.emb_text) for __ARM_argv_veneer
    libinit2.o(.ARM.Collect$$libinit$$00000027) refers to argv_veneer.o(.emb_text) for __ARM_argv_veneer
    rtexit2.o(.ARM.Collect$$rtexit$$00000003) refers to libshutdown.o(.ARM.Collect$$libshutdown$$00000000) for __rt_lib_shutdown
    rtexit2.o(.ARM.Collect$$rtexit$$00000004) refers to sys_exit.o(.text) for _sys_exit
    rtexit2.o(.ARM.exidx) refers to rtexit2.o(.ARM.Collect$$rtexit$$00000001) for .ARM.Collect$$rtexit$$00000001
    rtexit2.o(.ARM.exidx) refers to rtexit2.o(.ARM.Collect$$rtexit$$00000003) for .ARM.Collect$$rtexit$$00000003
    rtexit2.o(.ARM.exidx) refers to rtexit2.o(.ARM.Collect$$rtexit$$00000004) for .ARM.Collect$$rtexit$$00000004
    argv_veneer.o(.emb_text) refers to no_argv.o(.text) for __ARM_get_argv
    sys_exit.o(.text) refers (Special) to use_no_semi.o(.text) for __I$use$semihosting
    sys_exit.o(.text) refers (Special) to indicate_semi.o(.text) for __semihosting_library_function
    _get_argv_nomalloc.o(.text) refers (Special) to hrguard.o(.text) for __heap_region$guard
    _get_argv_nomalloc.o(.text) refers to defsig_rtmem_outer.o(.text) for __rt_SIGRTMEM
    _get_argv_nomalloc.o(.text) refers to sys_command.o(.text) for _sys_command_string
    libshutdown.o(.ARM.Collect$$libshutdown$$00000000) refers (Special) to libshutdown2.o(.ARM.Collect$$libshutdown$$00000004) for __rt_lib_shutdown_cpp_1
    libshutdown.o(.ARM.Collect$$libshutdown$$00000000) refers (Special) to libshutdown2.o(.ARM.Collect$$libshutdown$$00000002) for __rt_lib_shutdown_fini_1
    libshutdown.o(.ARM.Collect$$libshutdown$$00000000) refers (Special) to libshutdown2.o(.ARM.Collect$$libshutdown$$00000009) for __rt_lib_shutdown_fp_trap_1
    libshutdown.o(.ARM.Collect$$libshutdown$$00000000) refers (Special) to libshutdown2.o(.ARM.Collect$$libshutdown$$00000011) for __rt_lib_shutdown_heap_1
    libshutdown.o(.ARM.Collect$$libshutdown$$00000000) refers (Special) to libshutdown2.o(.ARM.Collect$$libshutdown$$00000012) for __rt_lib_shutdown_return
    libshutdown.o(.ARM.Collect$$libshutdown$$00000000) refers (Special) to libshutdown2.o(.ARM.Collect$$libshutdown$$0000000C) for __rt_lib_shutdown_signal_1
    libshutdown.o(.ARM.Collect$$libshutdown$$00000000) refers (Special) to libshutdown2.o(.ARM.Collect$$libshutdown$$00000006) for __rt_lib_shutdown_stdio_1
    libshutdown.o(.ARM.Collect$$libshutdown$$00000000) refers (Special) to libshutdown2.o(.ARM.Collect$$libshutdown$$0000000E) for __rt_lib_shutdown_user_alloc_1
    sys_command.o(.text) refers (Special) to use_no_semi.o(.text) for __I$use$semihosting
    sys_command.o(.text) refers (Special) to indicate_semi.o(.text) for __semihosting_library_function
    defsig_rtmem_outer.o(.text) refers to defsig_rtmem_inner.o(.text) for __rt_SIGRTMEM_inner
    defsig_rtmem_outer.o(.text) refers to defsig_exit.o(.text) for __sig_exit
    defsig_rtmem_formal.o(.text) refers to rt_raise.o(.text) for __rt_raise
    rt_raise.o(.text) refers to __raise.o(.text) for __raise
    rt_raise.o(.text) refers to sys_exit.o(.text) for _sys_exit
    defsig_exit.o(.text) refers to sys_exit.o(.text) for _sys_exit
    defsig_rtmem_inner.o(.text) refers to defsig_general.o(.text) for __default_signal_display
    __raise.o(.text) refers to defsig.o(CL$$defsig) for __default_signal_handler
    defsig_general.o(.text) refers to sys_wrch.o(.text) for _ttywrch
    sys_wrch.o(.text) refers (Special) to use_no_semi.o(.text) for __I$use$semihosting
    sys_wrch.o(.text) refers (Special) to indicate_semi.o(.text) for __semihosting_library_function
    defsig.o(CL$$defsig) refers to defsig_rtmem_inner.o(.text) for __rt_SIGRTMEM_inner
    defsig_abrt_inner.o(.text) refers to defsig_general.o(.text) for __default_signal_display
    defsig_fpe_inner.o(.text) refers to defsig_general.o(.text) for __default_signal_display
    defsig_rtred_inner.o(.text) refers to defsig_general.o(.text) for __default_signal_display
    defsig_stak_inner.o(.text) refers to defsig_general.o(.text) for __default_signal_display
    defsig_pvfn_inner.o(.text) refers to defsig_general.o(.text) for __default_signal_display
    defsig_cppl_inner.o(.text) refers to defsig_general.o(.text) for __default_signal_display
    defsig_segv_inner.o(.text) refers to defsig_general.o(.text) for __default_signal_display
    defsig_other.o(.text) refers to defsig_general.o(.text) for __default_signal_display


==============================================================================

Removing Unused input sections from the image.

    Removing adctestmain.o(i.OutCRLF), (16 bytes).
    Removing adctestmain.o(i.Output_Clear), (10 bytes).
    Removing adctestmain.o(i.Output_Color), (12 bytes).
    Removing adctestmain.o(i.Output_Init), (16 bytes).
    Removing adctestmain.o(i.Output_Off), (8 bytes).
    Removing adctestmain.o(i.Output_On), (8 bytes).
    Removing adctestmain.o(i.ST7735_Color565), (24 bytes).
    Removing adctestmain.o(i.ST7735_DrawBitmap), (292 bytes).
    Removing adctestmain.o(i.ST7735_DrawChar), (276 bytes).
    Removing adctestmain.o(i.ST7735_DrawFastHLine), (128 bytes).
    Removing adctestmain.o(i.ST7735_DrawFastVLine), (128 bytes).
    Removing adctestmain.o(i.ST7735_DrawSmallCircle), (172 bytes).
    Removing adctestmain.o(i.ST7735_InitB), (40 bytes).
    Removing adctestmain.o(i.ST7735_InvertDisplay), (26 bytes).
    Removing adctestmain.o(i.ST7735_Line), (126 bytes).
    Removing adctestmain.o(i.ST7735_OutChar), (212 bytes).
    Removing adctestmain.o(i.ST7735_OutString), (24 bytes).
    Removing adctestmain.o(i.ST7735_OutUDec4), (140 bytes).
    Removing adctestmain.o(i.ST7735_OutUDec5), (140 bytes).
    Removing adctestmain.o(i.ST7735_PlotBar), (88 bytes).
    Removing adctestmain.o(i.ST7735_PlotClear), (92 bytes).
    Removing adctestmain.o(i.ST7735_PlotLine), (264 bytes).
    Removing adctestmain.o(i.ST7735_PlotNext), (32 bytes).
    Removing adctestmain.o(i.ST7735_PlotNextErase), (64 bytes).
    Removing adctestmain.o(i.ST7735_PlotPoint), (152 bytes).
    Removing adctestmain.o(i.ST7735_PlotPoints), (172 bytes).
    Removing adctestmain.o(i.ST7735_PlotdBfs), (60 bytes).
    Removing adctestmain.o(i.ST7735_SetRotation), (216 bytes).
    Removing adctestmain.o(i.ST7735_SetTextColor), (12 bytes).
    Removing adctestmain.o(i.ST7735_SetX), (36 bytes).
    Removing adctestmain.o(i.ST7735_SwapColor), (18 bytes).
    Removing adctestmain.o(i.ST7735_XYplot), (172 bytes).
    Removing adctestmain.o(i.ST7735_XYplotInit), (92 bytes).
    Removing adctestmain.o(i.ST7735_sDecOut2), (304 bytes).
    Removing adctestmain.o(i.ST7735_uBinOut6), (228 bytes).
    Removing adctestmain.o(i.ferror), (8 bytes).
    Removing adctestmain.o(i.fgetc), (6 bytes).
    Removing adctestmain.o(i.fillmessage4), (100 bytes).
    Removing adctestmain.o(i.fillmessage5), (128 bytes).
    Removing adctestmain.o(i.fputc), (16 bytes).
    Removing adctestmain.o(i.plotLineX), (166 bytes).
    Removing adctestmain.o(i.plotLineY), (164 bytes).
    Removing adcswtrigger.o(i.ADC0_InSeq2), (80 bytes).
    Removing adcswtrigger.o(i.ADC0_InSeq3), (44 bytes).
    Removing adcswtrigger.o(i.ADC0_InSeq3_InternalTemperature), (64 bytes).
    Removing adcswtrigger.o(i.ADC0_InitSWTriggerSeq2), (224 bytes).
    Removing adcswtrigger.o(i.ADC0_InitSWTriggerSeq3), (1016 bytes).
    Removing adcswtrigger.o(i.ADC0_InitSWTriggerSeq3_Ch7), (248 bytes).
    Removing adcswtrigger.o(i.ADC0_InitSWTriggerSeq3_Ch9), (248 bytes).
    Removing adcswtrigger.o(i.ADC0_InitSWTriggerSeq3_InternalTemperature), (128 bytes).
    Removing adcswtrigger.o(i.ADC_In3210), (80 bytes).
    Removing adcswtrigger.o(i.ADC_In89), (56 bytes).
    Removing adcswtrigger.o(i.ADC_Init3210), (248 bytes).
    Removing adcswtrigger.o(i.ADC_Init89), (220 bytes).
    Removing adcswtrigger.o(.data), (4 bytes).
    Removing launchpad.o(i.DelayMs), (32 bytes).
    Removing launchpad.o(i.LaunchPad_Init), (92 bytes).
    Removing launchpad.o(i.LaunchPad_Input), (24 bytes).
    Removing launchpad.o(i.LaunchPad_Output), (12 bytes).
    Removing launchpad.o(i.LaunchPad_WaitForRelease), (56 bytes).
    Removing launchpad.o(i.LaunchPad_WaitForTouch), (32 bytes).
    Removing controls.o(i.GPIOPortC), (24 bytes).
    Removing controls.o(i.disarmButtonsC), (20 bytes).
    Removing controls.o(i.initButtons), (92 bytes).
    Removing ports.o(i.Timer0A_Init), (116 bytes).
    Removing ports.o(i.Timer1A_Init), (96 bytes).
    Removing ports.o(i.Timer3A_Init), (84 bytes).
    Removing uart.o(i.UART_InCharNonBlock), (20 bytes).
    Removing uart.o(i.UART_InString), (70 bytes).
    Removing uart.o(i.UART_InUHex), (108 bytes).
    Removing uart.o(i.UART_OutString), (24 bytes).
    Removing uart.o(i.UART_OutUHex), (52 bytes).
    Removing game.o(.constdata), (4 bytes).

73 unused section(s) (total 8006 bytes) removed from the image.

==============================================================================

Image Symbol Table

    Local Symbols

    Symbol Name                              Value     Ov Type        Size  Object(Section)

    RESET                                    0x00000000   Section      644  startup.o(RESET)
    ../clib/angel/boardlib.s                 0x00000000   Number         0  boardinit2.o ABSOLUTE
    ../clib/angel/boardlib.s                 0x00000000   Number         0  boardinit1.o ABSOLUTE
    ../clib/angel/boardlib.s                 0x00000000   Number         0  boardinit3.o ABSOLUTE
    ../clib/angel/boardlib.s                 0x00000000   Number         0  boardshut.o ABSOLUTE
    ../clib/angel/handlers.s                 0x00000000   Number         0  __scatter_copy.o ABSOLUTE
    ../clib/angel/handlers.s                 0x00000000   Number         0  __scatter_zi.o ABSOLUTE
    ../clib/angel/kernel.s                   0x00000000   Number         0  rtexit.o ABSOLUTE
    ../clib/angel/kernel.s                   0x00000000   Number         0  __rtentry.o ABSOLUTE
    ../clib/angel/kernel.s                   0x00000000   Number         0  __rtentry4.o ABSOLUTE
    ../clib/angel/kernel.s                   0x00000000   Number         0  __rtentry2.o ABSOLUTE
    ../clib/angel/kernel.s                   0x00000000   Number         0  rtexit2.o ABSOLUTE
    ../clib/angel/rt.s                       0x00000000   Number         0  rt_raise.o ABSOLUTE
    ../clib/angel/scatter.s                  0x00000000   Number         0  __scatter.o ABSOLUTE
    ../clib/angel/startup.s                  0x00000000   Number         0  __main.o ABSOLUTE
    ../clib/angel/sys.s                      0x00000000   Number         0  sys_stackheap_outer.o ABSOLUTE
    ../clib/angel/sys.s                      0x00000000   Number         0  indicate_semi.o ABSOLUTE
    ../clib/angel/sys.s                      0x00000000   Number         0  use_no_semi.o ABSOLUTE
    ../clib/angel/sys.s                      0x00000000   Number         0  libspace.o ABSOLUTE
    ../clib/angel/sysapp.c                   0x00000000   Number         0  sys_wrch.o ABSOLUTE
    ../clib/angel/sysapp.c                   0x00000000   Number         0  sys_command.o ABSOLUTE
    ../clib/angel/sysapp.c                   0x00000000   Number         0  sys_exit.o ABSOLUTE
    ../clib/armsys.c                         0x00000000   Number         0  no_argv.o ABSOLUTE
    ../clib/armsys.c                         0x00000000   Number         0  _get_argv_nomalloc.o ABSOLUTE
    ../clib/armsys.c                         0x00000000   Number         0  argv_veneer.o ABSOLUTE
    ../clib/armsys.c                         0x00000000   Number         0  argv_veneer.o ABSOLUTE
    ../clib/heapalloc.c                      0x00000000   Number         0  hrguard.o ABSOLUTE
    ../clib/heapaux.c                        0x00000000   Number         0  heapauxi.o ABSOLUTE
    ../clib/libinit.s                        0x00000000   Number         0  libinit.o ABSOLUTE
    ../clib/libinit.s                        0x00000000   Number         0  libshutdown2.o ABSOLUTE
    ../clib/libinit.s                        0x00000000   Number         0  libshutdown.o ABSOLUTE
    ../clib/libinit.s                        0x00000000   Number         0  libinit2.o ABSOLUTE
    ../clib/signal.c                         0x00000000   Number         0  defsig_rtred_inner.o ABSOLUTE
    ../clib/signal.c                         0x00000000   Number         0  defsig_segv_inner.o ABSOLUTE
    ../clib/signal.c                         0x00000000   Number         0  defsig_abrt_inner.o ABSOLUTE
    ../clib/signal.c                         0x00000000   Number         0  defsig_general.o ABSOLUTE
    ../clib/signal.c                         0x00000000   Number         0  __raise.o ABSOLUTE
    ../clib/signal.c                         0x00000000   Number         0  defsig_rtmem_inner.o ABSOLUTE
    ../clib/signal.c                         0x00000000   Number         0  defsig_fpe_inner.o ABSOLUTE
    ../clib/signal.c                         0x00000000   Number         0  defsig_other.o ABSOLUTE
    ../clib/signal.c                         0x00000000   Number         0  defsig_cppl_inner.o ABSOLUTE
    ../clib/signal.c                         0x00000000   Number         0  defsig_exit.o ABSOLUTE
    ../clib/signal.c                         0x00000000   Number         0  defsig_rtmem_formal.o ABSOLUTE
    ../clib/signal.c                         0x00000000   Number         0  defsig_rtmem_outer.o ABSOLUTE
    ../clib/signal.c                         0x00000000   Number         0  defsig_pvfn_inner.o ABSOLUTE
    ../clib/signal.c                         0x00000000   Number         0  defsig_stak_inner.o ABSOLUTE
    ../clib/signal.s                         0x00000000   Number         0  defsig.o ABSOLUTE
    ../clib/stdlib.c                         0x00000000   Number         0  exit.o ABSOLUTE
    ../fplib/fpinit.s                        0x00000000   Number         0  fpinit.o ABSOLUTE
    ..\inc\ADCSWTrigger.c                    0x00000000   Number         0  adcswtrigger.o ABSOLUTE
    ..\inc\LaunchPad.c                       0x00000000   Number         0  launchpad.o ABSOLUTE
    ..\inc\PLL.c                             0x00000000   Number         0  pll.o ABSOLUTE
    ADCTestMain.c                            0x00000000   Number         0  adctestmain.o ABSOLUTE
    UART.c                                   0x00000000   Number         0  uart.o ABSOLUTE
    controls.c                               0x00000000   Number         0  controls.o ABSOLUTE
    dc.s                                     0x00000000   Number         0  dc.o ABSOLUTE
    game.c                                   0x00000000   Number         0  game.o ABSOLUTE
    ports.c                                  0x00000000   Number         0  ports.o ABSOLUTE
    startup.s                                0x00000000   Number         0  startup.o ABSOLUTE
    !!!main                                  0x00000284   Section        8  __main.o(!!!main)
    !!!scatter                               0x0000028c   Section       52  __scatter.o(!!!scatter)
    !!handler_copy                           0x000002c0   Section       26  __scatter_copy.o(!!handler_copy)
    !!handler_zi                             0x000002dc   Section       28  __scatter_zi.o(!!handler_zi)
    .ARM.Collect$$libinit$$00000000          0x000002f8   Section        2  libinit.o(.ARM.Collect$$libinit$$00000000)
    .ARM.Collect$$libinit$$00000002          0x000002fa   Section        0  libinit2.o(.ARM.Collect$$libinit$$00000002)
    .ARM.Collect$$libinit$$00000004          0x000002fa   Section        0  libinit2.o(.ARM.Collect$$libinit$$00000004)
    .ARM.Collect$$libinit$$0000000A          0x000002fa   Section        0  libinit2.o(.ARM.Collect$$libinit$$0000000A)
    .ARM.Collect$$libinit$$0000000C          0x000002fa   Section        0  libinit2.o(.ARM.Collect$$libinit$$0000000C)
    .ARM.Collect$$libinit$$0000000E          0x000002fa   Section        0  libinit2.o(.ARM.Collect$$libinit$$0000000E)
    .ARM.Collect$$libinit$$00000011          0x000002fa   Section        0  libinit2.o(.ARM.Collect$$libinit$$00000011)
    .ARM.Collect$$libinit$$00000013          0x000002fa   Section        0  libinit2.o(.ARM.Collect$$libinit$$00000013)
    .ARM.Collect$$libinit$$00000015          0x000002fa   Section        0  libinit2.o(.ARM.Collect$$libinit$$00000015)
    .ARM.Collect$$libinit$$00000017          0x000002fa   Section        0  libinit2.o(.ARM.Collect$$libinit$$00000017)
    .ARM.Collect$$libinit$$00000019          0x000002fa   Section        0  libinit2.o(.ARM.Collect$$libinit$$00000019)
    .ARM.Collect$$libinit$$0000001B          0x000002fa   Section        0  libinit2.o(.ARM.Collect$$libinit$$0000001B)
    .ARM.Collect$$libinit$$0000001D          0x000002fa   Section        0  libinit2.o(.ARM.Collect$$libinit$$0000001D)
    .ARM.Collect$$libinit$$0000001F          0x000002fa   Section        0  libinit2.o(.ARM.Collect$$libinit$$0000001F)
    .ARM.Collect$$libinit$$00000021          0x000002fa   Section        0  libinit2.o(.ARM.Collect$$libinit$$00000021)
    .ARM.Collect$$libinit$$00000023          0x000002fa   Section        0  libinit2.o(.ARM.Collect$$libinit$$00000023)
    .ARM.Collect$$libinit$$00000025          0x000002fa   Section        0  libinit2.o(.ARM.Collect$$libinit$$00000025)
    .ARM.Collect$$libinit$$0000002C          0x000002fa   Section        0  libinit2.o(.ARM.Collect$$libinit$$0000002C)
    .ARM.Collect$$libinit$$0000002E          0x000002fa   Section        0  libinit2.o(.ARM.Collect$$libinit$$0000002E)
    .ARM.Collect$$libinit$$00000030          0x000002fa   Section        0  libinit2.o(.ARM.Collect$$libinit$$00000030)
    .ARM.Collect$$libinit$$00000032          0x000002fa   Section        0  libinit2.o(.ARM.Collect$$libinit$$00000032)
    .ARM.Collect$$libinit$$00000033          0x000002fa   Section        2  libinit2.o(.ARM.Collect$$libinit$$00000033)
    .ARM.Collect$$libshutdown$$00000000      0x000002fc   Section        2  libshutdown.o(.ARM.Collect$$libshutdown$$00000000)
    .ARM.Collect$$libshutdown$$00000002      0x000002fe   Section        0  libshutdown2.o(.ARM.Collect$$libshutdown$$00000002)
    .ARM.Collect$$libshutdown$$00000004      0x000002fe   Section        0  libshutdown2.o(.ARM.Collect$$libshutdown$$00000004)
    .ARM.Collect$$libshutdown$$00000006      0x000002fe   Section        0  libshutdown2.o(.ARM.Collect$$libshutdown$$00000006)
    .ARM.Collect$$libshutdown$$00000009      0x000002fe   Section        0  libshutdown2.o(.ARM.Collect$$libshutdown$$00000009)
    .ARM.Collect$$libshutdown$$0000000C      0x000002fe   Section        0  libshutdown2.o(.ARM.Collect$$libshutdown$$0000000C)
    .ARM.Collect$$libshutdown$$0000000E      0x000002fe   Section        0  libshutdown2.o(.ARM.Collect$$libshutdown$$0000000E)
    .ARM.Collect$$libshutdown$$00000011      0x000002fe   Section        0  libshutdown2.o(.ARM.Collect$$libshutdown$$00000011)
    .ARM.Collect$$libshutdown$$00000012      0x000002fe   Section        2  libshutdown2.o(.ARM.Collect$$libshutdown$$00000012)
    .ARM.Collect$$rtentry$$00000000          0x00000300   Section        0  __rtentry.o(.ARM.Collect$$rtentry$$00000000)
    .ARM.Collect$$rtentry$$00000002          0x00000300   Section        0  __rtentry2.o(.ARM.Collect$$rtentry$$00000002)
    .ARM.Collect$$rtentry$$00000004          0x00000300   Section        6  __rtentry4.o(.ARM.Collect$$rtentry$$00000004)
    .ARM.Collect$$rtentry$$00000009          0x00000306   Section        0  __rtentry2.o(.ARM.Collect$$rtentry$$00000009)
    .ARM.Collect$$rtentry$$0000000A          0x00000306   Section        4  __rtentry2.o(.ARM.Collect$$rtentry$$0000000A)
    .ARM.Collect$$rtentry$$0000000C          0x0000030a   Section        0  __rtentry2.o(.ARM.Collect$$rtentry$$0000000C)
    .ARM.Collect$$rtentry$$0000000D          0x0000030a   Section        8  __rtentry2.o(.ARM.Collect$$rtentry$$0000000D)
    .ARM.Collect$$rtexit$$00000000           0x00000312   Section        2  rtexit.o(.ARM.Collect$$rtexit$$00000000)
    .ARM.Collect$$rtexit$$00000002           0x00000314   Section        0  rtexit2.o(.ARM.Collect$$rtexit$$00000002)
    .ARM.Collect$$rtexit$$00000003           0x00000314   Section        4  rtexit2.o(.ARM.Collect$$rtexit$$00000003)
    .ARM.Collect$$rtexit$$00000004           0x00000318   Section        6  rtexit2.o(.ARM.Collect$$rtexit$$00000004)
    .text                                    0x00000320   Section       48  startup.o(.text)
    .text                                    0x00000350   Section        0  heapauxi.o(.text)
    .text                                    0x00000356   Section       74  sys_stackheap_outer.o(.text)
    .text                                    0x000003a0   Section        0  exit.o(.text)
    .text                                    0x000003b4   Section        8  libspace.o(.text)
    .text                                    0x000003bc   Section        0  sys_exit.o(.text)
    .text                                    0x000003c8   Section        2  use_no_semi.o(.text)
    .text                                    0x000003ca   Section        0  indicate_semi.o(.text)
    i.Delay1ms                               0x000003ca   Section        0  adctestmain.o(i.Delay1ms)
    i.PLL_Init                               0x000003ec   Section        0  pll.o(i.PLL_Init)
    i.Port_A_Init                            0x00000468   Section        0  ports.o(i.Port_A_Init)
    i.Port_B_Init                            0x00000598   Section        0  ports.o(i.Port_B_Init)
    i.Port_C_Init                            0x0000071c   Section        0  ports.o(i.Port_C_Init)
    i.Port_D_Init                            0x000007a0   Section        0  ports.o(i.Port_D_Init)
    i.Port_E_Init                            0x00000898   Section        0  ports.o(i.Port_E_Init)
    i.Port_F_Init                            0x000008fc   Section        0  ports.o(i.Port_F_Init)
    i.RxFifo_Get                             0x00000960   Section        0  uart.o(i.RxFifo_Get)
    i.RxFifo_Init                            0x0000099c   Section        0  uart.o(i.RxFifo_Init)
    i.RxFifo_Put                             0x000009c0   Section        0  uart.o(i.RxFifo_Put)
    i.RxFifo_Size                            0x000009fc   Section        0  uart.o(i.RxFifo_Size)
    i.ST7735_DrawCharS                       0x00000a10   Section        0  adctestmain.o(i.ST7735_DrawCharS)
    i.ST7735_DrawCircle                      0x00000b08   Section        0  adctestmain.o(i.ST7735_DrawCircle)
    i.ST7735_DrawPixel                       0x00000bb4   Section        0  adctestmain.o(i.ST7735_DrawPixel)
    i.ST7735_DrawString                      0x00000c00   Section        0  adctestmain.o(i.ST7735_DrawString)
    i.ST7735_FillRect                        0x00000c58   Section        0  adctestmain.o(i.ST7735_FillRect)
    i.ST7735_FillScreen                      0x00000d08   Section        0  adctestmain.o(i.ST7735_FillScreen)
    i.ST7735_InitR                           0x00000d2c   Section        0  adctestmain.o(i.ST7735_InitR)
    i.ST7735_OutUDec                         0x00000da8   Section        0  adctestmain.o(i.ST7735_OutUDec)
    i.ST7735_SetCursor                       0x00000e34   Section        0  adctestmain.o(i.ST7735_SetCursor)
    i.Timer0A_Handler                        0x00000e54   Section        0  controls.o(i.Timer0A_Handler)
    i.Timer1A_Handler                        0x00000e68   Section        0  game.o(i.Timer1A_Handler)
    i.Timer2A_Handler                        0x00001034   Section        0  game.o(i.Timer2A_Handler)
    i.Timer2A_Init                           0x00001048   Section        0  ports.o(i.Timer2A_Init)
    i.TxFifo_Get                             0x000010a0   Section        0  uart.o(i.TxFifo_Get)
    i.TxFifo_Init                            0x000010dc   Section        0  uart.o(i.TxFifo_Init)
    i.TxFifo_Put                             0x00001100   Section        0  uart.o(i.TxFifo_Put)
    i.TxFifo_Size                            0x0000113c   Section        0  uart.o(i.TxFifo_Size)
    i.UART7_Handler                          0x00001150   Section        0  uart.o(i.UART7_Handler)
    i.UART_InChar                            0x000011a8   Section        0  uart.o(i.UART_InChar)
    i.UART_InUDec                            0x000011bc   Section        0  uart.o(i.UART_InUDec)
    i.UART_Init                              0x00001208   Section        0  uart.o(i.UART_Init)
    i.UART_OutChar                           0x000012cc   Section        0  uart.o(i.UART_OutChar)
    i.UART_OutUDec                           0x00001300   Section        0  uart.o(i.UART_OutUDec)
    i.Unified_Port_Init                      0x0000132a   Section        0  ports.o(i.Unified_Port_Init)
    i.commandList                            0x00001346   Section        0  adctestmain.o(i.commandList)
    commandList                              0x00001347   Thumb Code    86  adctestmain.o(i.commandList)
    i.commonInit                             0x0000139c   Section        0  adctestmain.o(i.commonInit)
    commonInit                               0x0000139d   Thumb Code   342  adctestmain.o(i.commonInit)
    i.copyHardwareToSoftware                 0x00001524   Section        0  uart.o(i.copyHardwareToSoftware)
    copyHardwareToSoftware                   0x00001525   Thumb Code    36  uart.o(i.copyHardwareToSoftware)
    i.copySoftwareToHardware                 0x0000154c   Section        0  uart.o(i.copySoftwareToHardware)
    copySoftwareToHardware                   0x0000154d   Thumb Code    38  uart.o(i.copySoftwareToHardware)
    i.current_game_state                     0x00001578   Section        0  game.o(i.current_game_state)
    i.deselect                               0x00001584   Section        0  adctestmain.o(i.deselect)
    deselect                                 0x00001585   Thumb Code    24  adctestmain.o(i.deselect)
    i.fillmessage                            0x000015a0   Section        0  adctestmain.o(i.fillmessage)
    i.main                                   0x000015e8   Section        0  adctestmain.o(i.main)
    i.pushColor                              0x0000161c   Section        0  adctestmain.o(i.pushColor)
    pushColor                                0x0000161d   Thumb Code    18  adctestmain.o(i.pushColor)
    i.rearmButtonsC                          0x00001630   Section        0  controls.o(i.rearmButtonsC)
    i.receive_puck_info                      0x00001674   Section        0  game.o(i.receive_puck_info)
    i.setAddrWindow                          0x00001720   Section        0  adctestmain.o(i.setAddrWindow)
    setAddrWindow                            0x00001721   Thumb Code   106  adctestmain.o(i.setAddrWindow)
    i.transmit_puck_info                     0x00001794   Section        0  game.o(i.transmit_puck_info)
    i.writecommand                           0x000017e4   Section        0  adctestmain.o(i.writecommand)
    writecommand                             0x000017e5   Thumb Code    46  adctestmain.o(i.writecommand)
    i.writedata                              0x0000181c   Section        0  adctestmain.o(i.writedata)
    writedata                                0x0000181d   Thumb Code    26  adctestmain.o(i.writedata)
    .constdata                               0x00001840   Section     2114  adctestmain.o(.constdata)
    Font                                     0x00001840   Data        1275  adctestmain.o(.constdata)
    Bcmd                                     0x00001d3b   Data         103  adctestmain.o(.constdata)
    Rcmd1                                    0x00001da2   Data          59  adctestmain.o(.constdata)
    Rcmd2green                               0x00001ddd   Data          13  adctestmain.o(.constdata)
    Rcmd2red                                 0x00001dea   Data          13  adctestmain.o(.constdata)
    Rcmd3                                    0x00001df7   Data          43  adctestmain.o(.constdata)
    .data                                    0x20000000   Section       56  adctestmain.o(.data)
    ColStart                                 0x2000000a   Data           1  adctestmain.o(.data)
    RowStart                                 0x2000000b   Data           1  adctestmain.o(.data)
    Rotation                                 0x2000000c   Data           1  adctestmain.o(.data)
    TabColor                                 0x2000000d   Data           1  adctestmain.o(.data)
    _width                                   0x2000000e   Data           2  adctestmain.o(.data)
    _height                                  0x20000010   Data           2  adctestmain.o(.data)
    .data                                    0x20000038   Section       16  uart.o(.data)
    .data                                    0x20000048   Section       12  game.o(.data)
    .bss                                     0x20000054   Section       12  adctestmain.o(.bss)
    .bss                                     0x20000060   Section      128  uart.o(.bss)
    RxFifo                                   0x20000060   Data          64  uart.o(.bss)
    TxFifo                                   0x200000a0   Data          64  uart.o(.bss)
    .bss                                     0x200000e0   Section       96  libspace.o(.bss)
    HEAP                                     0x20000140   Section        0  startup.o(HEAP)
    STACK                                    0x20000140   Section     1024  startup.o(STACK)
    HeapMem                                  0x20000140   Data           0  startup.o(HEAP)
    StackMem                                 0x20000140   Data           0  startup.o(STACK)

    Global Symbols

    Symbol Name                              Value     Ov Type        Size  Object(Section)

    BuildAttributes$$THM_ISAv4$E$P$D$K$B$S$7EM$PE$A:L22UL41UL21$X:L11$S22US41US21$IEEE1$IW$USESV6$~STKCKD$USESV7$~SHL$OSPACE$ROPI$EBA8$UX$STANDARDLIB$REQ8$PRES8$EABIv2 0x00000000   Number         0  anon$$obj.o ABSOLUTE
    __ARM_use_no_argv                        0x00000000   Number         0  adctestmain.o ABSOLUTE
    __Vectors                                0x00000000   Data           0  startup.o(RESET)
    __ARM_exceptions_init                     - Undefined Weak Reference
    __alloca_initialize                       - Undefined Weak Reference
    __arm_fini_                               - Undefined Weak Reference
    __arm_preinit_                            - Undefined Weak Reference
    __cpp_initialize__aeabi_                  - Undefined Weak Reference
    __cxa_finalize                            - Undefined Weak Reference
    __rt_locale                               - Undefined Weak Reference
    __sigvec_lookup                           - Undefined Weak Reference
    _atexit_init                              - Undefined Weak Reference
    _call_atexit_fns                          - Undefined Weak Reference
    _clock_init                               - Undefined Weak Reference
    _fp_trap_init                             - Undefined Weak Reference
    _fp_trap_shutdown                         - Undefined Weak Reference
    _get_lc_collate                           - Undefined Weak Reference
    _get_lc_ctype                             - Undefined Weak Reference
    _get_lc_monetary                          - Undefined Weak Reference
    _get_lc_numeric                           - Undefined Weak Reference
    _get_lc_time                              - Undefined Weak Reference
    _getenv_init                              - Undefined Weak Reference
    _handle_redirection                       - Undefined Weak Reference
    _init_alloc                               - Undefined Weak Reference
    _init_user_alloc                          - Undefined Weak Reference
    _initio                                   - Undefined Weak Reference
    _rand_init                                - Undefined Weak Reference
    _signal_finish                            - Undefined Weak Reference
    _signal_init                              - Undefined Weak Reference
    _terminate_alloc                          - Undefined Weak Reference
    _terminate_user_alloc                     - Undefined Weak Reference
    _terminateio                              - Undefined Weak Reference
    Reset_Handler                            0x0000026d   Thumb Code     0  startup.o(RESET)
    NMI_Handler                              0x00000271   Thumb Code     2  startup.o(RESET)
    HardFault_Handler                        0x00000273   Thumb Code     2  startup.o(RESET)
    MemManage_Handler                        0x00000275   Thumb Code     2  startup.o(RESET)
    BusFault_Handler                         0x00000277   Thumb Code     2  startup.o(RESET)
    UsageFault_Handler                       0x00000279   Thumb Code     2  startup.o(RESET)
    SVC_Handler                              0x0000027b   Thumb Code     2  startup.o(RESET)
    DebugMon_Handler                         0x0000027d   Thumb Code     2  startup.o(RESET)
    PendSV_Handler                           0x0000027f   Thumb Code     2  startup.o(RESET)
    SysTick_Handler                          0x00000281   Thumb Code     2  startup.o(RESET)
    ADC0Seq0_Handler                         0x00000283   Thumb Code     0  startup.o(RESET)
    ADC0Seq1_Handler                         0x00000283   Thumb Code     0  startup.o(RESET)
    ADC0Seq2_Handler                         0x00000283   Thumb Code     0  startup.o(RESET)
    ADC0Seq3_Handler                         0x00000283   Thumb Code     0  startup.o(RESET)
    ADC1Seq0_Handler                         0x00000283   Thumb Code     0  startup.o(RESET)
    ADC1Seq1_Handler                         0x00000283   Thumb Code     0  startup.o(RESET)
    ADC1Seq2_Handler                         0x00000283   Thumb Code     0  startup.o(RESET)
    ADC1Seq3_Handler                         0x00000283   Thumb Code     0  startup.o(RESET)
    CAN0_Handler                             0x00000283   Thumb Code     0  startup.o(RESET)
    CAN1_Handler                             0x00000283   Thumb Code     0  startup.o(RESET)
    CAN2_Handler                             0x00000283   Thumb Code     0  startup.o(RESET)
    Comp0_Handler                            0x00000283   Thumb Code     0  startup.o(RESET)
    Comp1_Handler                            0x00000283   Thumb Code     0  startup.o(RESET)
    Comp2_Handler                            0x00000283   Thumb Code     0  startup.o(RESET)
    Ethernet_Handler                         0x00000283   Thumb Code     0  startup.o(RESET)
    ExtBus_Handler                           0x00000283   Thumb Code     0  startup.o(RESET)
    FPU_Handler                              0x00000283   Thumb Code     0  startup.o(RESET)
    Fan0_Handler                             0x00000283   Thumb Code     0  startup.o(RESET)
    FlashCtl_Handler                         0x00000283   Thumb Code     0  startup.o(RESET)
    GPIOPortA_Handler                        0x00000283   Thumb Code     0  startup.o(RESET)
    GPIOPortB_Handler                        0x00000283   Thumb Code     0  startup.o(RESET)
    GPIOPortC_Handler                        0x00000283   Thumb Code     0  startup.o(RESET)
    GPIOPortD_Handler                        0x00000283   Thumb Code     0  startup.o(RESET)
    GPIOPortE_Handler                        0x00000283   Thumb Code     0  startup.o(RESET)
    GPIOPortF_Handler                        0x00000283   Thumb Code     0  startup.o(RESET)
    GPIOPortG_Handler                        0x00000283   Thumb Code     0  startup.o(RESET)
    GPIOPortH_Handler                        0x00000283   Thumb Code     0  startup.o(RESET)
    GPIOPortJ_Handler                        0x00000283   Thumb Code     0  startup.o(RESET)
    GPIOPortK_Handler                        0x00000283   Thumb Code     0  startup.o(RESET)
    GPIOPortL_Handler                        0x00000283   Thumb Code     0  startup.o(RESET)
    GPIOPortM_Handler                        0x00000283   Thumb Code     0  startup.o(RESET)
    GPIOPortN_Handler                        0x00000283   Thumb Code     0  startup.o(RESET)
    GPIOPortP1_Handler                       0x00000283   Thumb Code     0  startup.o(RESET)
    GPIOPortP2_Handler                       0x00000283   Thumb Code     0  startup.o(RESET)
    GPIOPortP3_Handler                       0x00000283   Thumb Code     0  startup.o(RESET)
    GPIOPortP4_Handler                       0x00000283   Thumb Code     0  startup.o(RESET)
    GPIOPortP5_Handler                       0x00000283   Thumb Code     0  startup.o(RESET)
    GPIOPortP6_Handler                       0x00000283   Thumb Code     0  startup.o(RESET)
    GPIOPortP7_Handler                       0x00000283   Thumb Code     0  startup.o(RESET)
    GPIOPortP_Handler                        0x00000283   Thumb Code     0  startup.o(RESET)
    GPIOPortQ1_Handler                       0x00000283   Thumb Code     0  startup.o(RESET)
    GPIOPortQ2_Handler                       0x00000283   Thumb Code     0  startup.o(RESET)
    GPIOPortQ3_Handler                       0x00000283   Thumb Code     0  startup.o(RESET)
    GPIOPortQ4_Handler                       0x00000283   Thumb Code     0  startup.o(RESET)
    GPIOPortQ5_Handler                       0x00000283   Thumb Code     0  startup.o(RESET)
    GPIOPortQ6_Handler                       0x00000283   Thumb Code     0  startup.o(RESET)
    GPIOPortQ7_Handler                       0x00000283   Thumb Code     0  startup.o(RESET)
    GPIOPortQ_Handler                        0x00000283   Thumb Code     0  startup.o(RESET)
    GPIOPortR_Handler                        0x00000283   Thumb Code     0  startup.o(RESET)
    GPIOPortS_Handler                        0x00000283   Thumb Code     0  startup.o(RESET)
    Hibernate_Handler                        0x00000283   Thumb Code     0  startup.o(RESET)
    I2C0_Handler                             0x00000283   Thumb Code     0  startup.o(RESET)
    I2C1_Handler                             0x00000283   Thumb Code     0  startup.o(RESET)
    I2C2_Handler                             0x00000283   Thumb Code     0  startup.o(RESET)
    I2C3_Handler                             0x00000283   Thumb Code     0  startup.o(RESET)
    I2C4_Handler                             0x00000283   Thumb Code     0  startup.o(RESET)
    I2C5_Handler                             0x00000283   Thumb Code     0  startup.o(RESET)
    I2S0_Handler                             0x00000283   Thumb Code     0  startup.o(RESET)
    LPC0_Handler                             0x00000283   Thumb Code     0  startup.o(RESET)
    PECI0_Handler                            0x00000283   Thumb Code     0  startup.o(RESET)
    PWM0Fault_Handler                        0x00000283   Thumb Code     0  startup.o(RESET)
    PWM0Generator0_Handler                   0x00000283   Thumb Code     0  startup.o(RESET)
    PWM0Generator1_Handler                   0x00000283   Thumb Code     0  startup.o(RESET)
    PWM0Generator2_Handler                   0x00000283   Thumb Code     0  startup.o(RESET)
    PWM0Generator3_Handler                   0x00000283   Thumb Code     0  startup.o(RESET)
    PWM1Fault_Handler                        0x00000283   Thumb Code     0  startup.o(RESET)
    PWM1Generator0_Handler                   0x00000283   Thumb Code     0  startup.o(RESET)
    PWM1Generator1_Handler                   0x00000283   Thumb Code     0  startup.o(RESET)
    PWM1Generator2_Handler                   0x00000283   Thumb Code     0  startup.o(RESET)
    PWM1Generator3_Handler                   0x00000283   Thumb Code     0  startup.o(RESET)
    Quadrature0_Handler                      0x00000283   Thumb Code     0  startup.o(RESET)
    Quadrature1_Handler                      0x00000283   Thumb Code     0  startup.o(RESET)
    Quadrature2_Handler                      0x00000283   Thumb Code     0  startup.o(RESET)
    SSI0_Handler                             0x00000283   Thumb Code     0  startup.o(RESET)
    SSI1_Handler                             0x00000283   Thumb Code     0  startup.o(RESET)
    SSI2_Handler                             0x00000283   Thumb Code     0  startup.o(RESET)
    SSI3_Handler                             0x00000283   Thumb Code     0  startup.o(RESET)
    SysCtl_Handler                           0x00000283   Thumb Code     0  startup.o(RESET)
    Timer0B_Handler                          0x00000283   Thumb Code     0  startup.o(RESET)
    Timer1B_Handler                          0x00000283   Thumb Code     0  startup.o(RESET)
    Timer2B_Handler                          0x00000283   Thumb Code     0  startup.o(RESET)
    Timer3A_Handler                          0x00000283   Thumb Code     0  startup.o(RESET)
    Timer3B_Handler                          0x00000283   Thumb Code     0  startup.o(RESET)
    Timer4A_Handler                          0x00000283   Thumb Code     0  startup.o(RESET)
    Timer4B_Handler                          0x00000283   Thumb Code     0  startup.o(RESET)
    Timer5A_Handler                          0x00000283   Thumb Code     0  startup.o(RESET)
    Timer5B_Handler                          0x00000283   Thumb Code     0  startup.o(RESET)
    UART0_Handler                            0x00000283   Thumb Code     0  startup.o(RESET)
    UART1_Handler                            0x00000283   Thumb Code     0  startup.o(RESET)
    UART2_Handler                            0x00000283   Thumb Code     0  startup.o(RESET)
    UART3_Handler                            0x00000283   Thumb Code     0  startup.o(RESET)
    UART4_Handler                            0x00000283   Thumb Code     0  startup.o(RESET)
    UART5_Handler                            0x00000283   Thumb Code     0  startup.o(RESET)
    UART6_Handler                            0x00000283   Thumb Code     0  startup.o(RESET)
    USB0_Handler                             0x00000283   Thumb Code     0  startup.o(RESET)
    WDT_Handler                              0x00000283   Thumb Code     0  startup.o(RESET)
    WideTimer0A_Handler                      0x00000283   Thumb Code     0  startup.o(RESET)
    WideTimer0B_Handler                      0x00000283   Thumb Code     0  startup.o(RESET)
    WideTimer1A_Handler                      0x00000283   Thumb Code     0  startup.o(RESET)
    WideTimer1B_Handler                      0x00000283   Thumb Code     0  startup.o(RESET)
    WideTimer2A_Handler                      0x00000283   Thumb Code     0  startup.o(RESET)
    WideTimer2B_Handler                      0x00000283   Thumb Code     0  startup.o(RESET)
    WideTimer3A_Handler                      0x00000283   Thumb Code     0  startup.o(RESET)
    WideTimer3B_Handler                      0x00000283   Thumb Code     0  startup.o(RESET)
    WideTimer4A_Handler                      0x00000283   Thumb Code     0  startup.o(RESET)
    WideTimer4B_Handler                      0x00000283   Thumb Code     0  startup.o(RESET)
    WideTimer5A_Handler                      0x00000283   Thumb Code     0  startup.o(RESET)
    WideTimer5B_Handler                      0x00000283   Thumb Code     0  startup.o(RESET)
    uDMA_Error                               0x00000283   Thumb Code     0  startup.o(RESET)
    uDMA_Handler                             0x00000283   Thumb Code     0  startup.o(RESET)
    __main                                   0x00000285   Thumb Code     8  __main.o(!!!main)
    __scatterload                            0x0000028d   Thumb Code     0  __scatter.o(!!!scatter)
    __scatterload_rt2                        0x0000028d   Thumb Code    44  __scatter.o(!!!scatter)
    __scatterload_rt2_thumb_only             0x0000028d   Thumb Code     0  __scatter.o(!!!scatter)
    __scatterload_null                       0x0000029b   Thumb Code     0  __scatter.o(!!!scatter)
    __scatterload_copy                       0x000002c1   Thumb Code    26  __scatter_copy.o(!!handler_copy)
    __scatterload_zeroinit                   0x000002dd   Thumb Code    28  __scatter_zi.o(!!handler_zi)
    __rt_lib_init                            0x000002f9   Thumb Code     0  libinit.o(.ARM.Collect$$libinit$$00000000)
    __rt_lib_init_alloca_1                   0x000002fb   Thumb Code     0  libinit2.o(.ARM.Collect$$libinit$$0000002E)
    __rt_lib_init_argv_1                     0x000002fb   Thumb Code     0  libinit2.o(.ARM.Collect$$libinit$$0000002C)
    __rt_lib_init_atexit_1                   0x000002fb   Thumb Code     0  libinit2.o(.ARM.Collect$$libinit$$0000001B)
    __rt_lib_init_clock_1                    0x000002fb   Thumb Code     0  libinit2.o(.ARM.Collect$$libinit$$00000021)
    __rt_lib_init_cpp_1                      0x000002fb   Thumb Code     0  libinit2.o(.ARM.Collect$$libinit$$00000032)
    __rt_lib_init_exceptions_1               0x000002fb   Thumb Code     0  libinit2.o(.ARM.Collect$$libinit$$00000030)
    __rt_lib_init_fp_1                       0x000002fb   Thumb Code     0  libinit2.o(.ARM.Collect$$libinit$$00000002)
    __rt_lib_init_fp_trap_1                  0x000002fb   Thumb Code     0  libinit2.o(.ARM.Collect$$libinit$$0000001F)
    __rt_lib_init_getenv_1                   0x000002fb   Thumb Code     0  libinit2.o(.ARM.Collect$$libinit$$00000023)
    __rt_lib_init_heap_1                     0x000002fb   Thumb Code     0  libinit2.o(.ARM.Collect$$libinit$$0000000A)
    __rt_lib_init_lc_collate_1               0x000002fb   Thumb Code     0  libinit2.o(.ARM.Collect$$libinit$$00000011)
    __rt_lib_init_lc_ctype_1                 0x000002fb   Thumb Code     0  libinit2.o(.ARM.Collect$$libinit$$00000013)
    __rt_lib_init_lc_monetary_1              0x000002fb   Thumb Code     0  libinit2.o(.ARM.Collect$$libinit$$00000015)
    __rt_lib_init_lc_numeric_1               0x000002fb   Thumb Code     0  libinit2.o(.ARM.Collect$$libinit$$00000017)
    __rt_lib_init_lc_time_1                  0x000002fb   Thumb Code     0  libinit2.o(.ARM.Collect$$libinit$$00000019)
    __rt_lib_init_preinit_1                  0x000002fb   Thumb Code     0  libinit2.o(.ARM.Collect$$libinit$$00000004)
    __rt_lib_init_rand_1                     0x000002fb   Thumb Code     0  libinit2.o(.ARM.Collect$$libinit$$0000000E)
    __rt_lib_init_return                     0x000002fb   Thumb Code     0  libinit2.o(.ARM.Collect$$libinit$$00000033)
    __rt_lib_init_signal_1                   0x000002fb   Thumb Code     0  libinit2.o(.ARM.Collect$$libinit$$0000001D)
    __rt_lib_init_stdio_1                    0x000002fb   Thumb Code     0  libinit2.o(.ARM.Collect$$libinit$$00000025)
    __rt_lib_init_user_alloc_1               0x000002fb   Thumb Code     0  libinit2.o(.ARM.Collect$$libinit$$0000000C)
    __rt_lib_shutdown                        0x000002fd   Thumb Code     0  libshutdown.o(.ARM.Collect$$libshutdown$$00000000)
    __rt_lib_shutdown_cpp_1                  0x000002ff   Thumb Code     0  libshutdown2.o(.ARM.Collect$$libshutdown$$00000004)
    __rt_lib_shutdown_fini_1                 0x000002ff   Thumb Code     0  libshutdown2.o(.ARM.Collect$$libshutdown$$00000002)
    __rt_lib_shutdown_fp_trap_1              0x000002ff   Thumb Code     0  libshutdown2.o(.ARM.Collect$$libshutdown$$00000009)
    __rt_lib_shutdown_heap_1                 0x000002ff   Thumb Code     0  libshutdown2.o(.ARM.Collect$$libshutdown$$00000011)
    __rt_lib_shutdown_return                 0x000002ff   Thumb Code     0  libshutdown2.o(.ARM.Collect$$libshutdown$$00000012)
    __rt_lib_shutdown_signal_1               0x000002ff   Thumb Code     0  libshutdown2.o(.ARM.Collect$$libshutdown$$0000000C)
    __rt_lib_shutdown_stdio_1                0x000002ff   Thumb Code     0  libshutdown2.o(.ARM.Collect$$libshutdown$$00000006)
    __rt_lib_shutdown_user_alloc_1           0x000002ff   Thumb Code     0  libshutdown2.o(.ARM.Collect$$libshutdown$$0000000E)
    __rt_entry                               0x00000301   Thumb Code     0  __rtentry.o(.ARM.Collect$$rtentry$$00000000)
    __rt_entry_presh_1                       0x00000301   Thumb Code     0  __rtentry2.o(.ARM.Collect$$rtentry$$00000002)
    __rt_entry_sh                            0x00000301   Thumb Code     0  __rtentry4.o(.ARM.Collect$$rtentry$$00000004)
    __rt_entry_li                            0x00000307   Thumb Code     0  __rtentry2.o(.ARM.Collect$$rtentry$$0000000A)
    __rt_entry_postsh_1                      0x00000307   Thumb Code     0  __rtentry2.o(.ARM.Collect$$rtentry$$00000009)
    __rt_entry_main                          0x0000030b   Thumb Code     0  __rtentry2.o(.ARM.Collect$$rtentry$$0000000D)
    __rt_entry_postli_1                      0x0000030b   Thumb Code     0  __rtentry2.o(.ARM.Collect$$rtentry$$0000000C)
    __rt_exit                                0x00000313   Thumb Code     0  rtexit.o(.ARM.Collect$$rtexit$$00000000)
    __rt_exit_ls                             0x00000315   Thumb Code     0  rtexit2.o(.ARM.Collect$$rtexit$$00000003)
    __rt_exit_prels_1                        0x00000315   Thumb Code     0  rtexit2.o(.ARM.Collect$$rtexit$$00000002)
    __rt_exit_exit                           0x00000319   Thumb Code     0  rtexit2.o(.ARM.Collect$$rtexit$$00000004)
    DisableInterrupts                        0x00000321   Thumb Code     0  startup.o(.text)
    EnableInterrupts                         0x00000325   Thumb Code     0  startup.o(.text)
    StartCritical                            0x00000329   Thumb Code     0  startup.o(.text)
    EndCritical                              0x00000331   Thumb Code     0  startup.o(.text)
    WaitForInterrupt                         0x00000337   Thumb Code     0  startup.o(.text)
    __user_initial_stackheap                 0x0000033b   Thumb Code     0  startup.o(.text)
    __use_two_region_memory                  0x00000351   Thumb Code     2  heapauxi.o(.text)
    __rt_heap_escrow$2region                 0x00000353   Thumb Code     2  heapauxi.o(.text)
    __rt_heap_expand$2region                 0x00000355   Thumb Code     2  heapauxi.o(.text)
    __user_setup_stackheap                   0x00000357   Thumb Code    74  sys_stackheap_outer.o(.text)
    exit                                     0x000003a1   Thumb Code    18  exit.o(.text)
    __user_libspace                          0x000003b5   Thumb Code     8  libspace.o(.text)
    __user_perproc_libspace                  0x000003b5   Thumb Code     0  libspace.o(.text)
    __user_perthread_libspace                0x000003b5   Thumb Code     0  libspace.o(.text)
    _sys_exit                                0x000003bd   Thumb Code     8  sys_exit.o(.text)
    __I$use$semihosting                      0x000003c9   Thumb Code     0  use_no_semi.o(.text)
    __use_no_semihosting_swi                 0x000003c9   Thumb Code     2  use_no_semi.o(.text)
    Delay1ms                                 0x000003cb   Thumb Code    32  adctestmain.o(i.Delay1ms)
    __semihosting_library_function           0x000003cb   Thumb Code     0  indicate_semi.o(.text)
    PLL_Init                                 0x000003ed   Thumb Code   120  pll.o(i.PLL_Init)
    Port_A_Init                              0x00000469   Thumb Code   266  ports.o(i.Port_A_Init)
    Port_B_Init                              0x00000599   Thumb Code   372  ports.o(i.Port_B_Init)
    Port_C_Init                              0x0000071d   Thumb Code   114  ports.o(i.Port_C_Init)
    Port_D_Init                              0x000007a1   Thumb Code   228  ports.o(i.Port_D_Init)
    Port_E_Init                              0x00000899   Thumb Code    82  ports.o(i.Port_E_Init)
    Port_F_Init                              0x000008fd   Thumb Code    80  ports.o(i.Port_F_Init)
    RxFifo_Get                               0x00000961   Thumb Code    46  uart.o(i.RxFifo_Get)
    RxFifo_Init                              0x0000099d   Thumb Code    26  uart.o(i.RxFifo_Init)
    RxFifo_Put                               0x000009c1   Thumb Code    48  uart.o(i.RxFifo_Put)
    RxFifo_Size                              0x000009fd   Thumb Code    12  uart.o(i.RxFifo_Size)
    ST7735_DrawCharS                         0x00000a11   Thumb Code   236  adctestmain.o(i.ST7735_DrawCharS)
    ST7735_DrawCircle                        0x00000b09   Thumb Code   158  adctestmain.o(i.ST7735_DrawCircle)
    ST7735_DrawPixel                         0x00000bb5   Thumb Code    68  adctestmain.o(i.ST7735_DrawPixel)
    ST7735_DrawString                        0x00000c01   Thumb Code    86  adctestmain.o(i.ST7735_DrawString)
    ST7735_FillRect                          0x00000c59   Thumb Code   168  adctestmain.o(i.ST7735_FillRect)
    ST7735_FillScreen                        0x00000d09   Thumb Code    28  adctestmain.o(i.ST7735_FillScreen)
    ST7735_InitR                             0x00000d2d   Thumb Code    90  adctestmain.o(i.ST7735_InitR)
    ST7735_OutUDec                           0x00000da9   Thumb Code   118  adctestmain.o(i.ST7735_OutUDec)
    ST7735_SetCursor                         0x00000e35   Thumb Code    22  adctestmain.o(i.ST7735_SetCursor)
    Timer0A_Handler                          0x00000e55   Thumb Code    14  controls.o(i.Timer0A_Handler)
    Timer1A_Handler                          0x00000e69   Thumb Code   452  game.o(i.Timer1A_Handler)
    Timer2A_Handler                          0x00001035   Thumb Code    14  game.o(i.Timer2A_Handler)
    Timer2A_Init                             0x00001049   Thumb Code    70  ports.o(i.Timer2A_Init)
    TxFifo_Get                               0x000010a1   Thumb Code    46  uart.o(i.TxFifo_Get)
    TxFifo_Init                              0x000010dd   Thumb Code    26  uart.o(i.TxFifo_Init)
    TxFifo_Put                               0x00001101   Thumb Code    48  uart.o(i.TxFifo_Put)
    TxFifo_Size                              0x0000113d   Thumb Code    12  uart.o(i.TxFifo_Size)
    UART7_Handler                            0x00001151   Thumb Code    82  uart.o(i.UART7_Handler)
    UART_InChar                              0x000011a9   Thumb Code    20  uart.o(i.UART_InChar)
    UART_InUDec                              0x000011bd   Thumb Code    76  uart.o(i.UART_InUDec)
    UART_Init                                0x00001209   Thumb Code   170  uart.o(i.UART_Init)
    UART_OutChar                             0x000012cd   Thumb Code    46  uart.o(i.UART_OutChar)
    UART_OutUDec                             0x00001301   Thumb Code    42  uart.o(i.UART_OutUDec)
    Unified_Port_Init                        0x0000132b   Thumb Code    28  ports.o(i.Unified_Port_Init)
    current_game_state                       0x00001579   Thumb Code    12  game.o(i.current_game_state)
    fillmessage                              0x000015a1   Thumb Code    64  adctestmain.o(i.fillmessage)
    main                                     0x000015e9   Thumb Code    48  adctestmain.o(i.main)
    rearmButtonsC                            0x00001631   Thumb Code    62  controls.o(i.rearmButtonsC)
    receive_puck_info                        0x00001675   Thumb Code   162  game.o(i.receive_puck_info)
    transmit_puck_info                       0x00001795   Thumb Code    76  game.o(i.transmit_puck_info)
    smallCircle                              0x00001e22   Data          36  adctestmain.o(.constdata)
    circle                                   0x00001e46   Data          60  adctestmain.o(.constdata)
    dBfs                                     0x00001e82   Data         512  adctestmain.o(.constdata)
    Region$$Table$$Base                      0x00002084   Number         0  anon$$obj.o(Region$$Table)
    Region$$Table$$Limit                     0x000020a4   Number         0  anon$$obj.o(Region$$Table)
    StX                                      0x20000000   Data           4  adctestmain.o(.data)
    StY                                      0x20000004   Data           4  adctestmain.o(.data)
    StTextColor                              0x20000008   Data           2  adctestmain.o(.data)
    Messageindex                             0x20000014   Data           4  adctestmain.o(.data)
    Ymax                                     0x20000018   Data           4  adctestmain.o(.data)
    Ymin                                     0x2000001c   Data           4  adctestmain.o(.data)
    X                                        0x20000020   Data           4  adctestmain.o(.data)
    Yrange                                   0x20000024   Data           4  adctestmain.o(.data)
    lastj                                    0x20000028   Data           4  adctestmain.o(.data)
    Xmax                                     0x2000002c   Data           4  adctestmain.o(.data)
    Xmin                                     0x20000030   Data           4  adctestmain.o(.data)
    Xrange                                   0x20000034   Data           4  adctestmain.o(.data)
    RxPutI                                   0x20000038   Data           4  uart.o(.data)
    RxGetI                                   0x2000003c   Data           4  uart.o(.data)
    TxPutI                                   0x20000040   Data           4  uart.o(.data)
    TxGetI                                   0x20000044   Data           4  uart.o(.data)
    current_game                             0x20000048   Data          12  game.o(.data)
    Message                                  0x20000054   Data          12  adctestmain.o(.bss)
    __libspace_start                         0x200000e0   Data          96  libspace.o(.bss)
    __temporary_stack_top$libspace           0x20000140   Data           0  libspace.o(.bss)



==============================================================================

Memory Map of the image

  Image Entry point : 0x0000026d

  Load Region LR_1 (Base: 0x00000000, Size: 0x000020f8, Max: 0xffffffff, ABSOLUTE)

    Execution Region ER_RO (Exec base: 0x00000000, Load base: 0x00000000, Size: 0x000020a4, Max: 0xffffffff, ABSOLUTE)

    Exec Addr    Load Addr    Size         Type   Attr      Idx    E Section Name        Object

    0x00000000   0x00000000   0x00000284   Code   RO            3  * RESET               startup.o
    0x00000284   0x00000284   0x00000008   Code   RO          867  * !!!main             c_w.l(__main.o)
    0x0000028c   0x0000028c   0x00000034   Code   RO         1026    !!!scatter          c_w.l(__scatter.o)
    0x000002c0   0x000002c0   0x0000001a   Code   RO         1028    !!handler_copy      c_w.l(__scatter_copy.o)
    0x000002da   0x000002da   0x00000002   PAD
    0x000002dc   0x000002dc   0x0000001c   Code   RO         1030    !!handler_zi        c_w.l(__scatter_zi.o)
    0x000002f8   0x000002f8   0x00000002   Code   RO          894    .ARM.Collect$$libinit$$00000000  c_w.l(libinit.o)
    0x000002fa   0x000002fa   0x00000000   Code   RO          901    .ARM.Collect$$libinit$$00000002  c_w.l(libinit2.o)
    0x000002fa   0x000002fa   0x00000000   Code   RO          903    .ARM.Collect$$libinit$$00000004  c_w.l(libinit2.o)
    0x000002fa   0x000002fa   0x00000000   Code   RO          906    .ARM.Collect$$libinit$$0000000A  c_w.l(libinit2.o)
    0x000002fa   0x000002fa   0x00000000   Code   RO          908    .ARM.Collect$$libinit$$0000000C  c_w.l(libinit2.o)
    0x000002fa   0x000002fa   0x00000000   Code   RO          910    .ARM.Collect$$libinit$$0000000E  c_w.l(libinit2.o)
    0x000002fa   0x000002fa   0x00000000   Code   RO          913    .ARM.Collect$$libinit$$00000011  c_w.l(libinit2.o)
    0x000002fa   0x000002fa   0x00000000   Code   RO          915    .ARM.Collect$$libinit$$00000013  c_w.l(libinit2.o)
    0x000002fa   0x000002fa   0x00000000   Code   RO          917    .ARM.Collect$$libinit$$00000015  c_w.l(libinit2.o)
    0x000002fa   0x000002fa   0x00000000   Code   RO          919    .ARM.Collect$$libinit$$00000017  c_w.l(libinit2.o)
    0x000002fa   0x000002fa   0x00000000   Code   RO          921    .ARM.Collect$$libinit$$00000019  c_w.l(libinit2.o)
    0x000002fa   0x000002fa   0x00000000   Code   RO          923    .ARM.Collect$$libinit$$0000001B  c_w.l(libinit2.o)
    0x000002fa   0x000002fa   0x00000000   Code   RO          925    .ARM.Collect$$libinit$$0000001D  c_w.l(libinit2.o)
    0x000002fa   0x000002fa   0x00000000   Code   RO          927    .ARM.Collect$$libinit$$0000001F  c_w.l(libinit2.o)
    0x000002fa   0x000002fa   0x00000000   Code   RO          929    .ARM.Collect$$libinit$$00000021  c_w.l(libinit2.o)
    0x000002fa   0x000002fa   0x00000000   Code   RO          931    .ARM.Collect$$libinit$$00000023  c_w.l(libinit2.o)
    0x000002fa   0x000002fa   0x00000000   Code   RO          933    .ARM.Collect$$libinit$$00000025  c_w.l(libinit2.o)
    0x000002fa   0x000002fa   0x00000000   Code   RO          937    .ARM.Collect$$libinit$$0000002C  c_w.l(libinit2.o)
    0x000002fa   0x000002fa   0x00000000   Code   RO          939    .ARM.Collect$$libinit$$0000002E  c_w.l(libinit2.o)
    0x000002fa   0x000002fa   0x00000000   Code   RO          941    .ARM.Collect$$libinit$$00000030  c_w.l(libinit2.o)
    0x000002fa   0x000002fa   0x00000000   Code   RO          943    .ARM.Collect$$libinit$$00000032  c_w.l(libinit2.o)
    0x000002fa   0x000002fa   0x00000002   Code   RO          944    .ARM.Collect$$libinit$$00000033  c_w.l(libinit2.o)
    0x000002fc   0x000002fc   0x00000002   Code   RO          964    .ARM.Collect$$libshutdown$$00000000  c_w.l(libshutdown.o)
    0x000002fe   0x000002fe   0x00000000   Code   RO          977    .ARM.Collect$$libshutdown$$00000002  c_w.l(libshutdown2.o)
    0x000002fe   0x000002fe   0x00000000   Code   RO          979    .ARM.Collect$$libshutdown$$00000004  c_w.l(libshutdown2.o)
    0x000002fe   0x000002fe   0x00000000   Code   RO          981    .ARM.Collect$$libshutdown$$00000006  c_w.l(libshutdown2.o)
    0x000002fe   0x000002fe   0x00000000   Code   RO          984    .ARM.Collect$$libshutdown$$00000009  c_w.l(libshutdown2.o)
    0x000002fe   0x000002fe   0x00000000   Code   RO          987    .ARM.Collect$$libshutdown$$0000000C  c_w.l(libshutdown2.o)
    0x000002fe   0x000002fe   0x00000000   Code   RO          989    .ARM.Collect$$libshutdown$$0000000E  c_w.l(libshutdown2.o)
    0x000002fe   0x000002fe   0x00000000   Code   RO          992    .ARM.Collect$$libshutdown$$00000011  c_w.l(libshutdown2.o)
    0x000002fe   0x000002fe   0x00000002   Code   RO          993    .ARM.Collect$$libshutdown$$00000012  c_w.l(libshutdown2.o)
    0x00000300   0x00000300   0x00000000   Code   RO          869    .ARM.Collect$$rtentry$$00000000  c_w.l(__rtentry.o)
    0x00000300   0x00000300   0x00000000   Code   RO          871    .ARM.Collect$$rtentry$$00000002  c_w.l(__rtentry2.o)
    0x00000300   0x00000300   0x00000006   Code   RO          883    .ARM.Collect$$rtentry$$00000004  c_w.l(__rtentry4.o)
    0x00000306   0x00000306   0x00000000   Code   RO          873    .ARM.Collect$$rtentry$$00000009  c_w.l(__rtentry2.o)
    0x00000306   0x00000306   0x00000004   Code   RO          874    .ARM.Collect$$rtentry$$0000000A  c_w.l(__rtentry2.o)
    0x0000030a   0x0000030a   0x00000000   Code   RO          876    .ARM.Collect$$rtentry$$0000000C  c_w.l(__rtentry2.o)
    0x0000030a   0x0000030a   0x00000008   Code   RO          877    .ARM.Collect$$rtentry$$0000000D  c_w.l(__rtentry2.o)
    0x00000312   0x00000312   0x00000002   Code   RO          898    .ARM.Collect$$rtexit$$00000000  c_w.l(rtexit.o)
    0x00000314   0x00000314   0x00000000   Code   RO          946    .ARM.Collect$$rtexit$$00000002  c_w.l(rtexit2.o)
    0x00000314   0x00000314   0x00000004   Code   RO          947    .ARM.Collect$$rtexit$$00000003  c_w.l(rtexit2.o)
    0x00000318   0x00000318   0x00000006   Code   RO          948    .ARM.Collect$$rtexit$$00000004  c_w.l(rtexit2.o)
    0x0000031e   0x0000031e   0x00000002   PAD
    0x00000320   0x00000320   0x00000030   Code   RO            4    .text               startup.o
    0x00000350   0x00000350   0x00000006   Code   RO          865    .text               c_w.l(heapauxi.o)
    0x00000356   0x00000356   0x0000004a   Code   RO          885    .text               c_w.l(sys_stackheap_outer.o)
    0x000003a0   0x000003a0   0x00000012   Code   RO          887    .text               c_w.l(exit.o)
    0x000003b2   0x000003b2   0x00000002   PAD
    0x000003b4   0x000003b4   0x00000008   Code   RO          895    .text               c_w.l(libspace.o)
    0x000003bc   0x000003bc   0x0000000c   Code   RO          956    .text               c_w.l(sys_exit.o)
    0x000003c8   0x000003c8   0x00000002   Code   RO          967    .text               c_w.l(use_no_semi.o)
    0x000003ca   0x000003ca   0x00000000   Code   RO          969    .text               c_w.l(indicate_semi.o)
    0x000003ca   0x000003ca   0x00000020   Code   RO           12    i.Delay1ms          adctestmain.o
    0x000003ea   0x000003ea   0x00000002   PAD
    0x000003ec   0x000003ec   0x0000007c   Code   RO          509    i.PLL_Init          pll.o
    0x00000468   0x00000468   0x00000130   Code   RO          607    i.Port_A_Init       ports.o
    0x00000598   0x00000598   0x00000184   Code   RO          608    i.Port_B_Init       ports.o
    0x0000071c   0x0000071c   0x00000084   Code   RO          609    i.Port_C_Init       ports.o
    0x000007a0   0x000007a0   0x000000f8   Code   RO          610    i.Port_D_Init       ports.o
    0x00000898   0x00000898   0x00000064   Code   RO          611    i.Port_E_Init       ports.o
    0x000008fc   0x000008fc   0x00000064   Code   RO          612    i.Port_F_Init       ports.o
    0x00000960   0x00000960   0x0000003c   Code   RO          679    i.RxFifo_Get        uart.o
    0x0000099c   0x0000099c   0x00000024   Code   RO          680    i.RxFifo_Init       uart.o
    0x000009c0   0x000009c0   0x0000003c   Code   RO          681    i.RxFifo_Put        uart.o
    0x000009fc   0x000009fc   0x00000014   Code   RO          682    i.RxFifo_Size       uart.o
    0x00000a10   0x00000a10   0x000000f8   Code   RO           22    i.ST7735_DrawCharS  adctestmain.o
    0x00000b08   0x00000b08   0x000000ac   Code   RO           23    i.ST7735_DrawCircle  adctestmain.o
    0x00000bb4   0x00000bb4   0x0000004c   Code   RO           26    i.ST7735_DrawPixel  adctestmain.o
    0x00000c00   0x00000c00   0x00000056   Code   RO           28    i.ST7735_DrawString  adctestmain.o
    0x00000c56   0x00000c56   0x00000002   PAD
    0x00000c58   0x00000c58   0x000000b0   Code   RO           29    i.ST7735_FillRect   adctestmain.o
    0x00000d08   0x00000d08   0x00000024   Code   RO           30    i.ST7735_FillScreen  adctestmain.o
    0x00000d2c   0x00000d2c   0x0000007c   Code   RO           32    i.ST7735_InitR      adctestmain.o
    0x00000da8   0x00000da8   0x0000008c   Code   RO           37    i.ST7735_OutUDec    adctestmain.o
    0x00000e34   0x00000e34   0x00000020   Code   RO           48    i.ST7735_SetCursor  adctestmain.o
    0x00000e54   0x00000e54   0x00000014   Code   RO          572    i.Timer0A_Handler   controls.o
    0x00000e68   0x00000e68   0x000001cc   Code   RO          813    i.Timer1A_Handler   game.o
    0x00001034   0x00001034   0x00000014   Code   RO          814    i.Timer2A_Handler   game.o
    0x00001048   0x00001048   0x00000058   Code   RO          615    i.Timer2A_Init      ports.o
    0x000010a0   0x000010a0   0x0000003c   Code   RO          683    i.TxFifo_Get        uart.o
    0x000010dc   0x000010dc   0x00000024   Code   RO          684    i.TxFifo_Init       uart.o
    0x00001100   0x00001100   0x0000003c   Code   RO          685    i.TxFifo_Put        uart.o
    0x0000113c   0x0000113c   0x00000014   Code   RO          686    i.TxFifo_Size       uart.o
    0x00001150   0x00001150   0x00000058   Code   RO          687    i.UART7_Handler     uart.o
    0x000011a8   0x000011a8   0x00000014   Code   RO          688    i.UART_InChar       uart.o
    0x000011bc   0x000011bc   0x0000004c   Code   RO          691    i.UART_InUDec       uart.o
    0x00001208   0x00001208   0x000000c4   Code   RO          693    i.UART_Init         uart.o
    0x000012cc   0x000012cc   0x00000034   Code   RO          694    i.UART_OutChar      uart.o
    0x00001300   0x00001300   0x0000002a   Code   RO          696    i.UART_OutUDec      uart.o
    0x0000132a   0x0000132a   0x0000001c   Code   RO          617    i.Unified_Port_Init  ports.o
    0x00001346   0x00001346   0x00000056   Code   RO           57    i.commandList       adctestmain.o
    0x0000139c   0x0000139c   0x00000188   Code   RO           58    i.commonInit        adctestmain.o
    0x00001524   0x00001524   0x00000028   Code   RO          698    i.copyHardwareToSoftware  uart.o
    0x0000154c   0x0000154c   0x0000002c   Code   RO          699    i.copySoftwareToHardware  uart.o
    0x00001578   0x00001578   0x0000000c   Code   RO          815    i.current_game_state  game.o
    0x00001584   0x00001584   0x0000001c   Code   RO           59    i.deselect          adctestmain.o
    0x000015a0   0x000015a0   0x00000048   Code   RO           62    i.fillmessage       adctestmain.o
    0x000015e8   0x000015e8   0x00000034   Code   RO           66    i.main              adctestmain.o
    0x0000161c   0x0000161c   0x00000012   Code   RO           69    i.pushColor         adctestmain.o
    0x0000162e   0x0000162e   0x00000002   PAD
    0x00001630   0x00001630   0x00000044   Code   RO          575    i.rearmButtonsC     controls.o
    0x00001674   0x00001674   0x000000ac   Code   RO          816    i.receive_puck_info  game.o
    0x00001720   0x00001720   0x00000074   Code   RO           70    i.setAddrWindow     adctestmain.o
    0x00001794   0x00001794   0x00000050   Code   RO          817    i.transmit_puck_info  game.o
    0x000017e4   0x000017e4   0x00000038   Code   RO           71    i.writecommand      adctestmain.o
    0x0000181c   0x0000181c   0x00000024   Code   RO           72    i.writedata         adctestmain.o
    0x00001840   0x00001840   0x00000842   Data   RO           74    .constdata          adctestmain.o
    0x00002082   0x00002082   0x00000002   PAD
    0x00002084   0x00002084   0x00000020   Data   RO         1024    Region$$Table       anon$$obj.o


    Execution Region ER_RW (Exec base: 0x20000000, Load base: 0x000020a4, Size: 0x00000054, Max: 0xffffffff, ABSOLUTE)

    Exec Addr    Load Addr    Size         Type   Attr      Idx    E Section Name        Object

    0x20000000   0x000020a4   0x00000038   Data   RW           75    .data               adctestmain.o
    0x20000038   0x000020dc   0x00000010   Data   RW          701    .data               uart.o
    0x20000048   0x000020ec   0x0000000c   Data   RW          819    .data               game.o


    Execution Region ER_ZI (Exec base: 0x20000054, Load base: 0x000020f8, Size: 0x000004ec, Max: 0xffffffff, ABSOLUTE)

    Exec Addr    Load Addr    Size         Type   Attr      Idx    E Section Name        Object

    0x20000054        -       0x0000000c   Zero   RW           73    .bss                adctestmain.o
    0x20000060        -       0x00000080   Zero   RW          700    .bss                uart.o
    0x200000e0        -       0x00000060   Zero   RW          896    .bss                c_w.l(libspace.o)
    0x20000140        -       0x00000000   Zero   RW            2    HEAP                startup.o
    0x20000140        -       0x00000400   Zero   RW            1    STACK               startup.o


==============================================================================

Image component sizes


      Code (inc. data)   RO Data    RW Data    ZI Data      Debug   Object Name

      1978        212       2114         56         12      19720   adctestmain.o
        88         12          0          0          0        822   controls.o
       744         36          0         12          0       3594   game.o
       124          4          0          0          0        463   pll.o
      1388        148          0          0          0       3571   ports.o
       692        632          0          0       1024        980   startup.o
       910        136          0         16        128       8616   uart.o

    ----------------------------------------------------------------------
      5930       1180       2148         84       1164      37766   Object Totals
         0          0         32          0          0          0   (incl. Generated)
         6          0          2          0          0          0   (incl. Padding)

    ----------------------------------------------------------------------

      Code (inc. data)   RO Data    RW Data    ZI Data      Debug   Library Member Name

         8          0          0          0          0         68   __main.o
         0          0          0          0          0          0   __rtentry.o
        12          0          0          0          0          0   __rtentry2.o
         6          0          0          0          0          0   __rtentry4.o
        52          8          0          0          0          0   __scatter.o
        26          0          0          0          0          0   __scatter_copy.o
        28          0          0          0          0          0   __scatter_zi.o
        18          0          0          0          0         80   exit.o
         6          0          0          0          0        152   heapauxi.o
         0          0          0          0          0          0   indicate_semi.o
         2          0          0          0          0          0   libinit.o
         2          0          0          0          0          0   libinit2.o
         2          0          0          0          0          0   libshutdown.o
         2          0          0          0          0          0   libshutdown2.o
         8          4          0          0         96         68   libspace.o
         2          0          0          0          0          0   rtexit.o
        10          0          0          0          0          0   rtexit2.o
        12          4          0          0          0         68   sys_exit.o
        74          0          0          0          0         80   sys_stackheap_outer.o
         2          0          0          0          0         68   use_no_semi.o

    ----------------------------------------------------------------------
       278         16          0          0         96        584   Library Totals
         6          0          0          0          0          0   (incl. Padding)

    ----------------------------------------------------------------------

      Code (inc. data)   RO Data    RW Data    ZI Data      Debug   Library Name

       272         16          0          0         96        584   c_w.l

    ----------------------------------------------------------------------
       278         16          0          0         96        584   Library Totals

    ----------------------------------------------------------------------

==============================================================================


      Code (inc. data)   RO Data    RW Data    ZI Data      Debug   

      6208       1196       2148         84       1260      35746   Grand Totals
      6208       1196       2148         84       1260      35746   ELF Image Totals
      6208       1196       2148         84          0          0   ROM Totals

==============================================================================

    Total RO  Size (Code + RO Data)                 8356 (   8.16kB)
    Total RW  Size (RW Data + ZI Data)              1344 (   1.31kB)
    Total ROM Size (Code + RO Data + RW Data)       8440 (   8.24kB)

==============================================================================

