Component: ARM Compiler 5.06 update 7 (build 960) Tool: armlink [4d3601]

==============================================================================

Section Cross References

    startup.o(STACK) refers (Special) to heapauxi.o(.text) for __use_two_region_memory
    startup.o(HEAP) refers (Special) to heapauxi.o(.text) for __use_two_region_memory
    startup.o(RESET) refers (Special) to heapauxi.o(.text) for __use_two_region_memory
    startup.o(RESET) refers to startup.o(STACK) for StackMem
    startup.o(RESET) refers to adctestmain.o(i.Timer0A_Handler) for Timer0A_Handler
    startup.o(RESET) refers to adctestmain.o(i.Timer3A_Handler) for Timer3A_Handler
    startup.o(RESET) refers to texas.o(i.Timer5A_Handler) for Timer5A_Handler
    startup.o(RESET) refers to __main.o(!!!main) for __main
    startup.o(.text) refers (Special) to heapauxi.o(.text) for __use_two_region_memory
    startup.o(.text) refers to startup.o(HEAP) for HeapMem
    startup.o(.text) refers to startup.o(STACK) for StackMem
    adctestmain.o(i.Output_Clear) refers to adctestmain.o(i.ST7735_FillScreen) for ST7735_FillScreen
    adctestmain.o(i.Output_Color) refers to adctestmain.o(i.ST7735_SetTextColor) for ST7735_SetTextColor
    adctestmain.o(i.Output_Init) refers to adctestmain.o(i.ST7735_InitR) for ST7735_InitR
    adctestmain.o(i.Output_Init) refers to adctestmain.o(i.ST7735_FillScreen) for ST7735_FillScreen
    adctestmain.o(i.Output_Off) refers to adctestmain.o(i.Output_Clear) for Output_Clear
    adctestmain.o(i.Output_On) refers to adctestmain.o(i.Output_Init) for Output_Init
    adctestmain.o(i.ST7735_DrawBitmap) refers to adctestmain.o(i.setAddrWindow) for setAddrWindow
    adctestmain.o(i.ST7735_DrawBitmap) refers to adctestmain.o(i.writedata) for writedata
    adctestmain.o(i.ST7735_DrawBitmap) refers to adctestmain.o(i.deselect) for deselect
    adctestmain.o(i.ST7735_DrawBitmap) refers to adctestmain.o(.data) for _width
    adctestmain.o(i.ST7735_DrawChar) refers to adctestmain.o(i.setAddrWindow) for setAddrWindow
    adctestmain.o(i.ST7735_DrawChar) refers to adctestmain.o(i.pushColor) for pushColor
    adctestmain.o(i.ST7735_DrawChar) refers to adctestmain.o(i.deselect) for deselect
    adctestmain.o(i.ST7735_DrawChar) refers to adctestmain.o(.data) for _width
    adctestmain.o(i.ST7735_DrawChar) refers to adctestmain.o(.constdata) for Font
    adctestmain.o(i.ST7735_DrawCharS) refers to adctestmain.o(i.ST7735_DrawPixel) for ST7735_DrawPixel
    adctestmain.o(i.ST7735_DrawCharS) refers to adctestmain.o(i.ST7735_FillRect) for ST7735_FillRect
    adctestmain.o(i.ST7735_DrawCharS) refers to adctestmain.o(.data) for _width
    adctestmain.o(i.ST7735_DrawCharS) refers to adctestmain.o(.constdata) for Font
    adctestmain.o(i.ST7735_DrawCircle) refers to adctestmain.o(i.setAddrWindow) for setAddrWindow
    adctestmain.o(i.ST7735_DrawCircle) refers to adctestmain.o(i.writedata) for writedata
    adctestmain.o(i.ST7735_DrawCircle) refers to adctestmain.o(i.deselect) for deselect
    adctestmain.o(i.ST7735_DrawCircle) refers to adctestmain.o(.data) for _width
    adctestmain.o(i.ST7735_DrawCircle) refers to adctestmain.o(.constdata) for circle
    adctestmain.o(i.ST7735_DrawFastHLine) refers to adctestmain.o(i.setAddrWindow) for setAddrWindow
    adctestmain.o(i.ST7735_DrawFastHLine) refers to adctestmain.o(i.writedata) for writedata
    adctestmain.o(i.ST7735_DrawFastHLine) refers to adctestmain.o(i.deselect) for deselect
    adctestmain.o(i.ST7735_DrawFastHLine) refers to adctestmain.o(.data) for _width
    adctestmain.o(i.ST7735_DrawFastVLine) refers to adctestmain.o(i.setAddrWindow) for setAddrWindow
    adctestmain.o(i.ST7735_DrawFastVLine) refers to adctestmain.o(i.writedata) for writedata
    adctestmain.o(i.ST7735_DrawFastVLine) refers to adctestmain.o(i.deselect) for deselect
    adctestmain.o(i.ST7735_DrawFastVLine) refers to adctestmain.o(.data) for _width
    adctestmain.o(i.ST7735_DrawPixel) refers to adctestmain.o(i.setAddrWindow) for setAddrWindow
    adctestmain.o(i.ST7735_DrawPixel) refers to adctestmain.o(i.pushColor) for pushColor
    adctestmain.o(i.ST7735_DrawPixel) refers to adctestmain.o(i.deselect) for deselect
    adctestmain.o(i.ST7735_DrawPixel) refers to adctestmain.o(.data) for _width
    adctestmain.o(i.ST7735_DrawSmallCircle) refers to adctestmain.o(i.setAddrWindow) for setAddrWindow
    adctestmain.o(i.ST7735_DrawSmallCircle) refers to adctestmain.o(i.writedata) for writedata
    adctestmain.o(i.ST7735_DrawSmallCircle) refers to adctestmain.o(i.deselect) for deselect
    adctestmain.o(i.ST7735_DrawSmallCircle) refers to adctestmain.o(.data) for _width
    adctestmain.o(i.ST7735_DrawSmallCircle) refers to adctestmain.o(.constdata) for smallCircle
    adctestmain.o(i.ST7735_DrawString) refers to adctestmain.o(i.ST7735_DrawCharS) for ST7735_DrawCharS
    adctestmain.o(i.ST7735_FillRect) refers to adctestmain.o(i.setAddrWindow) for setAddrWindow
    adctestmain.o(i.ST7735_FillRect) refers to adctestmain.o(i.writedata) for writedata
    adctestmain.o(i.ST7735_FillRect) refers to adctestmain.o(i.deselect) for deselect
    adctestmain.o(i.ST7735_FillRect) refers to adctestmain.o(.data) for _width
    adctestmain.o(i.ST7735_FillScreen) refers to adctestmain.o(i.ST7735_FillRect) for ST7735_FillRect
    adctestmain.o(i.ST7735_FillScreen) refers to adctestmain.o(.data) for _height
    adctestmain.o(i.ST7735_InitB) refers to adctestmain.o(i.commonInit) for commonInit
    adctestmain.o(i.ST7735_InitB) refers to adctestmain.o(i.ST7735_SetCursor) for ST7735_SetCursor
    adctestmain.o(i.ST7735_InitB) refers to adctestmain.o(i.ST7735_FillScreen) for ST7735_FillScreen
    adctestmain.o(i.ST7735_InitB) refers to adctestmain.o(.constdata) for Bcmd
    adctestmain.o(i.ST7735_InitB) refers to adctestmain.o(.data) for StTextColor
    adctestmain.o(i.ST7735_InitR) refers to adctestmain.o(i.commonInit) for commonInit
    adctestmain.o(i.ST7735_InitR) refers to adctestmain.o(i.commandList) for commandList
    adctestmain.o(i.ST7735_InitR) refers to adctestmain.o(i.writecommand) for writecommand
    adctestmain.o(i.ST7735_InitR) refers to adctestmain.o(i.writedata) for writedata
    adctestmain.o(i.ST7735_InitR) refers to adctestmain.o(i.ST7735_SetCursor) for ST7735_SetCursor
    adctestmain.o(i.ST7735_InitR) refers to adctestmain.o(i.ST7735_FillScreen) for ST7735_FillScreen
    adctestmain.o(i.ST7735_InitR) refers to adctestmain.o(.constdata) for Rcmd1
    adctestmain.o(i.ST7735_InitR) refers to adctestmain.o(.data) for ColStart
    adctestmain.o(i.ST7735_InvertDisplay) refers to adctestmain.o(i.writecommand) for writecommand
    adctestmain.o(i.ST7735_InvertDisplay) refers to adctestmain.o(i.deselect) for deselect
    adctestmain.o(i.ST7735_Line) refers to adctestmain.o(i.plotLineX) for plotLineX
    adctestmain.o(i.ST7735_Line) refers to adctestmain.o(i.plotLineY) for plotLineY
    adctestmain.o(i.ST7735_OutChar) refers to adctestmain.o(i.ST7735_DrawString) for ST7735_DrawString
    adctestmain.o(i.ST7735_OutChar) refers to adctestmain.o(i.ST7735_DrawCharS) for ST7735_DrawCharS
    adctestmain.o(i.ST7735_OutChar) refers to adctestmain.o(.data) for StY
    adctestmain.o(i.ST7735_OutString) refers to adctestmain.o(i.ST7735_OutChar) for ST7735_OutChar
    adctestmain.o(i.ST7735_OutUDec) refers to adctestmain.o(i.fillmessage) for fillmessage
    adctestmain.o(i.ST7735_OutUDec) refers to adctestmain.o(i.ST7735_DrawString) for ST7735_DrawString
    adctestmain.o(i.ST7735_OutUDec) refers to adctestmain.o(i.ST7735_DrawCharS) for ST7735_DrawCharS
    adctestmain.o(i.ST7735_OutUDec) refers to adctestmain.o(.data) for Messageindex
    adctestmain.o(i.ST7735_OutUDec) refers to adctestmain.o(.bss) for Message
    adctestmain.o(i.ST7735_OutUDec4) refers to adctestmain.o(i.fillmessage4) for fillmessage4
    adctestmain.o(i.ST7735_OutUDec4) refers to adctestmain.o(i.ST7735_DrawString) for ST7735_DrawString
    adctestmain.o(i.ST7735_OutUDec4) refers to adctestmain.o(i.ST7735_DrawCharS) for ST7735_DrawCharS
    adctestmain.o(i.ST7735_OutUDec4) refers to adctestmain.o(.data) for Messageindex
    adctestmain.o(i.ST7735_OutUDec4) refers to adctestmain.o(.bss) for Message
    adctestmain.o(i.ST7735_OutUDec5) refers to adctestmain.o(i.fillmessage5) for fillmessage5
    adctestmain.o(i.ST7735_OutUDec5) refers to adctestmain.o(i.ST7735_DrawString) for ST7735_DrawString
    adctestmain.o(i.ST7735_OutUDec5) refers to adctestmain.o(i.ST7735_DrawCharS) for ST7735_DrawCharS
    adctestmain.o(i.ST7735_OutUDec5) refers to adctestmain.o(.data) for Messageindex
    adctestmain.o(i.ST7735_OutUDec5) refers to adctestmain.o(.bss) for Message
    adctestmain.o(i.ST7735_PlotBar) refers to adctestmain.o(i.ST7735_DrawFastVLine) for ST7735_DrawFastVLine
    adctestmain.o(i.ST7735_PlotBar) refers to adctestmain.o(.data) for Ymin
    adctestmain.o(i.ST7735_PlotClear) refers to adctestmain.o(i.ST7735_Color565) for ST7735_Color565
    adctestmain.o(i.ST7735_PlotClear) refers to adctestmain.o(i.ST7735_FillRect) for ST7735_FillRect
    adctestmain.o(i.ST7735_PlotClear) refers to adctestmain.o(.data) for Ymax
    adctestmain.o(i.ST7735_PlotLine) refers to adctestmain.o(i.ST7735_DrawPixel) for ST7735_DrawPixel
    adctestmain.o(i.ST7735_PlotLine) refers to adctestmain.o(.data) for Ymin
    adctestmain.o(i.ST7735_PlotNext) refers to adctestmain.o(.data) for X
    adctestmain.o(i.ST7735_PlotNextErase) refers to adctestmain.o(i.ST7735_Color565) for ST7735_Color565
    adctestmain.o(i.ST7735_PlotNextErase) refers to adctestmain.o(i.ST7735_DrawFastVLine) for ST7735_DrawFastVLine
    adctestmain.o(i.ST7735_PlotNextErase) refers to adctestmain.o(.data) for X
    adctestmain.o(i.ST7735_PlotPoint) refers to adctestmain.o(i.ST7735_DrawPixel) for ST7735_DrawPixel
    adctestmain.o(i.ST7735_PlotPoint) refers to adctestmain.o(.data) for Ymin
    adctestmain.o(i.ST7735_PlotPoints) refers to adctestmain.o(i.ST7735_DrawPixel) for ST7735_DrawPixel
    adctestmain.o(i.ST7735_PlotPoints) refers to adctestmain.o(.data) for Ymin
    adctestmain.o(i.ST7735_PlotdBfs) refers to adctestmain.o(i.ST7735_DrawFastVLine) for ST7735_DrawFastVLine
    adctestmain.o(i.ST7735_PlotdBfs) refers to adctestmain.o(.constdata) for dBfs
    adctestmain.o(i.ST7735_PlotdBfs) refers to adctestmain.o(.data) for X
    adctestmain.o(i.ST7735_SetCursor) refers to adctestmain.o(.data) for StX
    adctestmain.o(i.ST7735_SetRotation) refers to adctestmain.o(i.writecommand) for writecommand
    adctestmain.o(i.ST7735_SetRotation) refers to adctestmain.o(i.writedata) for writedata
    adctestmain.o(i.ST7735_SetRotation) refers to adctestmain.o(i.deselect) for deselect
    adctestmain.o(i.ST7735_SetRotation) refers to adctestmain.o(.data) for Rotation
    adctestmain.o(i.ST7735_SetTextColor) refers to adctestmain.o(.data) for StTextColor
    adctestmain.o(i.ST7735_SetX) refers to adctestmain.o(.data) for X
    adctestmain.o(i.ST7735_sDecOut2) refers to adctestmain.o(i.ST7735_OutString) for ST7735_OutString
    adctestmain.o(i.ST7735_sDecOut2) refers to adctestmain.o(i.ST7735_OutUDec) for ST7735_OutUDec
    adctestmain.o(i.ST7735_uBinOut6) refers to adctestmain.o(i.ST7735_OutString) for ST7735_OutString
    adctestmain.o(i.ST7735_uBinOut6) refers to adctestmain.o(i.ST7735_OutUDec) for ST7735_OutUDec
    adctestmain.o(i.Timer0A_Handler) refers to adcswtrigger.o(i.ADC0_InSeq3) for ADC0_InSeq3
    adctestmain.o(i.Timer0A_Handler) refers to adctestmain.o(i.graphResults) for graphResults
    adctestmain.o(i.Timer0A_Handler) refers to adctestmain.o(.data) for ADCvalue
    adctestmain.o(i.Timer0A_Handler) refers to adctestmain.o(.bss) for ADCMeasurements
    adctestmain.o(i.Timer0A_Init100HzInt) refers to startup.o(.text) for DisableInterrupts
    adctestmain.o(i.commandList) refers to adctestmain.o(i.writecommand) for writecommand
    adctestmain.o(i.commandList) refers to adctestmain.o(i.writedata) for writedata
    adctestmain.o(i.commandList) refers to adctestmain.o(i.Delay1ms) for Delay1ms
    adctestmain.o(i.commonInit) refers to adctestmain.o(i.Delay1ms) for Delay1ms
    adctestmain.o(i.commonInit) refers to adctestmain.o(i.commandList) for commandList
    adctestmain.o(i.commonInit) refers to adctestmain.o(.data) for RowStart
    adctestmain.o(i.fillmessage) refers to adctestmain.o(.bss) for Message
    adctestmain.o(i.fillmessage) refers to adctestmain.o(.data) for Messageindex
    adctestmain.o(i.fillmessage4) refers to adctestmain.o(i.fillmessage) for fillmessage
    adctestmain.o(i.fillmessage4) refers to adctestmain.o(.data) for Messageindex
    adctestmain.o(i.fillmessage4) refers to adctestmain.o(.bss) for Message
    adctestmain.o(i.fillmessage5) refers to adctestmain.o(i.fillmessage) for fillmessage
    adctestmain.o(i.fillmessage5) refers to adctestmain.o(.data) for Messageindex
    adctestmain.o(i.fillmessage5) refers to adctestmain.o(.bss) for Message
    adctestmain.o(i.fputc) refers to adctestmain.o(i.ST7735_OutChar) for ST7735_OutChar
    adctestmain.o(i.graphResults) refers to adctestmain.o(i.ST7735_PlotClear) for ST7735_PlotClear
    adctestmain.o(i.graphResults) refers to adctestmain.o(i.ST7735_PlotBar) for ST7735_PlotBar
    adctestmain.o(i.graphResults) refers to adctestmain.o(i.ST7735_PlotNext) for ST7735_PlotNext
    adctestmain.o(i.graphResults) refers to adctestmain.o(.bss) for PMF
    adctestmain.o(i.main) refers to texas.o(i.TExaS_SetTask) for TExaS_SetTask
    adctestmain.o(i.main) refers to launchpad.o(i.LaunchPad_Init) for LaunchPad_Init
    adctestmain.o(i.main) refers to adctestmain.o(i.Output_Init) for Output_Init
    adctestmain.o(i.main) refers to adctestmain.o(i.Timer1_Init) for Timer1_Init
    adctestmain.o(i.main) refers to adctestmain.o(i.Port_D_Init) for Port_D_Init
    adctestmain.o(i.main) refers to adctestmain.o(i.DAC_Init) for DAC_Init
    adctestmain.o(i.main) refers to adctestmain.o(i.Timer3A_Init) for Timer3A_Init
    adctestmain.o(i.main) refers to adcswtrigger.o(i.ADC0_InitSWTriggerSeq3) for ADC0_InitSWTriggerSeq3
    adctestmain.o(i.main) refers to adctestmain.o(i.Timer0A_Init100HzInt) for Timer0A_Init100HzInt
    adctestmain.o(i.main) refers to startup.o(.text) for EnableInterrupts
    adctestmain.o(i.main) refers to adctestmain.o(i.DAC_Out) for DAC_Out
    adctestmain.o(i.main) refers to adctestmain.o(i.ScopeTask) for ScopeTask
    adctestmain.o(i.plotLineX) refers to adctestmain.o(i.ST7735_DrawPixel) for ST7735_DrawPixel
    adctestmain.o(i.plotLineY) refers to adctestmain.o(i.ST7735_DrawPixel) for ST7735_DrawPixel
    adctestmain.o(i.pushColor) refers to adctestmain.o(i.writedata) for writedata
    adctestmain.o(i.setAddrWindow) refers to adctestmain.o(i.writecommand) for writecommand
    adctestmain.o(i.setAddrWindow) refers to adctestmain.o(i.writedata) for writedata
    adctestmain.o(i.setAddrWindow) refers to adctestmain.o(.data) for ColStart
    adcswtrigger.o(i.ADC0_InSeq2) refers to adcswtrigger.o(.data) for UserTask2
    adcswtrigger.o(i.ADC0_InitSWTriggerSeq2) refers to adcswtrigger.o(.data) for UserTask2
    texas.o(i.LogicAnalyzer) refers to texas.o(.data) for LogicData
    texas.o(i.PeriodicTask2_Init) refers to startup.o(.text) for StartCritical
    texas.o(i.PeriodicTask2_Init) refers to texas.o(.data) for PeriodicTask2
    texas.o(i.TExaS_Clear0) refers to texas.o(.data) for LogicData
    texas.o(i.TExaS_Clear1) refers to texas.o(.data) for LogicData
    texas.o(i.TExaS_Clear2) refers to texas.o(.data) for LogicData
    texas.o(i.TExaS_Clear3) refers to texas.o(.data) for LogicData
    texas.o(i.TExaS_Clear5) refers to texas.o(.data) for LogicData
    texas.o(i.TExaS_Clear6) refers to texas.o(.data) for LogicData
    texas.o(i.TExaS_Init) refers to texas.o(i.UART_Init) for UART_Init
    texas.o(i.TExaS_Init) refers to texas.o(i.PeriodicTask2_Init) for PeriodicTask2_Init
    texas.o(i.TExaS_Init) refers to texas.o(i.ADC1_Init) for ADC1_Init
    texas.o(i.TExaS_Init) refers to texas.o(.data) for LogicData
    texas.o(i.TExaS_Init) refers to texas.o(i.LogicAnalyzer) for LogicAnalyzer
    texas.o(i.TExaS_Init) refers to texas.o(i.Scope) for Scope
    texas.o(i.TExaS_Set0) refers to texas.o(.data) for LogicData
    texas.o(i.TExaS_Set1) refers to texas.o(.data) for LogicData
    texas.o(i.TExaS_Set2) refers to texas.o(.data) for LogicData
    texas.o(i.TExaS_Set3) refers to texas.o(.data) for LogicData
    texas.o(i.TExaS_Set5) refers to texas.o(.data) for LogicData
    texas.o(i.TExaS_Set6) refers to texas.o(.data) for LogicData
    texas.o(i.TExaS_SetTask) refers to pll.o(i.PLL_Init) for PLL_Init
    texas.o(i.TExaS_SetTask) refers to texas.o(i.ADC1_Init) for ADC1_Init
    texas.o(i.TExaS_SetTask) refers to texas.o(i.UART_Init) for UART_Init
    texas.o(i.TExaS_SetTask) refers to texas.o(i.PeriodicTask2_Init) for PeriodicTask2_Init
    texas.o(i.TExaS_Stop) refers to texas.o(i.PeriodicTask2_Stop) for PeriodicTask2_Stop
    texas.o(i.TExaS_Task0) refers to texas.o(.data) for LogicData
    texas.o(i.TExaS_Task1) refers to texas.o(.data) for LogicData
    texas.o(i.TExaS_Task2) refers to texas.o(.data) for LogicData
    texas.o(i.TExaS_Task3) refers to texas.o(.data) for LogicData
    texas.o(i.TExaS_Task5) refers to texas.o(.data) for LogicData
    texas.o(i.TExaS_Task6) refers to texas.o(.data) for LogicData
    texas.o(i.Timer5A_Handler) refers to texas.o(.data) for PeriodicTask2
    __main.o(!!!main) refers to __rtentry.o(.ARM.Collect$$rtentry$$00000000) for __rt_entry
    __rtentry.o(.ARM.Collect$$rtentry$$00000000) refers (Special) to __rtentry2.o(.ARM.Collect$$rtentry$$0000000A) for __rt_entry_li
    __rtentry.o(.ARM.Collect$$rtentry$$00000000) refers (Special) to __rtentry2.o(.ARM.Collect$$rtentry$$0000000D) for __rt_entry_main
    __rtentry.o(.ARM.Collect$$rtentry$$00000000) refers (Special) to __rtentry2.o(.ARM.Collect$$rtentry$$0000000C) for __rt_entry_postli_1
    __rtentry.o(.ARM.Collect$$rtentry$$00000000) refers (Special) to __rtentry2.o(.ARM.Collect$$rtentry$$00000009) for __rt_entry_postsh_1
    __rtentry.o(.ARM.Collect$$rtentry$$00000000) refers (Special) to __rtentry2.o(.ARM.Collect$$rtentry$$00000002) for __rt_entry_presh_1
    __rtentry.o(.ARM.Collect$$rtentry$$00000000) refers (Special) to __rtentry4.o(.ARM.Collect$$rtentry$$00000004) for __rt_entry_sh
    __rtentry2.o(.ARM.Collect$$rtentry$$00000008) refers to boardinit2.o(.text) for _platform_post_stackheap_init
    __rtentry2.o(.ARM.Collect$$rtentry$$0000000A) refers to libinit.o(.ARM.Collect$$libinit$$00000000) for __rt_lib_init
    __rtentry2.o(.ARM.Collect$$rtentry$$0000000B) refers to boardinit3.o(.text) for _platform_post_lib_init
    __rtentry2.o(.ARM.Collect$$rtentry$$0000000D) refers to adctestmain.o(i.main) for main
    __rtentry2.o(.ARM.Collect$$rtentry$$0000000D) refers to exit.o(.text) for exit
    __rtentry2.o(.ARM.exidx) refers to __rtentry2.o(.ARM.Collect$$rtentry$$00000001) for .ARM.Collect$$rtentry$$00000001
    __rtentry2.o(.ARM.exidx) refers to __rtentry2.o(.ARM.Collect$$rtentry$$00000008) for .ARM.Collect$$rtentry$$00000008
    __rtentry2.o(.ARM.exidx) refers to __rtentry2.o(.ARM.Collect$$rtentry$$0000000A) for .ARM.Collect$$rtentry$$0000000A
    __rtentry2.o(.ARM.exidx) refers to __rtentry2.o(.ARM.Collect$$rtentry$$0000000B) for .ARM.Collect$$rtentry$$0000000B
    __rtentry2.o(.ARM.exidx) refers to __rtentry2.o(.ARM.Collect$$rtentry$$0000000D) for .ARM.Collect$$rtentry$$0000000D
    __rtentry4.o(.ARM.Collect$$rtentry$$00000004) refers to sys_stackheap_outer.o(.text) for __user_setup_stackheap
    __rtentry4.o(.ARM.exidx) refers to __rtentry4.o(.ARM.Collect$$rtentry$$00000004) for .ARM.Collect$$rtentry$$00000004
    sys_stackheap_outer.o(.text) refers to libspace.o(.text) for __user_perproc_libspace
    sys_stackheap_outer.o(.text) refers to startup.o(.text) for __user_initial_stackheap
    exit.o(.text) refers to rtexit.o(.ARM.Collect$$rtexit$$00000000) for __rt_exit
    libinit.o(.ARM.Collect$$libinit$$00000000) refers (Special) to libinit2.o(.ARM.Collect$$libinit$$0000002E) for __rt_lib_init_alloca_1
    libinit.o(.ARM.Collect$$libinit$$00000000) refers (Special) to libinit2.o(.ARM.Collect$$libinit$$0000002C) for __rt_lib_init_argv_1
    libinit.o(.ARM.Collect$$libinit$$00000000) refers (Special) to libinit2.o(.ARM.Collect$$libinit$$0000001B) for __rt_lib_init_atexit_1
    libinit.o(.ARM.Collect$$libinit$$00000000) refers (Special) to libinit2.o(.ARM.Collect$$libinit$$00000021) for __rt_lib_init_clock_1
    libinit.o(.ARM.Collect$$libinit$$00000000) refers (Special) to libinit2.o(.ARM.Collect$$libinit$$00000032) for __rt_lib_init_cpp_1
    libinit.o(.ARM.Collect$$libinit$$00000000) refers (Special) to libinit2.o(.ARM.Collect$$libinit$$00000030) for __rt_lib_init_exceptions_1
    libinit.o(.ARM.Collect$$libinit$$00000000) refers (Special) to libinit2.o(.ARM.Collect$$libinit$$00000002) for __rt_lib_init_fp_1
    libinit.o(.ARM.Collect$$libinit$$00000000) refers (Special) to libinit2.o(.ARM.Collect$$libinit$$0000001F) for __rt_lib_init_fp_trap_1
    libinit.o(.ARM.Collect$$libinit$$00000000) refers (Special) to libinit2.o(.ARM.Collect$$libinit$$00000023) for __rt_lib_init_getenv_1
    libinit.o(.ARM.Collect$$libinit$$00000000) refers (Special) to libinit2.o(.ARM.Collect$$libinit$$0000000A) for __rt_lib_init_heap_1
    libinit.o(.ARM.Collect$$libinit$$00000000) refers (Special) to libinit2.o(.ARM.Collect$$libinit$$00000011) for __rt_lib_init_lc_collate_1
    libinit.o(.ARM.Collect$$libinit$$00000000) refers (Special) to libinit2.o(.ARM.Collect$$libinit$$00000013) for __rt_lib_init_lc_ctype_1
    libinit.o(.ARM.Collect$$libinit$$00000000) refers (Special) to libinit2.o(.ARM.Collect$$libinit$$00000015) for __rt_lib_init_lc_monetary_1
    libinit.o(.ARM.Collect$$libinit$$00000000) refers (Special) to libinit2.o(.ARM.Collect$$libinit$$00000017) for __rt_lib_init_lc_numeric_1
    libinit.o(.ARM.Collect$$libinit$$00000000) refers (Special) to libinit2.o(.ARM.Collect$$libinit$$00000019) for __rt_lib_init_lc_time_1
    libinit.o(.ARM.Collect$$libinit$$00000000) refers (Special) to libinit2.o(.ARM.Collect$$libinit$$00000004) for __rt_lib_init_preinit_1
    libinit.o(.ARM.Collect$$libinit$$00000000) refers (Special) to libinit2.o(.ARM.Collect$$libinit$$0000000E) for __rt_lib_init_rand_1
    libinit.o(.ARM.Collect$$libinit$$00000000) refers (Special) to libinit2.o(.ARM.Collect$$libinit$$00000033) for __rt_lib_init_return
    libinit.o(.ARM.Collect$$libinit$$00000000) refers (Special) to libinit2.o(.ARM.Collect$$libinit$$0000001D) for __rt_lib_init_signal_1
    libinit.o(.ARM.Collect$$libinit$$00000000) refers (Special) to libinit2.o(.ARM.Collect$$libinit$$00000025) for __rt_lib_init_stdio_1
    libinit.o(.ARM.Collect$$libinit$$00000000) refers (Special) to libinit2.o(.ARM.Collect$$libinit$$0000000C) for __rt_lib_init_user_alloc_1
    libspace.o(.text) refers to libspace.o(.bss) for __libspace_start
    rtexit.o(.ARM.Collect$$rtexit$$00000000) refers (Special) to rtexit2.o(.ARM.Collect$$rtexit$$00000004) for __rt_exit_exit
    rtexit.o(.ARM.Collect$$rtexit$$00000000) refers (Special) to rtexit2.o(.ARM.Collect$$rtexit$$00000003) for __rt_exit_ls
    rtexit.o(.ARM.Collect$$rtexit$$00000000) refers (Special) to rtexit2.o(.ARM.Collect$$rtexit$$00000002) for __rt_exit_prels_1
    rtexit.o(.ARM.exidx) refers (Special) to rtexit2.o(.ARM.Collect$$rtexit$$00000004) for __rt_exit_exit
    rtexit.o(.ARM.exidx) refers (Special) to rtexit2.o(.ARM.Collect$$rtexit$$00000003) for __rt_exit_ls
    rtexit.o(.ARM.exidx) refers (Special) to rtexit2.o(.ARM.Collect$$rtexit$$00000002) for __rt_exit_prels_1
    rtexit.o(.ARM.exidx) refers to rtexit.o(.ARM.Collect$$rtexit$$00000000) for .ARM.Collect$$rtexit$$00000000
    libinit2.o(.ARM.Collect$$libinit$$00000010) refers to libinit2.o(.ARM.Collect$$libinit$$0000000F) for .ARM.Collect$$libinit$$0000000F
    libinit2.o(.ARM.Collect$$libinit$$00000012) refers to libinit2.o(.ARM.Collect$$libinit$$0000000F) for .ARM.Collect$$libinit$$0000000F
    libinit2.o(.ARM.Collect$$libinit$$00000014) refers to libinit2.o(.ARM.Collect$$libinit$$0000000F) for .ARM.Collect$$libinit$$0000000F
    libinit2.o(.ARM.Collect$$libinit$$00000016) refers to libinit2.o(.ARM.Collect$$libinit$$0000000F) for .ARM.Collect$$libinit$$0000000F
    libinit2.o(.ARM.Collect$$libinit$$00000018) refers to libinit2.o(.ARM.Collect$$libinit$$0000000F) for .ARM.Collect$$libinit$$0000000F
    libinit2.o(.ARM.Collect$$libinit$$00000026) refers to argv_veneer.o(.emb_text) for __ARM_argv_veneer
    libinit2.o(.ARM.Collect$$libinit$$00000027) refers to argv_veneer.o(.emb_text) for __ARM_argv_veneer
    rtexit2.o(.ARM.Collect$$rtexit$$00000003) refers to libshutdown.o(.ARM.Collect$$libshutdown$$00000000) for __rt_lib_shutdown
    rtexit2.o(.ARM.Collect$$rtexit$$00000004) refers to sys_exit.o(.text) for _sys_exit
    rtexit2.o(.ARM.exidx) refers to rtexit2.o(.ARM.Collect$$rtexit$$00000001) for .ARM.Collect$$rtexit$$00000001
    rtexit2.o(.ARM.exidx) refers to rtexit2.o(.ARM.Collect$$rtexit$$00000003) for .ARM.Collect$$rtexit$$00000003
    rtexit2.o(.ARM.exidx) refers to rtexit2.o(.ARM.Collect$$rtexit$$00000004) for .ARM.Collect$$rtexit$$00000004
    argv_veneer.o(.emb_text) refers to no_argv.o(.text) for __ARM_get_argv
    sys_exit.o(.text) refers (Special) to use_no_semi.o(.text) for __I$use$semihosting
    sys_exit.o(.text) refers (Special) to indicate_semi.o(.text) for __semihosting_library_function
    _get_argv_nomalloc.o(.text) refers (Special) to hrguard.o(.text) for __heap_region$guard
    _get_argv_nomalloc.o(.text) refers to defsig_rtmem_outer.o(.text) for __rt_SIGRTMEM
    _get_argv_nomalloc.o(.text) refers to sys_command.o(.text) for _sys_command_string
    libshutdown.o(.ARM.Collect$$libshutdown$$00000000) refers (Special) to libshutdown2.o(.ARM.Collect$$libshutdown$$00000004) for __rt_lib_shutdown_cpp_1
    libshutdown.o(.ARM.Collect$$libshutdown$$00000000) refers (Special) to libshutdown2.o(.ARM.Collect$$libshutdown$$00000002) for __rt_lib_shutdown_fini_1
    libshutdown.o(.ARM.Collect$$libshutdown$$00000000) refers (Special) to libshutdown2.o(.ARM.Collect$$libshutdown$$00000009) for __rt_lib_shutdown_fp_trap_1
    libshutdown.o(.ARM.Collect$$libshutdown$$00000000) refers (Special) to libshutdown2.o(.ARM.Collect$$libshutdown$$00000011) for __rt_lib_shutdown_heap_1
    libshutdown.o(.ARM.Collect$$libshutdown$$00000000) refers (Special) to libshutdown2.o(.ARM.Collect$$libshutdown$$00000012) for __rt_lib_shutdown_return
    libshutdown.o(.ARM.Collect$$libshutdown$$00000000) refers (Special) to libshutdown2.o(.ARM.Collect$$libshutdown$$0000000C) for __rt_lib_shutdown_signal_1
    libshutdown.o(.ARM.Collect$$libshutdown$$00000000) refers (Special) to libshutdown2.o(.ARM.Collect$$libshutdown$$00000006) for __rt_lib_shutdown_stdio_1
    libshutdown.o(.ARM.Collect$$libshutdown$$00000000) refers (Special) to libshutdown2.o(.ARM.Collect$$libshutdown$$0000000E) for __rt_lib_shutdown_user_alloc_1
    sys_command.o(.text) refers (Special) to use_no_semi.o(.text) for __I$use$semihosting
    sys_command.o(.text) refers (Special) to indicate_semi.o(.text) for __semihosting_library_function
    defsig_rtmem_outer.o(.text) refers to defsig_rtmem_inner.o(.text) for __rt_SIGRTMEM_inner
    defsig_rtmem_outer.o(.text) refers to defsig_exit.o(.text) for __sig_exit
    defsig_rtmem_formal.o(.text) refers to rt_raise.o(.text) for __rt_raise
    rt_raise.o(.text) refers to __raise.o(.text) for __raise
    rt_raise.o(.text) refers to sys_exit.o(.text) for _sys_exit
    defsig_exit.o(.text) refers to sys_exit.o(.text) for _sys_exit
    defsig_rtmem_inner.o(.text) refers to defsig_general.o(.text) for __default_signal_display
    __raise.o(.text) refers to defsig.o(CL$$defsig) for __default_signal_handler
    defsig_general.o(.text) refers to sys_wrch.o(.text) for _ttywrch
    sys_wrch.o(.text) refers (Special) to use_no_semi.o(.text) for __I$use$semihosting
    sys_wrch.o(.text) refers (Special) to indicate_semi.o(.text) for __semihosting_library_function
    defsig.o(CL$$defsig) refers to defsig_rtmem_inner.o(.text) for __rt_SIGRTMEM_inner
    defsig_abrt_inner.o(.text) refers to defsig_general.o(.text) for __default_signal_display
    defsig_fpe_inner.o(.text) refers to defsig_general.o(.text) for __default_signal_display
    defsig_rtred_inner.o(.text) refers to defsig_general.o(.text) for __default_signal_display
    defsig_stak_inner.o(.text) refers to defsig_general.o(.text) for __default_signal_display
    defsig_pvfn_inner.o(.text) refers to defsig_general.o(.text) for __default_signal_display
    defsig_cppl_inner.o(.text) refers to defsig_general.o(.text) for __default_signal_display
    defsig_segv_inner.o(.text) refers to defsig_general.o(.text) for __default_signal_display
    defsig_other.o(.text) refers to defsig_general.o(.text) for __default_signal_display


==============================================================================

Removing Unused input sections from the image.

    Removing adctestmain.o(i.LogicAnalyzerTask), (24 bytes).
    Removing adctestmain.o(i.Output_Clear), (10 bytes).
    Removing adctestmain.o(i.Output_Color), (12 bytes).
    Removing adctestmain.o(i.Output_Off), (8 bytes).
    Removing adctestmain.o(i.Output_On), (8 bytes).
    Removing adctestmain.o(i.ST7735_DrawBitmap), (292 bytes).
    Removing adctestmain.o(i.ST7735_DrawChar), (276 bytes).
    Removing adctestmain.o(i.ST7735_DrawCharS), (248 bytes).
    Removing adctestmain.o(i.ST7735_DrawCircle), (172 bytes).
    Removing adctestmain.o(i.ST7735_DrawFastHLine), (128 bytes).
    Removing adctestmain.o(i.ST7735_DrawPixel), (76 bytes).
    Removing adctestmain.o(i.ST7735_DrawSmallCircle), (172 bytes).
    Removing adctestmain.o(i.ST7735_DrawString), (86 bytes).
    Removing adctestmain.o(i.ST7735_InitB), (40 bytes).
    Removing adctestmain.o(i.ST7735_InvertDisplay), (26 bytes).
    Removing adctestmain.o(i.ST7735_Line), (126 bytes).
    Removing adctestmain.o(i.ST7735_OutChar), (212 bytes).
    Removing adctestmain.o(i.ST7735_OutString), (24 bytes).
    Removing adctestmain.o(i.ST7735_OutUDec), (140 bytes).
    Removing adctestmain.o(i.ST7735_OutUDec4), (140 bytes).
    Removing adctestmain.o(i.ST7735_OutUDec5), (140 bytes).
    Removing adctestmain.o(i.ST7735_PlotLine), (264 bytes).
    Removing adctestmain.o(i.ST7735_PlotNextErase), (64 bytes).
    Removing adctestmain.o(i.ST7735_PlotPoint), (152 bytes).
    Removing adctestmain.o(i.ST7735_PlotPoints), (172 bytes).
    Removing adctestmain.o(i.ST7735_PlotdBfs), (60 bytes).
    Removing adctestmain.o(i.ST7735_SetRotation), (216 bytes).
    Removing adctestmain.o(i.ST7735_SetTextColor), (12 bytes).
    Removing adctestmain.o(i.ST7735_SetX), (36 bytes).
    Removing adctestmain.o(i.ST7735_SwapColor), (18 bytes).
    Removing adctestmain.o(i.ST7735_XYplot), (2 bytes).
    Removing adctestmain.o(i.ST7735_XYplotInit), (6 bytes).
    Removing adctestmain.o(i.ST7735_sDecOut2), (304 bytes).
    Removing adctestmain.o(i.ST7735_uBinOut6), (228 bytes).
    Removing adctestmain.o(i.ferror), (8 bytes).
    Removing adctestmain.o(i.fgetc), (6 bytes).
    Removing adctestmain.o(i.fillmessage), (72 bytes).
    Removing adctestmain.o(i.fillmessage4), (100 bytes).
    Removing adctestmain.o(i.fillmessage5), (128 bytes).
    Removing adctestmain.o(i.fputc), (16 bytes).
    Removing adctestmain.o(i.plotLineX), (166 bytes).
    Removing adctestmain.o(i.plotLineY), (164 bytes).
    Removing adctestmain.o(i.pushColor), (18 bytes).
    Removing adcswtrigger.o(i.ADC0_InSeq2), (80 bytes).
    Removing adcswtrigger.o(i.ADC0_InSeq3_InternalTemperature), (64 bytes).
    Removing adcswtrigger.o(i.ADC0_InitSWTriggerSeq2), (224 bytes).
    Removing adcswtrigger.o(i.ADC0_InitSWTriggerSeq3_Ch7), (248 bytes).
    Removing adcswtrigger.o(i.ADC0_InitSWTriggerSeq3_Ch9), (248 bytes).
    Removing adcswtrigger.o(i.ADC0_InitSWTriggerSeq3_InternalTemperature), (128 bytes).
    Removing adcswtrigger.o(i.ADC_In3210), (80 bytes).
    Removing adcswtrigger.o(i.ADC_In89), (56 bytes).
    Removing adcswtrigger.o(i.ADC_Init3210), (248 bytes).
    Removing adcswtrigger.o(i.ADC_Init89), (220 bytes).
    Removing adcswtrigger.o(.data), (4 bytes).
    Removing texas.o(i.LogicAnalyzer), (20 bytes).
    Removing texas.o(i.PeriodicTask2_Stop), (36 bytes).
    Removing texas.o(i.Scope), (20 bytes).
    Removing texas.o(i.TExaS_Clear0), (20 bytes).
    Removing texas.o(i.TExaS_Clear1), (20 bytes).
    Removing texas.o(i.TExaS_Clear2), (20 bytes).
    Removing texas.o(i.TExaS_Clear3), (20 bytes).
    Removing texas.o(i.TExaS_Clear4), (2 bytes).
    Removing texas.o(i.TExaS_Clear5), (20 bytes).
    Removing texas.o(i.TExaS_Clear6), (20 bytes).
    Removing texas.o(i.TExaS_Init), (84 bytes).
    Removing texas.o(i.TExaS_Set0), (20 bytes).
    Removing texas.o(i.TExaS_Set1), (20 bytes).
    Removing texas.o(i.TExaS_Set2), (20 bytes).
    Removing texas.o(i.TExaS_Set3), (20 bytes).
    Removing texas.o(i.TExaS_Set4), (2 bytes).
    Removing texas.o(i.TExaS_Set5), (20 bytes).
    Removing texas.o(i.TExaS_Set6), (20 bytes).
    Removing texas.o(i.TExaS_Stop), (8 bytes).
    Removing texas.o(i.TExaS_Task0), (20 bytes).
    Removing texas.o(i.TExaS_Task1), (20 bytes).
    Removing texas.o(i.TExaS_Task2), (20 bytes).
    Removing texas.o(i.TExaS_Task3), (20 bytes).
    Removing texas.o(i.TExaS_Task4), (2 bytes).
    Removing texas.o(i.TExaS_Task5), (20 bytes).
    Removing texas.o(i.TExaS_Task6), (20 bytes).
    Removing texas.o(i.UART_InChar), (28 bytes).
    Removing texas.o(i.UART_OutChar), (24 bytes).

82 unused section(s) (total 6758 bytes) removed from the image.

==============================================================================

Image Symbol Table

    Local Symbols

    Symbol Name                              Value     Ov Type        Size  Object(Section)

    RESET                                    0x00000000   Section      644  startup.o(RESET)
    ../clib/angel/boardlib.s                 0x00000000   Number         0  boardinit3.o ABSOLUTE
    ../clib/angel/boardlib.s                 0x00000000   Number         0  boardinit1.o ABSOLUTE
    ../clib/angel/boardlib.s                 0x00000000   Number         0  boardshut.o ABSOLUTE
    ../clib/angel/boardlib.s                 0x00000000   Number         0  boardinit2.o ABSOLUTE
    ../clib/angel/handlers.s                 0x00000000   Number         0  __scatter_copy.o ABSOLUTE
    ../clib/angel/handlers.s                 0x00000000   Number         0  __scatter_zi.o ABSOLUTE
    ../clib/angel/kernel.s                   0x00000000   Number         0  __rtentry.o ABSOLUTE
    ../clib/angel/kernel.s                   0x00000000   Number         0  rtexit2.o ABSOLUTE
    ../clib/angel/kernel.s                   0x00000000   Number         0  __rtentry4.o ABSOLUTE
    ../clib/angel/kernel.s                   0x00000000   Number         0  __rtentry2.o ABSOLUTE
    ../clib/angel/kernel.s                   0x00000000   Number         0  rtexit.o ABSOLUTE
    ../clib/angel/rt.s                       0x00000000   Number         0  rt_raise.o ABSOLUTE
    ../clib/angel/scatter.s                  0x00000000   Number         0  __scatter.o ABSOLUTE
    ../clib/angel/startup.s                  0x00000000   Number         0  __main.o ABSOLUTE
    ../clib/angel/sys.s                      0x00000000   Number         0  sys_stackheap_outer.o ABSOLUTE
    ../clib/angel/sys.s                      0x00000000   Number         0  libspace.o ABSOLUTE
    ../clib/angel/sys.s                      0x00000000   Number         0  indicate_semi.o ABSOLUTE
    ../clib/angel/sys.s                      0x00000000   Number         0  use_no_semi.o ABSOLUTE
    ../clib/angel/sysapp.c                   0x00000000   Number         0  sys_wrch.o ABSOLUTE
    ../clib/angel/sysapp.c                   0x00000000   Number         0  sys_command.o ABSOLUTE
    ../clib/angel/sysapp.c                   0x00000000   Number         0  sys_exit.o ABSOLUTE
    ../clib/armsys.c                         0x00000000   Number         0  argv_veneer.o ABSOLUTE
    ../clib/armsys.c                         0x00000000   Number         0  argv_veneer.o ABSOLUTE
    ../clib/armsys.c                         0x00000000   Number         0  _get_argv_nomalloc.o ABSOLUTE
    ../clib/armsys.c                         0x00000000   Number         0  no_argv.o ABSOLUTE
    ../clib/heapalloc.c                      0x00000000   Number         0  hrguard.o ABSOLUTE
    ../clib/heapaux.c                        0x00000000   Number         0  heapauxi.o ABSOLUTE
    ../clib/libinit.s                        0x00000000   Number         0  libinit.o ABSOLUTE
    ../clib/libinit.s                        0x00000000   Number         0  libshutdown.o ABSOLUTE
    ../clib/libinit.s                        0x00000000   Number         0  libinit2.o ABSOLUTE
    ../clib/libinit.s                        0x00000000   Number         0  libshutdown2.o ABSOLUTE
    ../clib/signal.c                         0x00000000   Number         0  __raise.o ABSOLUTE
    ../clib/signal.c                         0x00000000   Number         0  defsig_rtmem_inner.o ABSOLUTE
    ../clib/signal.c                         0x00000000   Number         0  defsig_exit.o ABSOLUTE
    ../clib/signal.c                         0x00000000   Number         0  defsig_cppl_inner.o ABSOLUTE
    ../clib/signal.c                         0x00000000   Number         0  defsig_general.o ABSOLUTE
    ../clib/signal.c                         0x00000000   Number         0  defsig_pvfn_inner.o ABSOLUTE
    ../clib/signal.c                         0x00000000   Number         0  defsig_stak_inner.o ABSOLUTE
    ../clib/signal.c                         0x00000000   Number         0  defsig_rtred_inner.o ABSOLUTE
    ../clib/signal.c                         0x00000000   Number         0  defsig_fpe_inner.o ABSOLUTE
    ../clib/signal.c                         0x00000000   Number         0  defsig_rtmem_formal.o ABSOLUTE
    ../clib/signal.c                         0x00000000   Number         0  defsig_rtmem_outer.o ABSOLUTE
    ../clib/signal.c                         0x00000000   Number         0  defsig_segv_inner.o ABSOLUTE
    ../clib/signal.c                         0x00000000   Number         0  defsig_other.o ABSOLUTE
    ../clib/signal.c                         0x00000000   Number         0  defsig_abrt_inner.o ABSOLUTE
    ../clib/signal.s                         0x00000000   Number         0  defsig.o ABSOLUTE
    ../clib/stdlib.c                         0x00000000   Number         0  exit.o ABSOLUTE
    ../fplib/fpinit.s                        0x00000000   Number         0  fpinit.o ABSOLUTE
    ..\inc\ADCSWTrigger.c                    0x00000000   Number         0  adcswtrigger.o ABSOLUTE
    ..\inc\LaunchPad.c                       0x00000000   Number         0  launchpad.o ABSOLUTE
    ..\inc\PLL.c                             0x00000000   Number         0  pll.o ABSOLUTE
    ..\inc\Texas.c                           0x00000000   Number         0  texas.o ABSOLUTE
    ADCTestMain.c                            0x00000000   Number         0  adctestmain.o ABSOLUTE
    dc.s                                     0x00000000   Number         0  dc.o ABSOLUTE
    startup.s                                0x00000000   Number         0  startup.o ABSOLUTE
    !!!main                                  0x00000284   Section        8  __main.o(!!!main)
    !!!scatter                               0x0000028c   Section       52  __scatter.o(!!!scatter)
    !!handler_copy                           0x000002c0   Section       26  __scatter_copy.o(!!handler_copy)
    !!handler_zi                             0x000002dc   Section       28  __scatter_zi.o(!!handler_zi)
    .ARM.Collect$$libinit$$00000000          0x000002f8   Section        2  libinit.o(.ARM.Collect$$libinit$$00000000)
    .ARM.Collect$$libinit$$00000002          0x000002fa   Section        0  libinit2.o(.ARM.Collect$$libinit$$00000002)
    .ARM.Collect$$libinit$$00000004          0x000002fa   Section        0  libinit2.o(.ARM.Collect$$libinit$$00000004)
    .ARM.Collect$$libinit$$0000000A          0x000002fa   Section        0  libinit2.o(.ARM.Collect$$libinit$$0000000A)
    .ARM.Collect$$libinit$$0000000C          0x000002fa   Section        0  libinit2.o(.ARM.Collect$$libinit$$0000000C)
    .ARM.Collect$$libinit$$0000000E          0x000002fa   Section        0  libinit2.o(.ARM.Collect$$libinit$$0000000E)
    .ARM.Collect$$libinit$$00000011          0x000002fa   Section        0  libinit2.o(.ARM.Collect$$libinit$$00000011)
    .ARM.Collect$$libinit$$00000013          0x000002fa   Section        0  libinit2.o(.ARM.Collect$$libinit$$00000013)
    .ARM.Collect$$libinit$$00000015          0x000002fa   Section        0  libinit2.o(.ARM.Collect$$libinit$$00000015)
    .ARM.Collect$$libinit$$00000017          0x000002fa   Section        0  libinit2.o(.ARM.Collect$$libinit$$00000017)
    .ARM.Collect$$libinit$$00000019          0x000002fa   Section        0  libinit2.o(.ARM.Collect$$libinit$$00000019)
    .ARM.Collect$$libinit$$0000001B          0x000002fa   Section        0  libinit2.o(.ARM.Collect$$libinit$$0000001B)
    .ARM.Collect$$libinit$$0000001D          0x000002fa   Section        0  libinit2.o(.ARM.Collect$$libinit$$0000001D)
    .ARM.Collect$$libinit$$0000001F          0x000002fa   Section        0  libinit2.o(.ARM.Collect$$libinit$$0000001F)
    .ARM.Collect$$libinit$$00000021          0x000002fa   Section        0  libinit2.o(.ARM.Collect$$libinit$$00000021)
    .ARM.Collect$$libinit$$00000023          0x000002fa   Section        0  libinit2.o(.ARM.Collect$$libinit$$00000023)
    .ARM.Collect$$libinit$$00000025          0x000002fa   Section        0  libinit2.o(.ARM.Collect$$libinit$$00000025)
    .ARM.Collect$$libinit$$0000002C          0x000002fa   Section        0  libinit2.o(.ARM.Collect$$libinit$$0000002C)
    .ARM.Collect$$libinit$$0000002E          0x000002fa   Section        0  libinit2.o(.ARM.Collect$$libinit$$0000002E)
    .ARM.Collect$$libinit$$00000030          0x000002fa   Section        0  libinit2.o(.ARM.Collect$$libinit$$00000030)
    .ARM.Collect$$libinit$$00000032          0x000002fa   Section        0  libinit2.o(.ARM.Collect$$libinit$$00000032)
    .ARM.Collect$$libinit$$00000033          0x000002fa   Section        2  libinit2.o(.ARM.Collect$$libinit$$00000033)
    .ARM.Collect$$libshutdown$$00000000      0x000002fc   Section        2  libshutdown.o(.ARM.Collect$$libshutdown$$00000000)
    .ARM.Collect$$libshutdown$$00000002      0x000002fe   Section        0  libshutdown2.o(.ARM.Collect$$libshutdown$$00000002)
    .ARM.Collect$$libshutdown$$00000004      0x000002fe   Section        0  libshutdown2.o(.ARM.Collect$$libshutdown$$00000004)
    .ARM.Collect$$libshutdown$$00000006      0x000002fe   Section        0  libshutdown2.o(.ARM.Collect$$libshutdown$$00000006)
    .ARM.Collect$$libshutdown$$00000009      0x000002fe   Section        0  libshutdown2.o(.ARM.Collect$$libshutdown$$00000009)
    .ARM.Collect$$libshutdown$$0000000C      0x000002fe   Section        0  libshutdown2.o(.ARM.Collect$$libshutdown$$0000000C)
    .ARM.Collect$$libshutdown$$0000000E      0x000002fe   Section        0  libshutdown2.o(.ARM.Collect$$libshutdown$$0000000E)
    .ARM.Collect$$libshutdown$$00000011      0x000002fe   Section        0  libshutdown2.o(.ARM.Collect$$libshutdown$$00000011)
    .ARM.Collect$$libshutdown$$00000012      0x000002fe   Section        2  libshutdown2.o(.ARM.Collect$$libshutdown$$00000012)
    .ARM.Collect$$rtentry$$00000000          0x00000300   Section        0  __rtentry.o(.ARM.Collect$$rtentry$$00000000)
    .ARM.Collect$$rtentry$$00000002          0x00000300   Section        0  __rtentry2.o(.ARM.Collect$$rtentry$$00000002)
    .ARM.Collect$$rtentry$$00000004          0x00000300   Section        6  __rtentry4.o(.ARM.Collect$$rtentry$$00000004)
    .ARM.Collect$$rtentry$$00000009          0x00000306   Section        0  __rtentry2.o(.ARM.Collect$$rtentry$$00000009)
    .ARM.Collect$$rtentry$$0000000A          0x00000306   Section        4  __rtentry2.o(.ARM.Collect$$rtentry$$0000000A)
    .ARM.Collect$$rtentry$$0000000C          0x0000030a   Section        0  __rtentry2.o(.ARM.Collect$$rtentry$$0000000C)
    .ARM.Collect$$rtentry$$0000000D          0x0000030a   Section        8  __rtentry2.o(.ARM.Collect$$rtentry$$0000000D)
    .ARM.Collect$$rtexit$$00000000           0x00000312   Section        2  rtexit.o(.ARM.Collect$$rtexit$$00000000)
    .ARM.Collect$$rtexit$$00000002           0x00000314   Section        0  rtexit2.o(.ARM.Collect$$rtexit$$00000002)
    .ARM.Collect$$rtexit$$00000003           0x00000314   Section        4  rtexit2.o(.ARM.Collect$$rtexit$$00000003)
    .ARM.Collect$$rtexit$$00000004           0x00000318   Section        6  rtexit2.o(.ARM.Collect$$rtexit$$00000004)
    .text                                    0x00000320   Section       48  startup.o(.text)
    .text                                    0x00000350   Section        0  heapauxi.o(.text)
    .text                                    0x00000356   Section       74  sys_stackheap_outer.o(.text)
    .text                                    0x000003a0   Section        0  exit.o(.text)
    .text                                    0x000003b4   Section        8  libspace.o(.text)
    .text                                    0x000003bc   Section        0  sys_exit.o(.text)
    .text                                    0x000003c8   Section        2  use_no_semi.o(.text)
    .text                                    0x000003ca   Section        0  indicate_semi.o(.text)
    i.ADC0_InSeq3                            0x000003cc   Section        0  adcswtrigger.o(i.ADC0_InSeq3)
    i.ADC0_InitSWTriggerSeq3                 0x000003f8   Section        0  adcswtrigger.o(i.ADC0_InitSWTriggerSeq3)
    i.ADC1_Init                              0x000007f0   Section        0  texas.o(i.ADC1_Init)
    i.DAC_Init                               0x000008b8   Section        0  adctestmain.o(i.DAC_Init)
    i.DAC_Out                                0x00000914   Section        0  adctestmain.o(i.DAC_Out)
    i.Delay1ms                               0x0000093c   Section        0  adctestmain.o(i.Delay1ms)
    i.LaunchPad_Init                         0x0000095c   Section        0  launchpad.o(i.LaunchPad_Init)
    i.Output_Init                            0x000009c0   Section        0  adctestmain.o(i.Output_Init)
    i.PLL_Init                               0x000009d0   Section        0  pll.o(i.PLL_Init)
    i.PeriodicTask2_Init                     0x00000a4c   Section        0  texas.o(i.PeriodicTask2_Init)
    i.Port_D_Init                            0x00000b04   Section        0  adctestmain.o(i.Port_D_Init)
    i.ST7735_Color565                        0x00000bfc   Section        0  adctestmain.o(i.ST7735_Color565)
    i.ST7735_DrawFastVLine                   0x00000c14   Section        0  adctestmain.o(i.ST7735_DrawFastVLine)
    i.ST7735_FillRect                        0x00000c94   Section        0  adctestmain.o(i.ST7735_FillRect)
    i.ST7735_FillScreen                      0x00000d44   Section        0  adctestmain.o(i.ST7735_FillScreen)
    i.ST7735_InitR                           0x00000d68   Section        0  adctestmain.o(i.ST7735_InitR)
    i.ST7735_PlotBar                         0x00000de4   Section        0  adctestmain.o(i.ST7735_PlotBar)
    i.ST7735_PlotClear                       0x00000e3c   Section        0  adctestmain.o(i.ST7735_PlotClear)
    i.ST7735_PlotNext                        0x00000e98   Section        0  adctestmain.o(i.ST7735_PlotNext)
    i.ST7735_SetCursor                       0x00000eb8   Section        0  adctestmain.o(i.ST7735_SetCursor)
    i.ScopeTask                              0x00000ed8   Section        0  adctestmain.o(i.ScopeTask)
    i.TExaS_SetTask                          0x00000eec   Section        0  texas.o(i.TExaS_SetTask)
    i.Timer0A_Handler                        0x00000f18   Section        0  adctestmain.o(i.Timer0A_Handler)
    i.Timer0A_Init100HzInt                   0x00001074   Section        0  adctestmain.o(i.Timer0A_Init100HzInt)
    i.Timer1_Init                            0x000010ec   Section        0  adctestmain.o(i.Timer1_Init)
    i.Timer3A_Handler                        0x00001124   Section        0  adctestmain.o(i.Timer3A_Handler)
    i.Timer3A_Init                           0x00001130   Section        0  adctestmain.o(i.Timer3A_Init)
    i.Timer5A_Handler                        0x00001184   Section        0  texas.o(i.Timer5A_Handler)
    i.UART_Init                              0x0000119c   Section        0  texas.o(i.UART_Init)
    i.commandList                            0x00001238   Section        0  adctestmain.o(i.commandList)
    commandList                              0x00001239   Thumb Code    86  adctestmain.o(i.commandList)
    i.commonInit                             0x00001290   Section        0  adctestmain.o(i.commonInit)
    commonInit                               0x00001291   Thumb Code   342  adctestmain.o(i.commonInit)
    i.deselect                               0x00001418   Section        0  adctestmain.o(i.deselect)
    deselect                                 0x00001419   Thumb Code    24  adctestmain.o(i.deselect)
    i.graphResults                           0x00001434   Section        0  adctestmain.o(i.graphResults)
    i.main                                   0x00001478   Section        0  adctestmain.o(i.main)
    i.setAddrWindow                          0x000014ec   Section        0  adctestmain.o(i.setAddrWindow)
    setAddrWindow                            0x000014ed   Thumb Code   106  adctestmain.o(i.setAddrWindow)
    i.writecommand                           0x00001560   Section        0  adctestmain.o(i.writecommand)
    writecommand                             0x00001561   Thumb Code    46  adctestmain.o(i.writecommand)
    i.writedata                              0x00001598   Section        0  adctestmain.o(i.writedata)
    writedata                                0x00001599   Thumb Code    26  adctestmain.o(i.writedata)
    .constdata                               0x000015bc   Section     2114  adctestmain.o(.constdata)
    Font                                     0x000015bc   Data        1275  adctestmain.o(.constdata)
    Bcmd                                     0x00001ab7   Data         103  adctestmain.o(.constdata)
    Rcmd1                                    0x00001b1e   Data          59  adctestmain.o(.constdata)
    Rcmd2green                               0x00001b59   Data          13  adctestmain.o(.constdata)
    Rcmd2red                                 0x00001b66   Data          13  adctestmain.o(.constdata)
    Rcmd3                                    0x00001b73   Data          43  adctestmain.o(.constdata)
    .data                                    0x20000000   Section       72  adctestmain.o(.data)
    ColStart                                 0x2000000a   Data           1  adctestmain.o(.data)
    RowStart                                 0x2000000b   Data           1  adctestmain.o(.data)
    Rotation                                 0x2000000c   Data           1  adctestmain.o(.data)
    TabColor                                 0x2000000d   Data           1  adctestmain.o(.data)
    _width                                   0x2000000e   Data           2  adctestmain.o(.data)
    _height                                  0x20000010   Data           2  adctestmain.o(.data)
    .data                                    0x20000048   Section        8  texas.o(.data)
    .bss                                     0x20000050   Section    22396  adctestmain.o(.bss)
    .bss                                     0x200057cc   Section       96  libspace.o(.bss)
    HEAP                                     0x20005830   Section        0  startup.o(HEAP)
    STACK                                    0x20005830   Section     1024  startup.o(STACK)
    HeapMem                                  0x20005830   Data           0  startup.o(HEAP)
    StackMem                                 0x20005830   Data           0  startup.o(STACK)

    Global Symbols

    Symbol Name                              Value     Ov Type        Size  Object(Section)

    BuildAttributes$$THM_ISAv4$E$P$D$K$B$S$7EM$PE$A:L22UL41UL21$X:L11$S22US41US21$IEEE1$IW$USESV6$~STKCKD$USESV7$~SHL$OSPACE$ROPI$EBA8$UX$STANDARDLIB$REQ8$PRES8$EABIv2 0x00000000   Number         0  anon$$obj.o ABSOLUTE
    __ARM_use_no_argv                        0x00000000   Number         0  adctestmain.o ABSOLUTE
    __Vectors                                0x00000000   Data           0  startup.o(RESET)
    __ARM_exceptions_init                     - Undefined Weak Reference
    __alloca_initialize                       - Undefined Weak Reference
    __arm_fini_                               - Undefined Weak Reference
    __arm_preinit_                            - Undefined Weak Reference
    __cpp_initialize__aeabi_                  - Undefined Weak Reference
    __cxa_finalize                            - Undefined Weak Reference
    __rt_locale                               - Undefined Weak Reference
    __sigvec_lookup                           - Undefined Weak Reference
    _atexit_init                              - Undefined Weak Reference
    _call_atexit_fns                          - Undefined Weak Reference
    _clock_init                               - Undefined Weak Reference
    _fp_trap_init                             - Undefined Weak Reference
    _fp_trap_shutdown                         - Undefined Weak Reference
    _get_lc_collate                           - Undefined Weak Reference
    _get_lc_ctype                             - Undefined Weak Reference
    _get_lc_monetary                          - Undefined Weak Reference
    _get_lc_numeric                           - Undefined Weak Reference
    _get_lc_time                              - Undefined Weak Reference
    _getenv_init                              - Undefined Weak Reference
    _handle_redirection                       - Undefined Weak Reference
    _init_alloc                               - Undefined Weak Reference
    _init_user_alloc                          - Undefined Weak Reference
    _initio                                   - Undefined Weak Reference
    _rand_init                                - Undefined Weak Reference
    _signal_finish                            - Undefined Weak Reference
    _signal_init                              - Undefined Weak Reference
    _terminate_alloc                          - Undefined Weak Reference
    _terminate_user_alloc                     - Undefined Weak Reference
    _terminateio                              - Undefined Weak Reference
    Reset_Handler                            0x0000026d   Thumb Code     0  startup.o(RESET)
    NMI_Handler                              0x00000271   Thumb Code     2  startup.o(RESET)
    HardFault_Handler                        0x00000273   Thumb Code     2  startup.o(RESET)
    MemManage_Handler                        0x00000275   Thumb Code     2  startup.o(RESET)
    BusFault_Handler                         0x00000277   Thumb Code     2  startup.o(RESET)
    UsageFault_Handler                       0x00000279   Thumb Code     2  startup.o(RESET)
    SVC_Handler                              0x0000027b   Thumb Code     2  startup.o(RESET)
    DebugMon_Handler                         0x0000027d   Thumb Code     2  startup.o(RESET)
    PendSV_Handler                           0x0000027f   Thumb Code     2  startup.o(RESET)
    SysTick_Handler                          0x00000281   Thumb Code     2  startup.o(RESET)
    ADC0Seq0_Handler                         0x00000283   Thumb Code     0  startup.o(RESET)
    ADC0Seq1_Handler                         0x00000283   Thumb Code     0  startup.o(RESET)
    ADC0Seq2_Handler                         0x00000283   Thumb Code     0  startup.o(RESET)
    ADC0Seq3_Handler                         0x00000283   Thumb Code     0  startup.o(RESET)
    ADC1Seq0_Handler                         0x00000283   Thumb Code     0  startup.o(RESET)
    ADC1Seq1_Handler                         0x00000283   Thumb Code     0  startup.o(RESET)
    ADC1Seq2_Handler                         0x00000283   Thumb Code     0  startup.o(RESET)
    ADC1Seq3_Handler                         0x00000283   Thumb Code     0  startup.o(RESET)
    CAN0_Handler                             0x00000283   Thumb Code     0  startup.o(RESET)
    CAN1_Handler                             0x00000283   Thumb Code     0  startup.o(RESET)
    CAN2_Handler                             0x00000283   Thumb Code     0  startup.o(RESET)
    Comp0_Handler                            0x00000283   Thumb Code     0  startup.o(RESET)
    Comp1_Handler                            0x00000283   Thumb Code     0  startup.o(RESET)
    Comp2_Handler                            0x00000283   Thumb Code     0  startup.o(RESET)
    Ethernet_Handler                         0x00000283   Thumb Code     0  startup.o(RESET)
    ExtBus_Handler                           0x00000283   Thumb Code     0  startup.o(RESET)
    FPU_Handler                              0x00000283   Thumb Code     0  startup.o(RESET)
    Fan0_Handler                             0x00000283   Thumb Code     0  startup.o(RESET)
    FlashCtl_Handler                         0x00000283   Thumb Code     0  startup.o(RESET)
    GPIOPortA_Handler                        0x00000283   Thumb Code     0  startup.o(RESET)
    GPIOPortB_Handler                        0x00000283   Thumb Code     0  startup.o(RESET)
    GPIOPortC_Handler                        0x00000283   Thumb Code     0  startup.o(RESET)
    GPIOPortD_Handler                        0x00000283   Thumb Code     0  startup.o(RESET)
    GPIOPortE_Handler                        0x00000283   Thumb Code     0  startup.o(RESET)
    GPIOPortF_Handler                        0x00000283   Thumb Code     0  startup.o(RESET)
    GPIOPortG_Handler                        0x00000283   Thumb Code     0  startup.o(RESET)
    GPIOPortH_Handler                        0x00000283   Thumb Code     0  startup.o(RESET)
    GPIOPortJ_Handler                        0x00000283   Thumb Code     0  startup.o(RESET)
    GPIOPortK_Handler                        0x00000283   Thumb Code     0  startup.o(RESET)
    GPIOPortL_Handler                        0x00000283   Thumb Code     0  startup.o(RESET)
    GPIOPortM_Handler                        0x00000283   Thumb Code     0  startup.o(RESET)
    GPIOPortN_Handler                        0x00000283   Thumb Code     0  startup.o(RESET)
    GPIOPortP1_Handler                       0x00000283   Thumb Code     0  startup.o(RESET)
    GPIOPortP2_Handler                       0x00000283   Thumb Code     0  startup.o(RESET)
    GPIOPortP3_Handler                       0x00000283   Thumb Code     0  startup.o(RESET)
    GPIOPortP4_Handler                       0x00000283   Thumb Code     0  startup.o(RESET)
    GPIOPortP5_Handler                       0x00000283   Thumb Code     0  startup.o(RESET)
    GPIOPortP6_Handler                       0x00000283   Thumb Code     0  startup.o(RESET)
    GPIOPortP7_Handler                       0x00000283   Thumb Code     0  startup.o(RESET)
    GPIOPortP_Handler                        0x00000283   Thumb Code     0  startup.o(RESET)
    GPIOPortQ1_Handler                       0x00000283   Thumb Code     0  startup.o(RESET)
    GPIOPortQ2_Handler                       0x00000283   Thumb Code     0  startup.o(RESET)
    GPIOPortQ3_Handler                       0x00000283   Thumb Code     0  startup.o(RESET)
    GPIOPortQ4_Handler                       0x00000283   Thumb Code     0  startup.o(RESET)
    GPIOPortQ5_Handler                       0x00000283   Thumb Code     0  startup.o(RESET)
    GPIOPortQ6_Handler                       0x00000283   Thumb Code     0  startup.o(RESET)
    GPIOPortQ7_Handler                       0x00000283   Thumb Code     0  startup.o(RESET)
    GPIOPortQ_Handler                        0x00000283   Thumb Code     0  startup.o(RESET)
    GPIOPortR_Handler                        0x00000283   Thumb Code     0  startup.o(RESET)
    GPIOPortS_Handler                        0x00000283   Thumb Code     0  startup.o(RESET)
    Hibernate_Handler                        0x00000283   Thumb Code     0  startup.o(RESET)
    I2C0_Handler                             0x00000283   Thumb Code     0  startup.o(RESET)
    I2C1_Handler                             0x00000283   Thumb Code     0  startup.o(RESET)
    I2C2_Handler                             0x00000283   Thumb Code     0  startup.o(RESET)
    I2C3_Handler                             0x00000283   Thumb Code     0  startup.o(RESET)
    I2C4_Handler                             0x00000283   Thumb Code     0  startup.o(RESET)
    I2C5_Handler                             0x00000283   Thumb Code     0  startup.o(RESET)
    I2S0_Handler                             0x00000283   Thumb Code     0  startup.o(RESET)
    LPC0_Handler                             0x00000283   Thumb Code     0  startup.o(RESET)
    PECI0_Handler                            0x00000283   Thumb Code     0  startup.o(RESET)
    PWM0Fault_Handler                        0x00000283   Thumb Code     0  startup.o(RESET)
    PWM0Generator0_Handler                   0x00000283   Thumb Code     0  startup.o(RESET)
    PWM0Generator1_Handler                   0x00000283   Thumb Code     0  startup.o(RESET)
    PWM0Generator2_Handler                   0x00000283   Thumb Code     0  startup.o(RESET)
    PWM0Generator3_Handler                   0x00000283   Thumb Code     0  startup.o(RESET)
    PWM1Fault_Handler                        0x00000283   Thumb Code     0  startup.o(RESET)
    PWM1Generator0_Handler                   0x00000283   Thumb Code     0  startup.o(RESET)
    PWM1Generator1_Handler                   0x00000283   Thumb Code     0  startup.o(RESET)
    PWM1Generator2_Handler                   0x00000283   Thumb Code     0  startup.o(RESET)
    PWM1Generator3_Handler                   0x00000283   Thumb Code     0  startup.o(RESET)
    Quadrature0_Handler                      0x00000283   Thumb Code     0  startup.o(RESET)
    Quadrature1_Handler                      0x00000283   Thumb Code     0  startup.o(RESET)
    Quadrature2_Handler                      0x00000283   Thumb Code     0  startup.o(RESET)
    SSI0_Handler                             0x00000283   Thumb Code     0  startup.o(RESET)
    SSI1_Handler                             0x00000283   Thumb Code     0  startup.o(RESET)
    SSI2_Handler                             0x00000283   Thumb Code     0  startup.o(RESET)
    SSI3_Handler                             0x00000283   Thumb Code     0  startup.o(RESET)
    SysCtl_Handler                           0x00000283   Thumb Code     0  startup.o(RESET)
    Timer0B_Handler                          0x00000283   Thumb Code     0  startup.o(RESET)
    Timer1A_Handler                          0x00000283   Thumb Code     0  startup.o(RESET)
    Timer1B_Handler                          0x00000283   Thumb Code     0  startup.o(RESET)
    Timer2A_Handler                          0x00000283   Thumb Code     0  startup.o(RESET)
    Timer2B_Handler                          0x00000283   Thumb Code     0  startup.o(RESET)
    Timer3B_Handler                          0x00000283   Thumb Code     0  startup.o(RESET)
    Timer4A_Handler                          0x00000283   Thumb Code     0  startup.o(RESET)
    Timer4B_Handler                          0x00000283   Thumb Code     0  startup.o(RESET)
    Timer5B_Handler                          0x00000283   Thumb Code     0  startup.o(RESET)
    UART0_Handler                            0x00000283   Thumb Code     0  startup.o(RESET)
    UART1_Handler                            0x00000283   Thumb Code     0  startup.o(RESET)
    UART2_Handler                            0x00000283   Thumb Code     0  startup.o(RESET)
    UART3_Handler                            0x00000283   Thumb Code     0  startup.o(RESET)
    UART4_Handler                            0x00000283   Thumb Code     0  startup.o(RESET)
    UART5_Handler                            0x00000283   Thumb Code     0  startup.o(RESET)
    UART6_Handler                            0x00000283   Thumb Code     0  startup.o(RESET)
    UART7_Handler                            0x00000283   Thumb Code     0  startup.o(RESET)
    USB0_Handler                             0x00000283   Thumb Code     0  startup.o(RESET)
    WDT_Handler                              0x00000283   Thumb Code     0  startup.o(RESET)
    WideTimer0A_Handler                      0x00000283   Thumb Code     0  startup.o(RESET)
    WideTimer0B_Handler                      0x00000283   Thumb Code     0  startup.o(RESET)
    WideTimer1A_Handler                      0x00000283   Thumb Code     0  startup.o(RESET)
    WideTimer1B_Handler                      0x00000283   Thumb Code     0  startup.o(RESET)
    WideTimer2A_Handler                      0x00000283   Thumb Code     0  startup.o(RESET)
    WideTimer2B_Handler                      0x00000283   Thumb Code     0  startup.o(RESET)
    WideTimer3A_Handler                      0x00000283   Thumb Code     0  startup.o(RESET)
    WideTimer3B_Handler                      0x00000283   Thumb Code     0  startup.o(RESET)
    WideTimer4A_Handler                      0x00000283   Thumb Code     0  startup.o(RESET)
    WideTimer4B_Handler                      0x00000283   Thumb Code     0  startup.o(RESET)
    WideTimer5A_Handler                      0x00000283   Thumb Code     0  startup.o(RESET)
    WideTimer5B_Handler                      0x00000283   Thumb Code     0  startup.o(RESET)
    uDMA_Error                               0x00000283   Thumb Code     0  startup.o(RESET)
    uDMA_Handler                             0x00000283   Thumb Code     0  startup.o(RESET)
    __main                                   0x00000285   Thumb Code     8  __main.o(!!!main)
    __scatterload                            0x0000028d   Thumb Code     0  __scatter.o(!!!scatter)
    __scatterload_rt2                        0x0000028d   Thumb Code    44  __scatter.o(!!!scatter)
    __scatterload_rt2_thumb_only             0x0000028d   Thumb Code     0  __scatter.o(!!!scatter)
    __scatterload_null                       0x0000029b   Thumb Code     0  __scatter.o(!!!scatter)
    __scatterload_copy                       0x000002c1   Thumb Code    26  __scatter_copy.o(!!handler_copy)
    __scatterload_zeroinit                   0x000002dd   Thumb Code    28  __scatter_zi.o(!!handler_zi)
    __rt_lib_init                            0x000002f9   Thumb Code     0  libinit.o(.ARM.Collect$$libinit$$00000000)
    __rt_lib_init_alloca_1                   0x000002fb   Thumb Code     0  libinit2.o(.ARM.Collect$$libinit$$0000002E)
    __rt_lib_init_argv_1                     0x000002fb   Thumb Code     0  libinit2.o(.ARM.Collect$$libinit$$0000002C)
    __rt_lib_init_atexit_1                   0x000002fb   Thumb Code     0  libinit2.o(.ARM.Collect$$libinit$$0000001B)
    __rt_lib_init_clock_1                    0x000002fb   Thumb Code     0  libinit2.o(.ARM.Collect$$libinit$$00000021)
    __rt_lib_init_cpp_1                      0x000002fb   Thumb Code     0  libinit2.o(.ARM.Collect$$libinit$$00000032)
    __rt_lib_init_exceptions_1               0x000002fb   Thumb Code     0  libinit2.o(.ARM.Collect$$libinit$$00000030)
    __rt_lib_init_fp_1                       0x000002fb   Thumb Code     0  libinit2.o(.ARM.Collect$$libinit$$00000002)
    __rt_lib_init_fp_trap_1                  0x000002fb   Thumb Code     0  libinit2.o(.ARM.Collect$$libinit$$0000001F)
    __rt_lib_init_getenv_1                   0x000002fb   Thumb Code     0  libinit2.o(.ARM.Collect$$libinit$$00000023)
    __rt_lib_init_heap_1                     0x000002fb   Thumb Code     0  libinit2.o(.ARM.Collect$$libinit$$0000000A)
    __rt_lib_init_lc_collate_1               0x000002fb   Thumb Code     0  libinit2.o(.ARM.Collect$$libinit$$00000011)
    __rt_lib_init_lc_ctype_1                 0x000002fb   Thumb Code     0  libinit2.o(.ARM.Collect$$libinit$$00000013)
    __rt_lib_init_lc_monetary_1              0x000002fb   Thumb Code     0  libinit2.o(.ARM.Collect$$libinit$$00000015)
    __rt_lib_init_lc_numeric_1               0x000002fb   Thumb Code     0  libinit2.o(.ARM.Collect$$libinit$$00000017)
    __rt_lib_init_lc_time_1                  0x000002fb   Thumb Code     0  libinit2.o(.ARM.Collect$$libinit$$00000019)
    __rt_lib_init_preinit_1                  0x000002fb   Thumb Code     0  libinit2.o(.ARM.Collect$$libinit$$00000004)
    __rt_lib_init_rand_1                     0x000002fb   Thumb Code     0  libinit2.o(.ARM.Collect$$libinit$$0000000E)
    __rt_lib_init_return                     0x000002fb   Thumb Code     0  libinit2.o(.ARM.Collect$$libinit$$00000033)
    __rt_lib_init_signal_1                   0x000002fb   Thumb Code     0  libinit2.o(.ARM.Collect$$libinit$$0000001D)
    __rt_lib_init_stdio_1                    0x000002fb   Thumb Code     0  libinit2.o(.ARM.Collect$$libinit$$00000025)
    __rt_lib_init_user_alloc_1               0x000002fb   Thumb Code     0  libinit2.o(.ARM.Collect$$libinit$$0000000C)
    __rt_lib_shutdown                        0x000002fd   Thumb Code     0  libshutdown.o(.ARM.Collect$$libshutdown$$00000000)
    __rt_lib_shutdown_cpp_1                  0x000002ff   Thumb Code     0  libshutdown2.o(.ARM.Collect$$libshutdown$$00000004)
    __rt_lib_shutdown_fini_1                 0x000002ff   Thumb Code     0  libshutdown2.o(.ARM.Collect$$libshutdown$$00000002)
    __rt_lib_shutdown_fp_trap_1              0x000002ff   Thumb Code     0  libshutdown2.o(.ARM.Collect$$libshutdown$$00000009)
    __rt_lib_shutdown_heap_1                 0x000002ff   Thumb Code     0  libshutdown2.o(.ARM.Collect$$libshutdown$$00000011)
    __rt_lib_shutdown_return                 0x000002ff   Thumb Code     0  libshutdown2.o(.ARM.Collect$$libshutdown$$00000012)
    __rt_lib_shutdown_signal_1               0x000002ff   Thumb Code     0  libshutdown2.o(.ARM.Collect$$libshutdown$$0000000C)
    __rt_lib_shutdown_stdio_1                0x000002ff   Thumb Code     0  libshutdown2.o(.ARM.Collect$$libshutdown$$00000006)
    __rt_lib_shutdown_user_alloc_1           0x000002ff   Thumb Code     0  libshutdown2.o(.ARM.Collect$$libshutdown$$0000000E)
    __rt_entry                               0x00000301   Thumb Code     0  __rtentry.o(.ARM.Collect$$rtentry$$00000000)
    __rt_entry_presh_1                       0x00000301   Thumb Code     0  __rtentry2.o(.ARM.Collect$$rtentry$$00000002)
    __rt_entry_sh                            0x00000301   Thumb Code     0  __rtentry4.o(.ARM.Collect$$rtentry$$00000004)
    __rt_entry_li                            0x00000307   Thumb Code     0  __rtentry2.o(.ARM.Collect$$rtentry$$0000000A)
    __rt_entry_postsh_1                      0x00000307   Thumb Code     0  __rtentry2.o(.ARM.Collect$$rtentry$$00000009)
    __rt_entry_main                          0x0000030b   Thumb Code     0  __rtentry2.o(.ARM.Collect$$rtentry$$0000000D)
    __rt_entry_postli_1                      0x0000030b   Thumb Code     0  __rtentry2.o(.ARM.Collect$$rtentry$$0000000C)
    __rt_exit                                0x00000313   Thumb Code     0  rtexit.o(.ARM.Collect$$rtexit$$00000000)
    __rt_exit_ls                             0x00000315   Thumb Code     0  rtexit2.o(.ARM.Collect$$rtexit$$00000003)
    __rt_exit_prels_1                        0x00000315   Thumb Code     0  rtexit2.o(.ARM.Collect$$rtexit$$00000002)
    __rt_exit_exit                           0x00000319   Thumb Code     0  rtexit2.o(.ARM.Collect$$rtexit$$00000004)
    DisableInterrupts                        0x00000321   Thumb Code     0  startup.o(.text)
    EnableInterrupts                         0x00000325   Thumb Code     0  startup.o(.text)
    StartCritical                            0x00000329   Thumb Code     0  startup.o(.text)
    EndCritical                              0x00000331   Thumb Code     0  startup.o(.text)
    WaitForInterrupt                         0x00000337   Thumb Code     0  startup.o(.text)
    __user_initial_stackheap                 0x0000033b   Thumb Code     0  startup.o(.text)
    __use_two_region_memory                  0x00000351   Thumb Code     2  heapauxi.o(.text)
    __rt_heap_escrow$2region                 0x00000353   Thumb Code     2  heapauxi.o(.text)
    __rt_heap_expand$2region                 0x00000355   Thumb Code     2  heapauxi.o(.text)
    __user_setup_stackheap                   0x00000357   Thumb Code    74  sys_stackheap_outer.o(.text)
    exit                                     0x000003a1   Thumb Code    18  exit.o(.text)
    __user_libspace                          0x000003b5   Thumb Code     8  libspace.o(.text)
    __user_perproc_libspace                  0x000003b5   Thumb Code     0  libspace.o(.text)
    __user_perthread_libspace                0x000003b5   Thumb Code     0  libspace.o(.text)
    _sys_exit                                0x000003bd   Thumb Code     8  sys_exit.o(.text)
    __I$use$semihosting                      0x000003c9   Thumb Code     0  use_no_semi.o(.text)
    __use_no_semihosting_swi                 0x000003c9   Thumb Code     2  use_no_semi.o(.text)
    __semihosting_library_function           0x000003cb   Thumb Code     0  indicate_semi.o(.text)
    ADC0_InSeq3                              0x000003cd   Thumb Code    38  adcswtrigger.o(i.ADC0_InSeq3)
    ADC0_InitSWTriggerSeq3                   0x000003f9   Thumb Code   976  adcswtrigger.o(i.ADC0_InitSWTriggerSeq3)
    ADC1_Init                                0x000007f1   Thumb Code   176  texas.o(i.ADC1_Init)
    DAC_Init                                 0x000008b9   Thumb Code    82  adctestmain.o(i.DAC_Init)
    DAC_Out                                  0x00000915   Thumb Code    34  adctestmain.o(i.DAC_Out)
    Delay1ms                                 0x0000093d   Thumb Code    32  adctestmain.o(i.Delay1ms)
    LaunchPad_Init                           0x0000095d   Thumb Code    80  launchpad.o(i.LaunchPad_Init)
    Output_Init                              0x000009c1   Thumb Code    16  adctestmain.o(i.Output_Init)
    PLL_Init                                 0x000009d1   Thumb Code   120  pll.o(i.PLL_Init)
    PeriodicTask2_Init                       0x00000a4d   Thumb Code   160  texas.o(i.PeriodicTask2_Init)
    Port_D_Init                              0x00000b05   Thumb Code   228  adctestmain.o(i.Port_D_Init)
    ST7735_Color565                          0x00000bfd   Thumb Code    24  adctestmain.o(i.ST7735_Color565)
    ST7735_DrawFastVLine                     0x00000c15   Thumb Code   120  adctestmain.o(i.ST7735_DrawFastVLine)
    ST7735_FillRect                          0x00000c95   Thumb Code   168  adctestmain.o(i.ST7735_FillRect)
    ST7735_FillScreen                        0x00000d45   Thumb Code    28  adctestmain.o(i.ST7735_FillScreen)
    ST7735_InitR                             0x00000d69   Thumb Code    90  adctestmain.o(i.ST7735_InitR)
    ST7735_PlotBar                           0x00000de5   Thumb Code    72  adctestmain.o(i.ST7735_PlotBar)
    ST7735_PlotClear                         0x00000e3d   Thumb Code    74  adctestmain.o(i.ST7735_PlotClear)
    ST7735_PlotNext                          0x00000e99   Thumb Code    28  adctestmain.o(i.ST7735_PlotNext)
    ST7735_SetCursor                         0x00000eb9   Thumb Code    22  adctestmain.o(i.ST7735_SetCursor)
    ScopeTask                                0x00000ed9   Thumb Code    12  adctestmain.o(i.ScopeTask)
    TExaS_SetTask                            0x00000eed   Thumb Code    40  texas.o(i.TExaS_SetTask)
    Timer0A_Handler                          0x00000f19   Thumb Code   300  adctestmain.o(i.Timer0A_Handler)
    Timer0A_Init100HzInt                     0x00001075   Thumb Code    98  adctestmain.o(i.Timer0A_Init100HzInt)
    Timer1_Init                              0x000010ed   Thumb Code    46  adctestmain.o(i.Timer1_Init)
    Timer3A_Handler                          0x00001125   Thumb Code     8  adctestmain.o(i.Timer3A_Handler)
    Timer3A_Init                             0x00001131   Thumb Code    68  adctestmain.o(i.Timer3A_Init)
    Timer5A_Handler                          0x00001185   Thumb Code    16  texas.o(i.Timer5A_Handler)
    UART_Init                                0x0000119d   Thumb Code   138  texas.o(i.UART_Init)
    graphResults                             0x00001435   Thumb Code    64  adctestmain.o(i.graphResults)
    main                                     0x00001479   Thumb Code   104  adctestmain.o(i.main)
    smallCircle                              0x00001b9e   Data          36  adctestmain.o(.constdata)
    circle                                   0x00001bc2   Data          60  adctestmain.o(.constdata)
    dBfs                                     0x00001bfe   Data         512  adctestmain.o(.constdata)
    Region$$Table$$Base                      0x00001e00   Number         0  anon$$obj.o(Region$$Table)
    Region$$Table$$Limit                     0x00001e20   Number         0  anon$$obj.o(Region$$Table)
    StX                                      0x20000000   Data           4  adctestmain.o(.data)
    StY                                      0x20000004   Data           4  adctestmain.o(.data)
    StTextColor                              0x20000008   Data           2  adctestmain.o(.data)
    Messageindex                             0x20000014   Data           4  adctestmain.o(.data)
    Ymax                                     0x20000018   Data           4  adctestmain.o(.data)
    Ymin                                     0x2000001c   Data           4  adctestmain.o(.data)
    X                                        0x20000020   Data           4  adctestmain.o(.data)
    Yrange                                   0x20000024   Data           4  adctestmain.o(.data)
    lastj                                    0x20000028   Data           4  adctestmain.o(.data)
    ADCPosition                              0x2000002c   Data           2  adctestmain.o(.data)
    smallestDiff                             0x20000030   Data           4  adctestmain.o(.data)
    largestDiff                              0x20000034   Data           4  adctestmain.o(.data)
    jitter                                   0x20000038   Data           4  adctestmain.o(.data)
    minVal                                   0x2000003c   Data           4  adctestmain.o(.data)
    maxVal                                   0x20000040   Data           4  adctestmain.o(.data)
    ADCvalue                                 0x20000044   Data           4  adctestmain.o(.data)
    LogicData                                0x20000048   Data           1  texas.o(.data)
    PeriodicTask2                            0x2000004c   Data           4  texas.o(.data)
    Message                                  0x20000050   Data          12  adctestmain.o(.bss)
    ADCMeasurements                          0x2000005c   Data        2000  adctestmain.o(.bss)
    ADCTimes                                 0x2000082c   Data        4000  adctestmain.o(.bss)
    PMF                                      0x200017cc   Data       16384  adctestmain.o(.bss)
    __libspace_start                         0x200057cc   Data          96  libspace.o(.bss)
    __temporary_stack_top$libspace           0x2000582c   Data           0  libspace.o(.bss)



==============================================================================

Memory Map of the image

  Image Entry point : 0x0000026d

  Load Region LR_1 (Base: 0x00000000, Size: 0x00001e70, Max: 0xffffffff, ABSOLUTE)

    Execution Region ER_RO (Exec base: 0x00000000, Load base: 0x00000000, Size: 0x00001e20, Max: 0xffffffff, ABSOLUTE)

    Exec Addr    Load Addr    Size         Type   Attr      Idx    E Section Name        Object

    0x00000000   0x00000000   0x00000284   Code   RO            3  * RESET               startup.o
    0x00000284   0x00000284   0x00000008   Code   RO          805  * !!!main             c_w.l(__main.o)
    0x0000028c   0x0000028c   0x00000034   Code   RO          964    !!!scatter          c_w.l(__scatter.o)
    0x000002c0   0x000002c0   0x0000001a   Code   RO          966    !!handler_copy      c_w.l(__scatter_copy.o)
    0x000002da   0x000002da   0x00000002   PAD
    0x000002dc   0x000002dc   0x0000001c   Code   RO          968    !!handler_zi        c_w.l(__scatter_zi.o)
    0x000002f8   0x000002f8   0x00000002   Code   RO          832    .ARM.Collect$$libinit$$00000000  c_w.l(libinit.o)
    0x000002fa   0x000002fa   0x00000000   Code   RO          839    .ARM.Collect$$libinit$$00000002  c_w.l(libinit2.o)
    0x000002fa   0x000002fa   0x00000000   Code   RO          841    .ARM.Collect$$libinit$$00000004  c_w.l(libinit2.o)
    0x000002fa   0x000002fa   0x00000000   Code   RO          844    .ARM.Collect$$libinit$$0000000A  c_w.l(libinit2.o)
    0x000002fa   0x000002fa   0x00000000   Code   RO          846    .ARM.Collect$$libinit$$0000000C  c_w.l(libinit2.o)
    0x000002fa   0x000002fa   0x00000000   Code   RO          848    .ARM.Collect$$libinit$$0000000E  c_w.l(libinit2.o)
    0x000002fa   0x000002fa   0x00000000   Code   RO          851    .ARM.Collect$$libinit$$00000011  c_w.l(libinit2.o)
    0x000002fa   0x000002fa   0x00000000   Code   RO          853    .ARM.Collect$$libinit$$00000013  c_w.l(libinit2.o)
    0x000002fa   0x000002fa   0x00000000   Code   RO          855    .ARM.Collect$$libinit$$00000015  c_w.l(libinit2.o)
    0x000002fa   0x000002fa   0x00000000   Code   RO          857    .ARM.Collect$$libinit$$00000017  c_w.l(libinit2.o)
    0x000002fa   0x000002fa   0x00000000   Code   RO          859    .ARM.Collect$$libinit$$00000019  c_w.l(libinit2.o)
    0x000002fa   0x000002fa   0x00000000   Code   RO          861    .ARM.Collect$$libinit$$0000001B  c_w.l(libinit2.o)
    0x000002fa   0x000002fa   0x00000000   Code   RO          863    .ARM.Collect$$libinit$$0000001D  c_w.l(libinit2.o)
    0x000002fa   0x000002fa   0x00000000   Code   RO          865    .ARM.Collect$$libinit$$0000001F  c_w.l(libinit2.o)
    0x000002fa   0x000002fa   0x00000000   Code   RO          867    .ARM.Collect$$libinit$$00000021  c_w.l(libinit2.o)
    0x000002fa   0x000002fa   0x00000000   Code   RO          869    .ARM.Collect$$libinit$$00000023  c_w.l(libinit2.o)
    0x000002fa   0x000002fa   0x00000000   Code   RO          871    .ARM.Collect$$libinit$$00000025  c_w.l(libinit2.o)
    0x000002fa   0x000002fa   0x00000000   Code   RO          875    .ARM.Collect$$libinit$$0000002C  c_w.l(libinit2.o)
    0x000002fa   0x000002fa   0x00000000   Code   RO          877    .ARM.Collect$$libinit$$0000002E  c_w.l(libinit2.o)
    0x000002fa   0x000002fa   0x00000000   Code   RO          879    .ARM.Collect$$libinit$$00000030  c_w.l(libinit2.o)
    0x000002fa   0x000002fa   0x00000000   Code   RO          881    .ARM.Collect$$libinit$$00000032  c_w.l(libinit2.o)
    0x000002fa   0x000002fa   0x00000002   Code   RO          882    .ARM.Collect$$libinit$$00000033  c_w.l(libinit2.o)
    0x000002fc   0x000002fc   0x00000002   Code   RO          902    .ARM.Collect$$libshutdown$$00000000  c_w.l(libshutdown.o)
    0x000002fe   0x000002fe   0x00000000   Code   RO          915    .ARM.Collect$$libshutdown$$00000002  c_w.l(libshutdown2.o)
    0x000002fe   0x000002fe   0x00000000   Code   RO          917    .ARM.Collect$$libshutdown$$00000004  c_w.l(libshutdown2.o)
    0x000002fe   0x000002fe   0x00000000   Code   RO          919    .ARM.Collect$$libshutdown$$00000006  c_w.l(libshutdown2.o)
    0x000002fe   0x000002fe   0x00000000   Code   RO          922    .ARM.Collect$$libshutdown$$00000009  c_w.l(libshutdown2.o)
    0x000002fe   0x000002fe   0x00000000   Code   RO          925    .ARM.Collect$$libshutdown$$0000000C  c_w.l(libshutdown2.o)
    0x000002fe   0x000002fe   0x00000000   Code   RO          927    .ARM.Collect$$libshutdown$$0000000E  c_w.l(libshutdown2.o)
    0x000002fe   0x000002fe   0x00000000   Code   RO          930    .ARM.Collect$$libshutdown$$00000011  c_w.l(libshutdown2.o)
    0x000002fe   0x000002fe   0x00000002   Code   RO          931    .ARM.Collect$$libshutdown$$00000012  c_w.l(libshutdown2.o)
    0x00000300   0x00000300   0x00000000   Code   RO          807    .ARM.Collect$$rtentry$$00000000  c_w.l(__rtentry.o)
    0x00000300   0x00000300   0x00000000   Code   RO          809    .ARM.Collect$$rtentry$$00000002  c_w.l(__rtentry2.o)
    0x00000300   0x00000300   0x00000006   Code   RO          821    .ARM.Collect$$rtentry$$00000004  c_w.l(__rtentry4.o)
    0x00000306   0x00000306   0x00000000   Code   RO          811    .ARM.Collect$$rtentry$$00000009  c_w.l(__rtentry2.o)
    0x00000306   0x00000306   0x00000004   Code   RO          812    .ARM.Collect$$rtentry$$0000000A  c_w.l(__rtentry2.o)
    0x0000030a   0x0000030a   0x00000000   Code   RO          814    .ARM.Collect$$rtentry$$0000000C  c_w.l(__rtentry2.o)
    0x0000030a   0x0000030a   0x00000008   Code   RO          815    .ARM.Collect$$rtentry$$0000000D  c_w.l(__rtentry2.o)
    0x00000312   0x00000312   0x00000002   Code   RO          836    .ARM.Collect$$rtexit$$00000000  c_w.l(rtexit.o)
    0x00000314   0x00000314   0x00000000   Code   RO          884    .ARM.Collect$$rtexit$$00000002  c_w.l(rtexit2.o)
    0x00000314   0x00000314   0x00000004   Code   RO          885    .ARM.Collect$$rtexit$$00000003  c_w.l(rtexit2.o)
    0x00000318   0x00000318   0x00000006   Code   RO          886    .ARM.Collect$$rtexit$$00000004  c_w.l(rtexit2.o)
    0x0000031e   0x0000031e   0x00000002   PAD
    0x00000320   0x00000320   0x00000030   Code   RO            4    .text               startup.o
    0x00000350   0x00000350   0x00000006   Code   RO          803    .text               c_w.l(heapauxi.o)
    0x00000356   0x00000356   0x0000004a   Code   RO          823    .text               c_w.l(sys_stackheap_outer.o)
    0x000003a0   0x000003a0   0x00000012   Code   RO          825    .text               c_w.l(exit.o)
    0x000003b2   0x000003b2   0x00000002   PAD
    0x000003b4   0x000003b4   0x00000008   Code   RO          833    .text               c_w.l(libspace.o)
    0x000003bc   0x000003bc   0x0000000c   Code   RO          894    .text               c_w.l(sys_exit.o)
    0x000003c8   0x000003c8   0x00000002   Code   RO          905    .text               c_w.l(use_no_semi.o)
    0x000003ca   0x000003ca   0x00000000   Code   RO          907    .text               c_w.l(indicate_semi.o)
    0x000003ca   0x000003ca   0x00000002   PAD
    0x000003cc   0x000003cc   0x0000002c   Code   RO          475    i.ADC0_InSeq3       adcswtrigger.o
    0x000003f8   0x000003f8   0x000003f8   Code   RO          478    i.ADC0_InitSWTriggerSeq3  adcswtrigger.o
    0x000007f0   0x000007f0   0x000000c8   Code   RO          591    i.ADC1_Init         texas.o
    0x000008b8   0x000008b8   0x0000005c   Code   RO           12    i.DAC_Init          adctestmain.o
    0x00000914   0x00000914   0x00000028   Code   RO           13    i.DAC_Out           adctestmain.o
    0x0000093c   0x0000093c   0x00000020   Code   RO           14    i.Delay1ms          adctestmain.o
    0x0000095c   0x0000095c   0x00000064   Code   RO          573    i.LaunchPad_Init    launchpad.o
    0x000009c0   0x000009c0   0x00000010   Code   RO           18    i.Output_Init       adctestmain.o
    0x000009d0   0x000009d0   0x0000007c   Code   RO          558    i.PLL_Init          pll.o
    0x00000a4c   0x00000a4c   0x000000b8   Code   RO          593    i.PeriodicTask2_Init  texas.o
    0x00000b04   0x00000b04   0x000000f8   Code   RO           21    i.Port_D_Init       adctestmain.o
    0x00000bfc   0x00000bfc   0x00000018   Code   RO           22    i.ST7735_Color565   adctestmain.o
    0x00000c14   0x00000c14   0x00000080   Code   RO           28    i.ST7735_DrawFastVLine  adctestmain.o
    0x00000c94   0x00000c94   0x000000b0   Code   RO           32    i.ST7735_FillRect   adctestmain.o
    0x00000d44   0x00000d44   0x00000024   Code   RO           33    i.ST7735_FillScreen  adctestmain.o
    0x00000d68   0x00000d68   0x0000007c   Code   RO           35    i.ST7735_InitR      adctestmain.o
    0x00000de4   0x00000de4   0x00000058   Code   RO           43    i.ST7735_PlotBar    adctestmain.o
    0x00000e3c   0x00000e3c   0x0000005c   Code   RO           44    i.ST7735_PlotClear  adctestmain.o
    0x00000e98   0x00000e98   0x00000020   Code   RO           46    i.ST7735_PlotNext   adctestmain.o
    0x00000eb8   0x00000eb8   0x00000020   Code   RO           51    i.ST7735_SetCursor  adctestmain.o
    0x00000ed8   0x00000ed8   0x00000014   Code   RO           60    i.ScopeTask         adctestmain.o
    0x00000eec   0x00000eec   0x0000002c   Code   RO          611    i.TExaS_SetTask     texas.o
    0x00000f18   0x00000f18   0x0000015c   Code   RO           61    i.Timer0A_Handler   adctestmain.o
    0x00001074   0x00001074   0x00000078   Code   RO           62    i.Timer0A_Init100HzInt  adctestmain.o
    0x000010ec   0x000010ec   0x00000038   Code   RO           63    i.Timer1_Init       adctestmain.o
    0x00001124   0x00001124   0x0000000c   Code   RO           64    i.Timer3A_Handler   adctestmain.o
    0x00001130   0x00001130   0x00000054   Code   RO           65    i.Timer3A_Init      adctestmain.o
    0x00001184   0x00001184   0x00000018   Code   RO          620    i.Timer5A_Handler   texas.o
    0x0000119c   0x0000119c   0x0000009c   Code   RO          622    i.UART_Init         texas.o
    0x00001238   0x00001238   0x00000056   Code   RO           66    i.commandList       adctestmain.o
    0x0000128e   0x0000128e   0x00000002   PAD
    0x00001290   0x00001290   0x00000188   Code   RO           67    i.commonInit        adctestmain.o
    0x00001418   0x00001418   0x0000001c   Code   RO           68    i.deselect          adctestmain.o
    0x00001434   0x00001434   0x00000044   Code   RO           75    i.graphResults      adctestmain.o
    0x00001478   0x00001478   0x00000074   Code   RO           76    i.main              adctestmain.o
    0x000014ec   0x000014ec   0x00000074   Code   RO           80    i.setAddrWindow     adctestmain.o
    0x00001560   0x00001560   0x00000038   Code   RO           81    i.writecommand      adctestmain.o
    0x00001598   0x00001598   0x00000024   Code   RO           82    i.writedata         adctestmain.o
    0x000015bc   0x000015bc   0x00000842   Data   RO           84    .constdata          adctestmain.o
    0x00001dfe   0x00001dfe   0x00000002   PAD
    0x00001e00   0x00001e00   0x00000020   Data   RO          962    Region$$Table       anon$$obj.o


    Execution Region ER_RW (Exec base: 0x20000000, Load base: 0x00001e20, Size: 0x00000050, Max: 0xffffffff, ABSOLUTE)

    Exec Addr    Load Addr    Size         Type   Attr      Idx    E Section Name        Object

    0x20000000   0x00001e20   0x00000048   Data   RW           85    .data               adctestmain.o
    0x20000048   0x00001e68   0x00000008   Data   RW          624    .data               texas.o


    Execution Region ER_ZI (Exec base: 0x20000050, Load base: 0x00001e70, Size: 0x00005be0, Max: 0xffffffff, ABSOLUTE)

    Exec Addr    Load Addr    Size         Type   Attr      Idx    E Section Name        Object

    0x20000050        -       0x0000577c   Zero   RW           83    .bss                adctestmain.o
    0x200057cc        -       0x00000060   Zero   RW          834    .bss                c_w.l(libspace.o)
    0x2000582c   0x00001e70   0x00000004   PAD
    0x20005830        -       0x00000000   Zero   RW            2    HEAP                startup.o
    0x20005830        -       0x00000400   Zero   RW            1    STACK               startup.o


==============================================================================

Image component sizes


      Code (inc. data)   RO Data    RW Data    ZI Data      Debug   Object Name

      1060         70          0          0          0       1331   adcswtrigger.o
      2698        350       2114         72      22396      23761   adctestmain.o
       100         20          0          0          0        437   launchpad.o
       124          4          0          0          0        451   pll.o
       692        632          0          0       1024        956   startup.o
       608         78          0          8          0       3457   texas.o

    ----------------------------------------------------------------------
      5284       1154       2148         80      23420      30393   Object Totals
         0          0         32          0          0          0   (incl. Generated)
         2          0          2          0          0          0   (incl. Padding)

    ----------------------------------------------------------------------

      Code (inc. data)   RO Data    RW Data    ZI Data      Debug   Library Member Name

         8          0          0          0          0         68   __main.o
         0          0          0          0          0          0   __rtentry.o
        12          0          0          0          0          0   __rtentry2.o
         6          0          0          0          0          0   __rtentry4.o
        52          8          0          0          0          0   __scatter.o
        26          0          0          0          0          0   __scatter_copy.o
        28          0          0          0          0          0   __scatter_zi.o
        18          0          0          0          0         80   exit.o
         6          0          0          0          0        152   heapauxi.o
         0          0          0          0          0          0   indicate_semi.o
         2          0          0          0          0          0   libinit.o
         2          0          0          0          0          0   libinit2.o
         2          0          0          0          0          0   libshutdown.o
         2          0          0          0          0          0   libshutdown2.o
         8          4          0          0         96         68   libspace.o
         2          0          0          0          0          0   rtexit.o
        10          0          0          0          0          0   rtexit2.o
        12          4          0          0          0         68   sys_exit.o
        74          0          0          0          0         80   sys_stackheap_outer.o
         2          0          0          0          0         68   use_no_semi.o

    ----------------------------------------------------------------------
       280         16          0          0        100        584   Library Totals
         8          0          0          0          4          0   (incl. Padding)

    ----------------------------------------------------------------------

      Code (inc. data)   RO Data    RW Data    ZI Data      Debug   Library Name

       272         16          0          0         96        584   c_w.l

    ----------------------------------------------------------------------
       280         16          0          0        100        584   Library Totals

    ----------------------------------------------------------------------

==============================================================================


      Code (inc. data)   RO Data    RW Data    ZI Data      Debug   

      5564       1170       2148         80      23520      29101   Grand Totals
      5564       1170       2148         80      23520      29101   ELF Image Totals
      5564       1170       2148         80          0          0   ROM Totals

==============================================================================

    Total RO  Size (Code + RO Data)                 7712 (   7.53kB)
    Total RW  Size (RW Data + ZI Data)             23600 (  23.05kB)
    Total ROM Size (Code + RO Data + RW Data)       7792 (   7.61kB)

==============================================================================

